[2025-06-07T03:18:54.873+0000] {processor.py:157} INFO - Started process (PID=48) to work on /home/airflow/.local/lib/python3.8/site-packages/airflow/example_dags/example_local_kubernetes_executor.py
[2025-06-07T03:18:54.873+0000] {processor.py:829} INFO - Processing file /home/airflow/.local/lib/python3.8/site-packages/airflow/example_dags/example_local_kubernetes_executor.py for tasks to queue
[2025-06-07T03:18:54.875+0000] {logging_mixin.py:151} INFO - [2025-06-07T03:18:54.875+0000] {dagbag.py:539} INFO - Filling up the DagBag from /home/airflow/.local/lib/python3.8/site-packages/airflow/example_dags/example_local_kubernetes_executor.py
[2025-06-07T03:18:55.552+0000] {processor.py:839} INFO - DAG(s) dict_keys(['example_local_kubernetes_executor']) retrieved from /home/airflow/.local/lib/python3.8/site-packages/airflow/example_dags/example_local_kubernetes_executor.py
[2025-06-07T03:18:55.567+0000] {logging_mixin.py:151} INFO - [2025-06-07T03:18:55.567+0000] {dag.py:2915} INFO - Sync 1 DAGs
[2025-06-07T03:18:55.576+0000] {logging_mixin.py:151} INFO - [2025-06-07T03:18:55.575+0000] {dag.py:3696} INFO - Setting next_dagrun for example_local_kubernetes_executor to None, run_after=None
[2025-06-07T03:18:55.584+0000] {processor.py:179} INFO - Processing /home/airflow/.local/lib/python3.8/site-packages/airflow/example_dags/example_local_kubernetes_executor.py took 0.714 seconds
[2025-06-07T03:19:25.628+0000] {processor.py:157} INFO - Started process (PID=114) to work on /home/airflow/.local/lib/python3.8/site-packages/airflow/example_dags/example_local_kubernetes_executor.py
[2025-06-07T03:19:25.629+0000] {processor.py:829} INFO - Processing file /home/airflow/.local/lib/python3.8/site-packages/airflow/example_dags/example_local_kubernetes_executor.py for tasks to queue
[2025-06-07T03:19:25.630+0000] {logging_mixin.py:151} INFO - [2025-06-07T03:19:25.629+0000] {dagbag.py:539} INFO - Filling up the DagBag from /home/airflow/.local/lib/python3.8/site-packages/airflow/example_dags/example_local_kubernetes_executor.py
[2025-06-07T03:19:25.723+0000] {processor.py:839} INFO - DAG(s) dict_keys(['example_local_kubernetes_executor']) retrieved from /home/airflow/.local/lib/python3.8/site-packages/airflow/example_dags/example_local_kubernetes_executor.py
[2025-06-07T03:19:25.749+0000] {logging_mixin.py:151} INFO - [2025-06-07T03:19:25.749+0000] {dag.py:2915} INFO - Sync 1 DAGs
[2025-06-07T03:19:25.754+0000] {logging_mixin.py:151} INFO - [2025-06-07T03:19:25.754+0000] {dag.py:3696} INFO - Setting next_dagrun for example_local_kubernetes_executor to None, run_after=None
[2025-06-07T03:19:25.762+0000] {processor.py:179} INFO - Processing /home/airflow/.local/lib/python3.8/site-packages/airflow/example_dags/example_local_kubernetes_executor.py took 0.135 seconds
[2025-06-07T03:19:55.924+0000] {processor.py:157} INFO - Started process (PID=156) to work on /home/airflow/.local/lib/python3.8/site-packages/airflow/example_dags/example_local_kubernetes_executor.py
[2025-06-07T03:19:55.925+0000] {processor.py:829} INFO - Processing file /home/airflow/.local/lib/python3.8/site-packages/airflow/example_dags/example_local_kubernetes_executor.py for tasks to queue
[2025-06-07T03:19:55.927+0000] {logging_mixin.py:151} INFO - [2025-06-07T03:19:55.926+0000] {dagbag.py:539} INFO - Filling up the DagBag from /home/airflow/.local/lib/python3.8/site-packages/airflow/example_dags/example_local_kubernetes_executor.py
[2025-06-07T03:19:56.023+0000] {processor.py:839} INFO - DAG(s) dict_keys(['example_local_kubernetes_executor']) retrieved from /home/airflow/.local/lib/python3.8/site-packages/airflow/example_dags/example_local_kubernetes_executor.py
[2025-06-07T03:19:56.034+0000] {logging_mixin.py:151} INFO - [2025-06-07T03:19:56.034+0000] {dag.py:2915} INFO - Sync 1 DAGs
[2025-06-07T03:19:56.038+0000] {logging_mixin.py:151} INFO - [2025-06-07T03:19:56.038+0000] {dag.py:3696} INFO - Setting next_dagrun for example_local_kubernetes_executor to None, run_after=None
[2025-06-07T03:19:56.044+0000] {processor.py:179} INFO - Processing /home/airflow/.local/lib/python3.8/site-packages/airflow/example_dags/example_local_kubernetes_executor.py took 0.124 seconds
[2025-06-07T03:20:26.536+0000] {processor.py:157} INFO - Started process (PID=210) to work on /home/airflow/.local/lib/python3.8/site-packages/airflow/example_dags/example_local_kubernetes_executor.py
[2025-06-07T03:20:26.540+0000] {processor.py:829} INFO - Processing file /home/airflow/.local/lib/python3.8/site-packages/airflow/example_dags/example_local_kubernetes_executor.py for tasks to queue
[2025-06-07T03:20:26.543+0000] {logging_mixin.py:151} INFO - [2025-06-07T03:20:26.542+0000] {dagbag.py:539} INFO - Filling up the DagBag from /home/airflow/.local/lib/python3.8/site-packages/airflow/example_dags/example_local_kubernetes_executor.py
[2025-06-07T03:20:26.647+0000] {processor.py:839} INFO - DAG(s) dict_keys(['example_local_kubernetes_executor']) retrieved from /home/airflow/.local/lib/python3.8/site-packages/airflow/example_dags/example_local_kubernetes_executor.py
[2025-06-07T03:20:26.661+0000] {logging_mixin.py:151} INFO - [2025-06-07T03:20:26.661+0000] {dag.py:2915} INFO - Sync 1 DAGs
[2025-06-07T03:20:26.665+0000] {logging_mixin.py:151} INFO - [2025-06-07T03:20:26.665+0000] {dag.py:3696} INFO - Setting next_dagrun for example_local_kubernetes_executor to None, run_after=None
[2025-06-07T03:20:26.675+0000] {processor.py:179} INFO - Processing /home/airflow/.local/lib/python3.8/site-packages/airflow/example_dags/example_local_kubernetes_executor.py took 0.144 seconds
[2025-06-07T03:20:56.948+0000] {processor.py:157} INFO - Started process (PID=264) to work on /home/airflow/.local/lib/python3.8/site-packages/airflow/example_dags/example_local_kubernetes_executor.py
[2025-06-07T03:20:56.949+0000] {processor.py:829} INFO - Processing file /home/airflow/.local/lib/python3.8/site-packages/airflow/example_dags/example_local_kubernetes_executor.py for tasks to queue
[2025-06-07T03:20:56.951+0000] {logging_mixin.py:151} INFO - [2025-06-07T03:20:56.951+0000] {dagbag.py:539} INFO - Filling up the DagBag from /home/airflow/.local/lib/python3.8/site-packages/airflow/example_dags/example_local_kubernetes_executor.py
[2025-06-07T03:20:57.054+0000] {processor.py:839} INFO - DAG(s) dict_keys(['example_local_kubernetes_executor']) retrieved from /home/airflow/.local/lib/python3.8/site-packages/airflow/example_dags/example_local_kubernetes_executor.py
[2025-06-07T03:20:57.066+0000] {logging_mixin.py:151} INFO - [2025-06-07T03:20:57.066+0000] {dag.py:2915} INFO - Sync 1 DAGs
[2025-06-07T03:20:57.071+0000] {logging_mixin.py:151} INFO - [2025-06-07T03:20:57.071+0000] {dag.py:3696} INFO - Setting next_dagrun for example_local_kubernetes_executor to None, run_after=None
[2025-06-07T03:20:57.079+0000] {processor.py:179} INFO - Processing /home/airflow/.local/lib/python3.8/site-packages/airflow/example_dags/example_local_kubernetes_executor.py took 0.134 seconds
