[2025-06-07T03:18:56.129+0000] {processor.py:157} INFO - Started process (PID=79) to work on /home/airflow/.local/lib/python3.8/site-packages/airflow/example_dags/example_short_circuit_operator.py
[2025-06-07T03:18:56.130+0000] {processor.py:829} INFO - Processing file /home/airflow/.local/lib/python3.8/site-packages/airflow/example_dags/example_short_circuit_operator.py for tasks to queue
[2025-06-07T03:18:56.131+0000] {logging_mixin.py:151} INFO - [2025-06-07T03:18:56.131+0000] {dagbag.py:539} INFO - Filling up the DagBag from /home/airflow/.local/lib/python3.8/site-packages/airflow/example_dags/example_short_circuit_operator.py
[2025-06-07T03:18:56.135+0000] {processor.py:839} INFO - DAG(s) dict_keys(['example_short_circuit_operator']) retrieved from /home/airflow/.local/lib/python3.8/site-packages/airflow/example_dags/example_short_circuit_operator.py
[2025-06-07T03:18:56.141+0000] {logging_mixin.py:151} INFO - [2025-06-07T03:18:56.141+0000] {dag.py:2915} INFO - Sync 1 DAGs
[2025-06-07T03:18:56.154+0000] {logging_mixin.py:151} INFO - [2025-06-07T03:18:56.154+0000] {dag.py:3696} INFO - Setting next_dagrun for example_short_circuit_operator to 2025-06-06T03:18:56.154166+00:00, run_after=2025-06-07T03:18:56.154166+00:00
[2025-06-07T03:18:56.165+0000] {processor.py:179} INFO - Processing /home/airflow/.local/lib/python3.8/site-packages/airflow/example_dags/example_short_circuit_operator.py took 0.038 seconds
[2025-06-07T03:19:26.194+0000] {processor.py:157} INFO - Started process (PID=133) to work on /home/airflow/.local/lib/python3.8/site-packages/airflow/example_dags/example_short_circuit_operator.py
[2025-06-07T03:19:26.194+0000] {processor.py:829} INFO - Processing file /home/airflow/.local/lib/python3.8/site-packages/airflow/example_dags/example_short_circuit_operator.py for tasks to queue
[2025-06-07T03:19:26.195+0000] {logging_mixin.py:151} INFO - [2025-06-07T03:19:26.195+0000] {dagbag.py:539} INFO - Filling up the DagBag from /home/airflow/.local/lib/python3.8/site-packages/airflow/example_dags/example_short_circuit_operator.py
[2025-06-07T03:19:26.198+0000] {processor.py:839} INFO - DAG(s) dict_keys(['example_short_circuit_operator']) retrieved from /home/airflow/.local/lib/python3.8/site-packages/airflow/example_dags/example_short_circuit_operator.py
[2025-06-07T03:19:26.208+0000] {logging_mixin.py:151} INFO - [2025-06-07T03:19:26.208+0000] {dag.py:2915} INFO - Sync 1 DAGs
[2025-06-07T03:19:26.216+0000] {logging_mixin.py:151} INFO - [2025-06-07T03:19:26.216+0000] {dag.py:3696} INFO - Setting next_dagrun for example_short_circuit_operator to 2025-06-06T03:19:26.216576+00:00, run_after=2025-06-07T03:19:26.216576+00:00
[2025-06-07T03:19:26.223+0000] {processor.py:179} INFO - Processing /home/airflow/.local/lib/python3.8/site-packages/airflow/example_dags/example_short_circuit_operator.py took 0.031 seconds
[2025-06-07T03:19:56.868+0000] {processor.py:157} INFO - Started process (PID=187) to work on /home/airflow/.local/lib/python3.8/site-packages/airflow/example_dags/example_short_circuit_operator.py
[2025-06-07T03:19:56.868+0000] {processor.py:829} INFO - Processing file /home/airflow/.local/lib/python3.8/site-packages/airflow/example_dags/example_short_circuit_operator.py for tasks to queue
[2025-06-07T03:19:56.869+0000] {logging_mixin.py:151} INFO - [2025-06-07T03:19:56.869+0000] {dagbag.py:539} INFO - Filling up the DagBag from /home/airflow/.local/lib/python3.8/site-packages/airflow/example_dags/example_short_circuit_operator.py
[2025-06-07T03:19:56.872+0000] {processor.py:839} INFO - DAG(s) dict_keys(['example_short_circuit_operator']) retrieved from /home/airflow/.local/lib/python3.8/site-packages/airflow/example_dags/example_short_circuit_operator.py
[2025-06-07T03:19:56.885+0000] {logging_mixin.py:151} INFO - [2025-06-07T03:19:56.885+0000] {dag.py:2915} INFO - Sync 1 DAGs
[2025-06-07T03:19:56.894+0000] {logging_mixin.py:151} INFO - [2025-06-07T03:19:56.894+0000] {dag.py:3696} INFO - Setting next_dagrun for example_short_circuit_operator to 2025-06-06T03:19:56.894185+00:00, run_after=2025-06-07T03:19:56.894185+00:00
[2025-06-07T03:19:56.906+0000] {processor.py:179} INFO - Processing /home/airflow/.local/lib/python3.8/site-packages/airflow/example_dags/example_short_circuit_operator.py took 0.039 seconds
[2025-06-07T03:20:27.350+0000] {processor.py:157} INFO - Started process (PID=241) to work on /home/airflow/.local/lib/python3.8/site-packages/airflow/example_dags/example_short_circuit_operator.py
[2025-06-07T03:20:27.350+0000] {processor.py:829} INFO - Processing file /home/airflow/.local/lib/python3.8/site-packages/airflow/example_dags/example_short_circuit_operator.py for tasks to queue
[2025-06-07T03:20:27.351+0000] {logging_mixin.py:151} INFO - [2025-06-07T03:20:27.351+0000] {dagbag.py:539} INFO - Filling up the DagBag from /home/airflow/.local/lib/python3.8/site-packages/airflow/example_dags/example_short_circuit_operator.py
[2025-06-07T03:20:27.354+0000] {processor.py:839} INFO - DAG(s) dict_keys(['example_short_circuit_operator']) retrieved from /home/airflow/.local/lib/python3.8/site-packages/airflow/example_dags/example_short_circuit_operator.py
[2025-06-07T03:20:27.364+0000] {logging_mixin.py:151} INFO - [2025-06-07T03:20:27.364+0000] {dag.py:2915} INFO - Sync 1 DAGs
[2025-06-07T03:20:27.374+0000] {logging_mixin.py:151} INFO - [2025-06-07T03:20:27.374+0000] {dag.py:3696} INFO - Setting next_dagrun for example_short_circuit_operator to 2025-06-06T03:20:27.374014+00:00, run_after=2025-06-07T03:20:27.374014+00:00
[2025-06-07T03:20:27.384+0000] {processor.py:179} INFO - Processing /home/airflow/.local/lib/python3.8/site-packages/airflow/example_dags/example_short_circuit_operator.py took 0.035 seconds
[2025-06-07T03:20:57.724+0000] {processor.py:157} INFO - Started process (PID=295) to work on /home/airflow/.local/lib/python3.8/site-packages/airflow/example_dags/example_short_circuit_operator.py
[2025-06-07T03:20:57.725+0000] {processor.py:829} INFO - Processing file /home/airflow/.local/lib/python3.8/site-packages/airflow/example_dags/example_short_circuit_operator.py for tasks to queue
[2025-06-07T03:20:57.727+0000] {logging_mixin.py:151} INFO - [2025-06-07T03:20:57.727+0000] {dagbag.py:539} INFO - Filling up the DagBag from /home/airflow/.local/lib/python3.8/site-packages/airflow/example_dags/example_short_circuit_operator.py
[2025-06-07T03:20:57.730+0000] {processor.py:839} INFO - DAG(s) dict_keys(['example_short_circuit_operator']) retrieved from /home/airflow/.local/lib/python3.8/site-packages/airflow/example_dags/example_short_circuit_operator.py
[2025-06-07T03:20:57.741+0000] {logging_mixin.py:151} INFO - [2025-06-07T03:20:57.741+0000] {dag.py:2915} INFO - Sync 1 DAGs
[2025-06-07T03:20:57.750+0000] {logging_mixin.py:151} INFO - [2025-06-07T03:20:57.750+0000] {dag.py:3696} INFO - Setting next_dagrun for example_short_circuit_operator to 2025-06-06T03:20:57.750524+00:00, run_after=2025-06-07T03:20:57.750524+00:00
[2025-06-07T03:20:57.758+0000] {processor.py:179} INFO - Processing /home/airflow/.local/lib/python3.8/site-packages/airflow/example_dags/example_short_circuit_operator.py took 0.035 seconds
