[2025-06-07T03:18:55.430+0000] {processor.py:157} INFO - Started process (PID=59) to work on /home/airflow/.local/lib/python3.8/site-packages/airflow/example_dags/example_task_group_decorator.py
[2025-06-07T03:18:55.430+0000] {processor.py:829} INFO - Processing file /home/airflow/.local/lib/python3.8/site-packages/airflow/example_dags/example_task_group_decorator.py for tasks to queue
[2025-06-07T03:18:55.432+0000] {logging_mixin.py:151} INFO - [2025-06-07T03:18:55.432+0000] {dagbag.py:539} INFO - Filling up the DagBag from /home/airflow/.local/lib/python3.8/site-packages/airflow/example_dags/example_task_group_decorator.py
[2025-06-07T03:18:55.443+0000] {processor.py:839} INFO - DAG(s) dict_keys(['example_task_group_decorator']) retrieved from /home/airflow/.local/lib/python3.8/site-packages/airflow/example_dags/example_task_group_decorator.py
[2025-06-07T03:18:55.451+0000] {logging_mixin.py:151} INFO - [2025-06-07T03:18:55.450+0000] {dag.py:2915} INFO - Sync 1 DAGs
[2025-06-07T03:18:55.463+0000] {logging_mixin.py:151} INFO - [2025-06-07T03:18:55.463+0000] {dag.py:3696} INFO - Setting next_dagrun for example_task_group_decorator to 2025-06-06T03:18:55.463361+00:00, run_after=2025-06-07T03:18:55.463361+00:00
[2025-06-07T03:18:55.474+0000] {processor.py:179} INFO - Processing /home/airflow/.local/lib/python3.8/site-packages/airflow/example_dags/example_task_group_decorator.py took 0.046 seconds
[2025-06-07T03:19:25.590+0000] {processor.py:157} INFO - Started process (PID=112) to work on /home/airflow/.local/lib/python3.8/site-packages/airflow/example_dags/example_task_group_decorator.py
[2025-06-07T03:19:25.591+0000] {processor.py:829} INFO - Processing file /home/airflow/.local/lib/python3.8/site-packages/airflow/example_dags/example_task_group_decorator.py for tasks to queue
[2025-06-07T03:19:25.591+0000] {logging_mixin.py:151} INFO - [2025-06-07T03:19:25.591+0000] {dagbag.py:539} INFO - Filling up the DagBag from /home/airflow/.local/lib/python3.8/site-packages/airflow/example_dags/example_task_group_decorator.py
[2025-06-07T03:19:25.596+0000] {processor.py:839} INFO - DAG(s) dict_keys(['example_task_group_decorator']) retrieved from /home/airflow/.local/lib/python3.8/site-packages/airflow/example_dags/example_task_group_decorator.py
[2025-06-07T03:19:25.606+0000] {logging_mixin.py:151} INFO - [2025-06-07T03:19:25.606+0000] {dag.py:2915} INFO - Sync 1 DAGs
[2025-06-07T03:19:25.614+0000] {logging_mixin.py:151} INFO - [2025-06-07T03:19:25.614+0000] {dag.py:3696} INFO - Setting next_dagrun for example_task_group_decorator to 2025-06-06T03:19:25.614246+00:00, run_after=2025-06-07T03:19:25.614246+00:00
[2025-06-07T03:19:25.620+0000] {processor.py:179} INFO - Processing /home/airflow/.local/lib/python3.8/site-packages/airflow/example_dags/example_task_group_decorator.py took 0.031 seconds
[2025-06-07T03:19:56.328+0000] {processor.py:157} INFO - Started process (PID=167) to work on /home/airflow/.local/lib/python3.8/site-packages/airflow/example_dags/example_task_group_decorator.py
[2025-06-07T03:19:56.328+0000] {processor.py:829} INFO - Processing file /home/airflow/.local/lib/python3.8/site-packages/airflow/example_dags/example_task_group_decorator.py for tasks to queue
[2025-06-07T03:19:56.329+0000] {logging_mixin.py:151} INFO - [2025-06-07T03:19:56.329+0000] {dagbag.py:539} INFO - Filling up the DagBag from /home/airflow/.local/lib/python3.8/site-packages/airflow/example_dags/example_task_group_decorator.py
[2025-06-07T03:19:56.335+0000] {processor.py:839} INFO - DAG(s) dict_keys(['example_task_group_decorator']) retrieved from /home/airflow/.local/lib/python3.8/site-packages/airflow/example_dags/example_task_group_decorator.py
[2025-06-07T03:19:56.349+0000] {logging_mixin.py:151} INFO - [2025-06-07T03:19:56.349+0000] {dag.py:2915} INFO - Sync 1 DAGs
[2025-06-07T03:19:56.359+0000] {logging_mixin.py:151} INFO - [2025-06-07T03:19:56.359+0000] {dag.py:3696} INFO - Setting next_dagrun for example_task_group_decorator to 2025-06-06T03:19:56.359625+00:00, run_after=2025-06-07T03:19:56.359625+00:00
[2025-06-07T03:19:56.368+0000] {processor.py:179} INFO - Processing /home/airflow/.local/lib/python3.8/site-packages/airflow/example_dags/example_task_group_decorator.py took 0.042 seconds
[2025-06-07T03:20:26.860+0000] {processor.py:157} INFO - Started process (PID=221) to work on /home/airflow/.local/lib/python3.8/site-packages/airflow/example_dags/example_task_group_decorator.py
[2025-06-07T03:20:26.861+0000] {processor.py:829} INFO - Processing file /home/airflow/.local/lib/python3.8/site-packages/airflow/example_dags/example_task_group_decorator.py for tasks to queue
[2025-06-07T03:20:26.862+0000] {logging_mixin.py:151} INFO - [2025-06-07T03:20:26.862+0000] {dagbag.py:539} INFO - Filling up the DagBag from /home/airflow/.local/lib/python3.8/site-packages/airflow/example_dags/example_task_group_decorator.py
[2025-06-07T03:20:26.868+0000] {processor.py:839} INFO - DAG(s) dict_keys(['example_task_group_decorator']) retrieved from /home/airflow/.local/lib/python3.8/site-packages/airflow/example_dags/example_task_group_decorator.py
[2025-06-07T03:20:26.877+0000] {logging_mixin.py:151} INFO - [2025-06-07T03:20:26.877+0000] {dag.py:2915} INFO - Sync 1 DAGs
[2025-06-07T03:20:26.885+0000] {logging_mixin.py:151} INFO - [2025-06-07T03:20:26.885+0000] {dag.py:3696} INFO - Setting next_dagrun for example_task_group_decorator to 2025-06-06T03:20:26.885199+00:00, run_after=2025-06-07T03:20:26.885199+00:00
[2025-06-07T03:20:26.894+0000] {processor.py:179} INFO - Processing /home/airflow/.local/lib/python3.8/site-packages/airflow/example_dags/example_task_group_decorator.py took 0.034 seconds
[2025-06-07T03:20:57.259+0000] {processor.py:157} INFO - Started process (PID=275) to work on /home/airflow/.local/lib/python3.8/site-packages/airflow/example_dags/example_task_group_decorator.py
[2025-06-07T03:20:57.259+0000] {processor.py:829} INFO - Processing file /home/airflow/.local/lib/python3.8/site-packages/airflow/example_dags/example_task_group_decorator.py for tasks to queue
[2025-06-07T03:20:57.260+0000] {logging_mixin.py:151} INFO - [2025-06-07T03:20:57.260+0000] {dagbag.py:539} INFO - Filling up the DagBag from /home/airflow/.local/lib/python3.8/site-packages/airflow/example_dags/example_task_group_decorator.py
[2025-06-07T03:20:57.264+0000] {processor.py:839} INFO - DAG(s) dict_keys(['example_task_group_decorator']) retrieved from /home/airflow/.local/lib/python3.8/site-packages/airflow/example_dags/example_task_group_decorator.py
[2025-06-07T03:20:57.274+0000] {logging_mixin.py:151} INFO - [2025-06-07T03:20:57.274+0000] {dag.py:2915} INFO - Sync 1 DAGs
[2025-06-07T03:20:57.282+0000] {logging_mixin.py:151} INFO - [2025-06-07T03:20:57.282+0000] {dag.py:3696} INFO - Setting next_dagrun for example_task_group_decorator to 2025-06-06T03:20:57.282084+00:00, run_after=2025-06-07T03:20:57.282084+00:00
[2025-06-07T03:20:57.288+0000] {processor.py:179} INFO - Processing /home/airflow/.local/lib/python3.8/site-packages/airflow/example_dags/example_task_group_decorator.py took 0.031 seconds
