[2025-06-07T03:18:55.679+0000] {processor.py:157} INFO - Started process (PID=64) to work on /home/airflow/.local/lib/python3.8/site-packages/airflow/example_dags/example_task_group.py
[2025-06-07T03:18:55.680+0000] {processor.py:829} INFO - Processing file /home/airflow/.local/lib/python3.8/site-packages/airflow/example_dags/example_task_group.py for tasks to queue
[2025-06-07T03:18:55.681+0000] {logging_mixin.py:151} INFO - [2025-06-07T03:18:55.681+0000] {dagbag.py:539} INFO - Filling up the DagBag from /home/airflow/.local/lib/python3.8/site-packages/airflow/example_dags/example_task_group.py
[2025-06-07T03:18:55.686+0000] {processor.py:839} INFO - DAG(s) dict_keys(['example_task_group']) retrieved from /home/airflow/.local/lib/python3.8/site-packages/airflow/example_dags/example_task_group.py
[2025-06-07T03:18:55.692+0000] {logging_mixin.py:151} INFO - [2025-06-07T03:18:55.692+0000] {dag.py:2915} INFO - Sync 1 DAGs
[2025-06-07T03:18:55.704+0000] {logging_mixin.py:151} INFO - [2025-06-07T03:18:55.704+0000] {dag.py:3696} INFO - Setting next_dagrun for example_task_group to 2025-06-06T03:18:55.703945+00:00, run_after=2025-06-07T03:18:55.703945+00:00
[2025-06-07T03:18:55.714+0000] {processor.py:179} INFO - Processing /home/airflow/.local/lib/python3.8/site-packages/airflow/example_dags/example_task_group.py took 0.037 seconds
[2025-06-07T03:19:25.819+0000] {processor.py:157} INFO - Started process (PID=118) to work on /home/airflow/.local/lib/python3.8/site-packages/airflow/example_dags/example_task_group.py
[2025-06-07T03:19:25.820+0000] {processor.py:829} INFO - Processing file /home/airflow/.local/lib/python3.8/site-packages/airflow/example_dags/example_task_group.py for tasks to queue
[2025-06-07T03:19:25.821+0000] {logging_mixin.py:151} INFO - [2025-06-07T03:19:25.820+0000] {dagbag.py:539} INFO - Filling up the DagBag from /home/airflow/.local/lib/python3.8/site-packages/airflow/example_dags/example_task_group.py
[2025-06-07T03:19:25.824+0000] {processor.py:839} INFO - DAG(s) dict_keys(['example_task_group']) retrieved from /home/airflow/.local/lib/python3.8/site-packages/airflow/example_dags/example_task_group.py
[2025-06-07T03:19:25.833+0000] {logging_mixin.py:151} INFO - [2025-06-07T03:19:25.833+0000] {dag.py:2915} INFO - Sync 1 DAGs
[2025-06-07T03:19:25.842+0000] {logging_mixin.py:151} INFO - [2025-06-07T03:19:25.842+0000] {dag.py:3696} INFO - Setting next_dagrun for example_task_group to 2025-06-06T03:19:25.841978+00:00, run_after=2025-06-07T03:19:25.841978+00:00
[2025-06-07T03:19:25.848+0000] {processor.py:179} INFO - Processing /home/airflow/.local/lib/python3.8/site-packages/airflow/example_dags/example_task_group.py took 0.030 seconds
[2025-06-07T03:19:56.464+0000] {processor.py:157} INFO - Started process (PID=172) to work on /home/airflow/.local/lib/python3.8/site-packages/airflow/example_dags/example_task_group.py
[2025-06-07T03:19:56.465+0000] {processor.py:829} INFO - Processing file /home/airflow/.local/lib/python3.8/site-packages/airflow/example_dags/example_task_group.py for tasks to queue
[2025-06-07T03:19:56.466+0000] {logging_mixin.py:151} INFO - [2025-06-07T03:19:56.465+0000] {dagbag.py:539} INFO - Filling up the DagBag from /home/airflow/.local/lib/python3.8/site-packages/airflow/example_dags/example_task_group.py
[2025-06-07T03:19:56.468+0000] {processor.py:839} INFO - DAG(s) dict_keys(['example_task_group']) retrieved from /home/airflow/.local/lib/python3.8/site-packages/airflow/example_dags/example_task_group.py
[2025-06-07T03:19:56.477+0000] {logging_mixin.py:151} INFO - [2025-06-07T03:19:56.476+0000] {dag.py:2915} INFO - Sync 1 DAGs
[2025-06-07T03:19:56.484+0000] {logging_mixin.py:151} INFO - [2025-06-07T03:19:56.484+0000] {dag.py:3696} INFO - Setting next_dagrun for example_task_group to 2025-06-06T03:19:56.484114+00:00, run_after=2025-06-07T03:19:56.484114+00:00
[2025-06-07T03:19:56.490+0000] {processor.py:179} INFO - Processing /home/airflow/.local/lib/python3.8/site-packages/airflow/example_dags/example_task_group.py took 0.027 seconds
[2025-06-07T03:20:26.987+0000] {processor.py:157} INFO - Started process (PID=226) to work on /home/airflow/.local/lib/python3.8/site-packages/airflow/example_dags/example_task_group.py
[2025-06-07T03:20:26.988+0000] {processor.py:829} INFO - Processing file /home/airflow/.local/lib/python3.8/site-packages/airflow/example_dags/example_task_group.py for tasks to queue
[2025-06-07T03:20:26.988+0000] {logging_mixin.py:151} INFO - [2025-06-07T03:20:26.988+0000] {dagbag.py:539} INFO - Filling up the DagBag from /home/airflow/.local/lib/python3.8/site-packages/airflow/example_dags/example_task_group.py
[2025-06-07T03:20:26.991+0000] {processor.py:839} INFO - DAG(s) dict_keys(['example_task_group']) retrieved from /home/airflow/.local/lib/python3.8/site-packages/airflow/example_dags/example_task_group.py
[2025-06-07T03:20:26.998+0000] {logging_mixin.py:151} INFO - [2025-06-07T03:20:26.998+0000] {dag.py:2915} INFO - Sync 1 DAGs
[2025-06-07T03:20:27.005+0000] {logging_mixin.py:151} INFO - [2025-06-07T03:20:27.005+0000] {dag.py:3696} INFO - Setting next_dagrun for example_task_group to 2025-06-06T03:20:27.005108+00:00, run_after=2025-06-07T03:20:27.005108+00:00
[2025-06-07T03:20:27.010+0000] {processor.py:179} INFO - Processing /home/airflow/.local/lib/python3.8/site-packages/airflow/example_dags/example_task_group.py took 0.024 seconds
[2025-06-07T03:20:57.384+0000] {processor.py:157} INFO - Started process (PID=280) to work on /home/airflow/.local/lib/python3.8/site-packages/airflow/example_dags/example_task_group.py
[2025-06-07T03:20:57.385+0000] {processor.py:829} INFO - Processing file /home/airflow/.local/lib/python3.8/site-packages/airflow/example_dags/example_task_group.py for tasks to queue
[2025-06-07T03:20:57.386+0000] {logging_mixin.py:151} INFO - [2025-06-07T03:20:57.386+0000] {dagbag.py:539} INFO - Filling up the DagBag from /home/airflow/.local/lib/python3.8/site-packages/airflow/example_dags/example_task_group.py
[2025-06-07T03:20:57.389+0000] {processor.py:839} INFO - DAG(s) dict_keys(['example_task_group']) retrieved from /home/airflow/.local/lib/python3.8/site-packages/airflow/example_dags/example_task_group.py
[2025-06-07T03:20:57.399+0000] {logging_mixin.py:151} INFO - [2025-06-07T03:20:57.399+0000] {dag.py:2915} INFO - Sync 1 DAGs
[2025-06-07T03:20:57.409+0000] {logging_mixin.py:151} INFO - [2025-06-07T03:20:57.409+0000] {dag.py:3696} INFO - Setting next_dagrun for example_task_group to 2025-06-06T03:20:57.409327+00:00, run_after=2025-06-07T03:20:57.409327+00:00
[2025-06-07T03:20:57.416+0000] {processor.py:179} INFO - Processing /home/airflow/.local/lib/python3.8/site-packages/airflow/example_dags/example_task_group.py took 0.033 seconds
