[2025-06-07T03:18:54.778+0000] {processor.py:157} INFO - Started process (PID=46) to work on /home/airflow/.local/lib/python3.8/site-packages/airflow/example_dags/example_time_delta_sensor_async.py
[2025-06-07T03:18:54.780+0000] {processor.py:829} INFO - Processing file /home/airflow/.local/lib/python3.8/site-packages/airflow/example_dags/example_time_delta_sensor_async.py for tasks to queue
[2025-06-07T03:18:54.781+0000] {logging_mixin.py:151} INFO - [2025-06-07T03:18:54.781+0000] {dagbag.py:539} INFO - Filling up the DagBag from /home/airflow/.local/lib/python3.8/site-packages/airflow/example_dags/example_time_delta_sensor_async.py
[2025-06-07T03:18:54.869+0000] {processor.py:839} INFO - DAG(s) dict_keys(['example_time_delta_sensor_async']) retrieved from /home/airflow/.local/lib/python3.8/site-packages/airflow/example_dags/example_time_delta_sensor_async.py
[2025-06-07T03:18:54.883+0000] {logging_mixin.py:151} INFO - [2025-06-07T03:18:54.883+0000] {dag.py:2915} INFO - Sync 1 DAGs
[2025-06-07T03:18:54.889+0000] {logging_mixin.py:151} INFO - [2025-06-07T03:18:54.889+0000] {dag.py:3696} INFO - Setting next_dagrun for example_time_delta_sensor_async to None, run_after=None
[2025-06-07T03:18:54.899+0000] {processor.py:179} INFO - Processing /home/airflow/.local/lib/python3.8/site-packages/airflow/example_dags/example_time_delta_sensor_async.py took 0.124 seconds
[2025-06-07T03:19:25.339+0000] {processor.py:157} INFO - Started process (PID=101) to work on /home/airflow/.local/lib/python3.8/site-packages/airflow/example_dags/example_time_delta_sensor_async.py
[2025-06-07T03:19:25.340+0000] {processor.py:829} INFO - Processing file /home/airflow/.local/lib/python3.8/site-packages/airflow/example_dags/example_time_delta_sensor_async.py for tasks to queue
[2025-06-07T03:19:25.341+0000] {logging_mixin.py:151} INFO - [2025-06-07T03:19:25.341+0000] {dagbag.py:539} INFO - Filling up the DagBag from /home/airflow/.local/lib/python3.8/site-packages/airflow/example_dags/example_time_delta_sensor_async.py
[2025-06-07T03:19:25.344+0000] {processor.py:839} INFO - DAG(s) dict_keys(['example_time_delta_sensor_async']) retrieved from /home/airflow/.local/lib/python3.8/site-packages/airflow/example_dags/example_time_delta_sensor_async.py
[2025-06-07T03:19:25.361+0000] {logging_mixin.py:151} INFO - [2025-06-07T03:19:25.360+0000] {dag.py:2915} INFO - Sync 1 DAGs
[2025-06-07T03:19:25.368+0000] {logging_mixin.py:151} INFO - [2025-06-07T03:19:25.368+0000] {dag.py:3696} INFO - Setting next_dagrun for example_time_delta_sensor_async to None, run_after=None
[2025-06-07T03:19:25.380+0000] {processor.py:179} INFO - Processing /home/airflow/.local/lib/python3.8/site-packages/airflow/example_dags/example_time_delta_sensor_async.py took 0.046 seconds
[2025-06-07T03:19:55.917+0000] {processor.py:157} INFO - Started process (PID=155) to work on /home/airflow/.local/lib/python3.8/site-packages/airflow/example_dags/example_time_delta_sensor_async.py
[2025-06-07T03:19:55.919+0000] {processor.py:829} INFO - Processing file /home/airflow/.local/lib/python3.8/site-packages/airflow/example_dags/example_time_delta_sensor_async.py for tasks to queue
[2025-06-07T03:19:55.921+0000] {logging_mixin.py:151} INFO - [2025-06-07T03:19:55.921+0000] {dagbag.py:539} INFO - Filling up the DagBag from /home/airflow/.local/lib/python3.8/site-packages/airflow/example_dags/example_time_delta_sensor_async.py
[2025-06-07T03:19:55.926+0000] {processor.py:839} INFO - DAG(s) dict_keys(['example_time_delta_sensor_async']) retrieved from /home/airflow/.local/lib/python3.8/site-packages/airflow/example_dags/example_time_delta_sensor_async.py
[2025-06-07T03:19:55.940+0000] {logging_mixin.py:151} INFO - [2025-06-07T03:19:55.940+0000] {dag.py:2915} INFO - Sync 1 DAGs
[2025-06-07T03:19:55.948+0000] {logging_mixin.py:151} INFO - [2025-06-07T03:19:55.948+0000] {dag.py:3696} INFO - Setting next_dagrun for example_time_delta_sensor_async to None, run_after=None
[2025-06-07T03:19:55.957+0000] {processor.py:179} INFO - Processing /home/airflow/.local/lib/python3.8/site-packages/airflow/example_dags/example_time_delta_sensor_async.py took 0.044 seconds
[2025-06-07T03:20:26.529+0000] {processor.py:157} INFO - Started process (PID=209) to work on /home/airflow/.local/lib/python3.8/site-packages/airflow/example_dags/example_time_delta_sensor_async.py
[2025-06-07T03:20:26.531+0000] {processor.py:829} INFO - Processing file /home/airflow/.local/lib/python3.8/site-packages/airflow/example_dags/example_time_delta_sensor_async.py for tasks to queue
[2025-06-07T03:20:26.535+0000] {logging_mixin.py:151} INFO - [2025-06-07T03:20:26.533+0000] {dagbag.py:539} INFO - Filling up the DagBag from /home/airflow/.local/lib/python3.8/site-packages/airflow/example_dags/example_time_delta_sensor_async.py
[2025-06-07T03:20:26.539+0000] {processor.py:839} INFO - DAG(s) dict_keys(['example_time_delta_sensor_async']) retrieved from /home/airflow/.local/lib/python3.8/site-packages/airflow/example_dags/example_time_delta_sensor_async.py
[2025-06-07T03:20:26.556+0000] {logging_mixin.py:151} INFO - [2025-06-07T03:20:26.556+0000] {dag.py:2915} INFO - Sync 1 DAGs
[2025-06-07T03:20:26.569+0000] {logging_mixin.py:151} INFO - [2025-06-07T03:20:26.569+0000] {dag.py:3696} INFO - Setting next_dagrun for example_time_delta_sensor_async to None, run_after=None
[2025-06-07T03:20:26.579+0000] {processor.py:179} INFO - Processing /home/airflow/.local/lib/python3.8/site-packages/airflow/example_dags/example_time_delta_sensor_async.py took 0.054 seconds
[2025-06-07T03:20:56.944+0000] {processor.py:157} INFO - Started process (PID=263) to work on /home/airflow/.local/lib/python3.8/site-packages/airflow/example_dags/example_time_delta_sensor_async.py
[2025-06-07T03:20:56.949+0000] {processor.py:829} INFO - Processing file /home/airflow/.local/lib/python3.8/site-packages/airflow/example_dags/example_time_delta_sensor_async.py for tasks to queue
[2025-06-07T03:20:56.951+0000] {logging_mixin.py:151} INFO - [2025-06-07T03:20:56.951+0000] {dagbag.py:539} INFO - Filling up the DagBag from /home/airflow/.local/lib/python3.8/site-packages/airflow/example_dags/example_time_delta_sensor_async.py
[2025-06-07T03:20:56.956+0000] {processor.py:839} INFO - DAG(s) dict_keys(['example_time_delta_sensor_async']) retrieved from /home/airflow/.local/lib/python3.8/site-packages/airflow/example_dags/example_time_delta_sensor_async.py
[2025-06-07T03:20:56.971+0000] {logging_mixin.py:151} INFO - [2025-06-07T03:20:56.971+0000] {dag.py:2915} INFO - Sync 1 DAGs
[2025-06-07T03:20:56.978+0000] {logging_mixin.py:151} INFO - [2025-06-07T03:20:56.978+0000] {dag.py:3696} INFO - Setting next_dagrun for example_time_delta_sensor_async to None, run_after=None
[2025-06-07T03:20:56.990+0000] {processor.py:179} INFO - Processing /home/airflow/.local/lib/python3.8/site-packages/airflow/example_dags/example_time_delta_sensor_async.py took 0.051 seconds
