[2025-06-07T03:18:56.207+0000] {processor.py:157} INFO - Started process (PID=82) to work on /home/airflow/.local/lib/python3.8/site-packages/airflow/example_dags/example_branch_day_of_week_operator.py
[2025-06-07T03:18:56.208+0000] {processor.py:829} INFO - Processing file /home/airflow/.local/lib/python3.8/site-packages/airflow/example_dags/example_branch_day_of_week_operator.py for tasks to queue
[2025-06-07T03:18:56.210+0000] {logging_mixin.py:151} INFO - [2025-06-07T03:18:56.210+0000] {dagbag.py:539} INFO - Filling up the DagBag from /home/airflow/.local/lib/python3.8/site-packages/airflow/example_dags/example_branch_day_of_week_operator.py
[2025-06-07T03:18:56.217+0000] {processor.py:839} INFO - DAG(s) dict_keys(['example_weekday_branch_operator']) retrieved from /home/airflow/.local/lib/python3.8/site-packages/airflow/example_dags/example_branch_day_of_week_operator.py
[2025-06-07T03:18:56.229+0000] {logging_mixin.py:151} INFO - [2025-06-07T03:18:56.229+0000] {dag.py:2915} INFO - Sync 1 DAGs
[2025-06-07T03:18:56.249+0000] {logging_mixin.py:151} INFO - [2025-06-07T03:18:56.249+0000] {dag.py:3696} INFO - Setting next_dagrun for example_weekday_branch_operator to 2025-06-06T00:00:00+00:00, run_after=2025-06-07T00:00:00+00:00
[2025-06-07T03:18:56.261+0000] {processor.py:179} INFO - Processing /home/airflow/.local/lib/python3.8/site-packages/airflow/example_dags/example_branch_day_of_week_operator.py took 0.057 seconds
[2025-06-07T03:19:26.283+0000] {processor.py:157} INFO - Started process (PID=136) to work on /home/airflow/.local/lib/python3.8/site-packages/airflow/example_dags/example_branch_day_of_week_operator.py
[2025-06-07T03:19:26.283+0000] {processor.py:829} INFO - Processing file /home/airflow/.local/lib/python3.8/site-packages/airflow/example_dags/example_branch_day_of_week_operator.py for tasks to queue
[2025-06-07T03:19:26.284+0000] {logging_mixin.py:151} INFO - [2025-06-07T03:19:26.284+0000] {dagbag.py:539} INFO - Filling up the DagBag from /home/airflow/.local/lib/python3.8/site-packages/airflow/example_dags/example_branch_day_of_week_operator.py
[2025-06-07T03:19:26.288+0000] {processor.py:839} INFO - DAG(s) dict_keys(['example_weekday_branch_operator']) retrieved from /home/airflow/.local/lib/python3.8/site-packages/airflow/example_dags/example_branch_day_of_week_operator.py
[2025-06-07T03:19:26.299+0000] {logging_mixin.py:151} INFO - [2025-06-07T03:19:26.298+0000] {dag.py:2915} INFO - Sync 1 DAGs
[2025-06-07T03:19:26.308+0000] {logging_mixin.py:151} INFO - [2025-06-07T03:19:26.308+0000] {dag.py:3696} INFO - Setting next_dagrun for example_weekday_branch_operator to 2025-06-06T00:00:00+00:00, run_after=2025-06-07T00:00:00+00:00
[2025-06-07T03:19:26.319+0000] {processor.py:179} INFO - Processing /home/airflow/.local/lib/python3.8/site-packages/airflow/example_dags/example_branch_day_of_week_operator.py took 0.037 seconds
[2025-06-07T03:19:56.923+0000] {processor.py:157} INFO - Started process (PID=190) to work on /home/airflow/.local/lib/python3.8/site-packages/airflow/example_dags/example_branch_day_of_week_operator.py
[2025-06-07T03:19:56.924+0000] {processor.py:829} INFO - Processing file /home/airflow/.local/lib/python3.8/site-packages/airflow/example_dags/example_branch_day_of_week_operator.py for tasks to queue
[2025-06-07T03:19:56.925+0000] {logging_mixin.py:151} INFO - [2025-06-07T03:19:56.925+0000] {dagbag.py:539} INFO - Filling up the DagBag from /home/airflow/.local/lib/python3.8/site-packages/airflow/example_dags/example_branch_day_of_week_operator.py
[2025-06-07T03:19:56.929+0000] {processor.py:839} INFO - DAG(s) dict_keys(['example_weekday_branch_operator']) retrieved from /home/airflow/.local/lib/python3.8/site-packages/airflow/example_dags/example_branch_day_of_week_operator.py
[2025-06-07T03:19:56.943+0000] {logging_mixin.py:151} INFO - [2025-06-07T03:19:56.943+0000] {dag.py:2915} INFO - Sync 1 DAGs
[2025-06-07T03:19:56.952+0000] {logging_mixin.py:151} INFO - [2025-06-07T03:19:56.952+0000] {dag.py:3696} INFO - Setting next_dagrun for example_weekday_branch_operator to 2025-06-06T00:00:00+00:00, run_after=2025-06-07T00:00:00+00:00
[2025-06-07T03:19:56.959+0000] {processor.py:179} INFO - Processing /home/airflow/.local/lib/python3.8/site-packages/airflow/example_dags/example_branch_day_of_week_operator.py took 0.038 seconds
[2025-06-07T03:20:27.399+0000] {processor.py:157} INFO - Started process (PID=244) to work on /home/airflow/.local/lib/python3.8/site-packages/airflow/example_dags/example_branch_day_of_week_operator.py
[2025-06-07T03:20:27.400+0000] {processor.py:829} INFO - Processing file /home/airflow/.local/lib/python3.8/site-packages/airflow/example_dags/example_branch_day_of_week_operator.py for tasks to queue
[2025-06-07T03:20:27.400+0000] {logging_mixin.py:151} INFO - [2025-06-07T03:20:27.400+0000] {dagbag.py:539} INFO - Filling up the DagBag from /home/airflow/.local/lib/python3.8/site-packages/airflow/example_dags/example_branch_day_of_week_operator.py
[2025-06-07T03:20:27.406+0000] {processor.py:839} INFO - DAG(s) dict_keys(['example_weekday_branch_operator']) retrieved from /home/airflow/.local/lib/python3.8/site-packages/airflow/example_dags/example_branch_day_of_week_operator.py
[2025-06-07T03:20:27.416+0000] {logging_mixin.py:151} INFO - [2025-06-07T03:20:27.416+0000] {dag.py:2915} INFO - Sync 1 DAGs
[2025-06-07T03:20:27.426+0000] {logging_mixin.py:151} INFO - [2025-06-07T03:20:27.425+0000] {dag.py:3696} INFO - Setting next_dagrun for example_weekday_branch_operator to 2025-06-06T00:00:00+00:00, run_after=2025-06-07T00:00:00+00:00
[2025-06-07T03:20:27.432+0000] {processor.py:179} INFO - Processing /home/airflow/.local/lib/python3.8/site-packages/airflow/example_dags/example_branch_day_of_week_operator.py took 0.035 seconds
[2025-06-07T03:20:57.797+0000] {processor.py:157} INFO - Started process (PID=298) to work on /home/airflow/.local/lib/python3.8/site-packages/airflow/example_dags/example_branch_day_of_week_operator.py
[2025-06-07T03:20:57.799+0000] {processor.py:829} INFO - Processing file /home/airflow/.local/lib/python3.8/site-packages/airflow/example_dags/example_branch_day_of_week_operator.py for tasks to queue
[2025-06-07T03:20:57.801+0000] {logging_mixin.py:151} INFO - [2025-06-07T03:20:57.800+0000] {dagbag.py:539} INFO - Filling up the DagBag from /home/airflow/.local/lib/python3.8/site-packages/airflow/example_dags/example_branch_day_of_week_operator.py
[2025-06-07T03:20:57.804+0000] {processor.py:839} INFO - DAG(s) dict_keys(['example_weekday_branch_operator']) retrieved from /home/airflow/.local/lib/python3.8/site-packages/airflow/example_dags/example_branch_day_of_week_operator.py
[2025-06-07T03:20:57.812+0000] {logging_mixin.py:151} INFO - [2025-06-07T03:20:57.812+0000] {dag.py:2915} INFO - Sync 1 DAGs
[2025-06-07T03:20:57.821+0000] {logging_mixin.py:151} INFO - [2025-06-07T03:20:57.821+0000] {dag.py:3696} INFO - Setting next_dagrun for example_weekday_branch_operator to 2025-06-06T00:00:00+00:00, run_after=2025-06-07T00:00:00+00:00
[2025-06-07T03:20:57.828+0000] {processor.py:179} INFO - Processing /home/airflow/.local/lib/python3.8/site-packages/airflow/example_dags/example_branch_day_of_week_operator.py took 0.032 seconds
