[2025-06-07T03:18:56.356+0000] {processor.py:157} INFO - Started process (PID=87) to work on /home/airflow/.local/lib/python3.8/site-packages/airflow/example_dags/example_short_circuit_decorator.py
[2025-06-07T03:18:56.356+0000] {processor.py:829} INFO - Processing file /home/airflow/.local/lib/python3.8/site-packages/airflow/example_dags/example_short_circuit_decorator.py for tasks to queue
[2025-06-07T03:18:56.358+0000] {logging_mixin.py:151} INFO - [2025-06-07T03:18:56.358+0000] {dagbag.py:539} INFO - Filling up the DagBag from /home/airflow/.local/lib/python3.8/site-packages/airflow/example_dags/example_short_circuit_decorator.py
[2025-06-07T03:18:56.365+0000] {processor.py:839} INFO - DAG(s) dict_keys(['example_short_circuit_decorator']) retrieved from /home/airflow/.local/lib/python3.8/site-packages/airflow/example_dags/example_short_circuit_decorator.py
[2025-06-07T03:18:56.373+0000] {logging_mixin.py:151} INFO - [2025-06-07T03:18:56.373+0000] {dag.py:2915} INFO - Sync 1 DAGs
[2025-06-07T03:18:56.383+0000] {logging_mixin.py:151} INFO - [2025-06-07T03:18:56.383+0000] {dag.py:3696} INFO - Setting next_dagrun for example_short_circuit_decorator to 2025-06-06T03:18:56.383075+00:00, run_after=2025-06-07T03:18:56.383075+00:00
[2025-06-07T03:18:56.391+0000] {processor.py:179} INFO - Processing /home/airflow/.local/lib/python3.8/site-packages/airflow/example_dags/example_short_circuit_decorator.py took 0.037 seconds
[2025-06-07T03:19:26.431+0000] {processor.py:157} INFO - Started process (PID=141) to work on /home/airflow/.local/lib/python3.8/site-packages/airflow/example_dags/example_short_circuit_decorator.py
[2025-06-07T03:19:26.431+0000] {processor.py:829} INFO - Processing file /home/airflow/.local/lib/python3.8/site-packages/airflow/example_dags/example_short_circuit_decorator.py for tasks to queue
[2025-06-07T03:19:26.432+0000] {logging_mixin.py:151} INFO - [2025-06-07T03:19:26.432+0000] {dagbag.py:539} INFO - Filling up the DagBag from /home/airflow/.local/lib/python3.8/site-packages/airflow/example_dags/example_short_circuit_decorator.py
[2025-06-07T03:19:26.436+0000] {processor.py:839} INFO - DAG(s) dict_keys(['example_short_circuit_decorator']) retrieved from /home/airflow/.local/lib/python3.8/site-packages/airflow/example_dags/example_short_circuit_decorator.py
[2025-06-07T03:19:26.444+0000] {logging_mixin.py:151} INFO - [2025-06-07T03:19:26.444+0000] {dag.py:2915} INFO - Sync 1 DAGs
[2025-06-07T03:19:26.452+0000] {logging_mixin.py:151} INFO - [2025-06-07T03:19:26.452+0000] {dag.py:3696} INFO - Setting next_dagrun for example_short_circuit_decorator to 2025-06-06T03:19:26.452396+00:00, run_after=2025-06-07T03:19:26.452396+00:00
[2025-06-07T03:19:26.459+0000] {processor.py:179} INFO - Processing /home/airflow/.local/lib/python3.8/site-packages/airflow/example_dags/example_short_circuit_decorator.py took 0.029 seconds
[2025-06-07T03:19:57.040+0000] {processor.py:157} INFO - Started process (PID=195) to work on /home/airflow/.local/lib/python3.8/site-packages/airflow/example_dags/example_short_circuit_decorator.py
[2025-06-07T03:19:57.041+0000] {processor.py:829} INFO - Processing file /home/airflow/.local/lib/python3.8/site-packages/airflow/example_dags/example_short_circuit_decorator.py for tasks to queue
[2025-06-07T03:19:57.044+0000] {logging_mixin.py:151} INFO - [2025-06-07T03:19:57.044+0000] {dagbag.py:539} INFO - Filling up the DagBag from /home/airflow/.local/lib/python3.8/site-packages/airflow/example_dags/example_short_circuit_decorator.py
[2025-06-07T03:19:57.048+0000] {processor.py:839} INFO - DAG(s) dict_keys(['example_short_circuit_decorator']) retrieved from /home/airflow/.local/lib/python3.8/site-packages/airflow/example_dags/example_short_circuit_decorator.py
[2025-06-07T03:19:57.060+0000] {logging_mixin.py:151} INFO - [2025-06-07T03:19:57.060+0000] {dag.py:2915} INFO - Sync 1 DAGs
[2025-06-07T03:19:57.069+0000] {logging_mixin.py:151} INFO - [2025-06-07T03:19:57.069+0000] {dag.py:3696} INFO - Setting next_dagrun for example_short_circuit_decorator to 2025-06-06T03:19:57.069420+00:00, run_after=2025-06-07T03:19:57.069420+00:00
[2025-06-07T03:19:57.076+0000] {processor.py:179} INFO - Processing /home/airflow/.local/lib/python3.8/site-packages/airflow/example_dags/example_short_circuit_decorator.py took 0.038 seconds
[2025-06-07T03:20:27.505+0000] {processor.py:157} INFO - Started process (PID=249) to work on /home/airflow/.local/lib/python3.8/site-packages/airflow/example_dags/example_short_circuit_decorator.py
[2025-06-07T03:20:27.505+0000] {processor.py:829} INFO - Processing file /home/airflow/.local/lib/python3.8/site-packages/airflow/example_dags/example_short_circuit_decorator.py for tasks to queue
[2025-06-07T03:20:27.507+0000] {logging_mixin.py:151} INFO - [2025-06-07T03:20:27.507+0000] {dagbag.py:539} INFO - Filling up the DagBag from /home/airflow/.local/lib/python3.8/site-packages/airflow/example_dags/example_short_circuit_decorator.py
[2025-06-07T03:20:27.511+0000] {processor.py:839} INFO - DAG(s) dict_keys(['example_short_circuit_decorator']) retrieved from /home/airflow/.local/lib/python3.8/site-packages/airflow/example_dags/example_short_circuit_decorator.py
[2025-06-07T03:20:27.520+0000] {logging_mixin.py:151} INFO - [2025-06-07T03:20:27.520+0000] {dag.py:2915} INFO - Sync 1 DAGs
[2025-06-07T03:20:27.528+0000] {logging_mixin.py:151} INFO - [2025-06-07T03:20:27.528+0000] {dag.py:3696} INFO - Setting next_dagrun for example_short_circuit_decorator to 2025-06-06T03:20:27.528384+00:00, run_after=2025-06-07T03:20:27.528384+00:00
[2025-06-07T03:20:27.539+0000] {processor.py:179} INFO - Processing /home/airflow/.local/lib/python3.8/site-packages/airflow/example_dags/example_short_circuit_decorator.py took 0.035 seconds
[2025-06-07T03:20:57.931+0000] {processor.py:157} INFO - Started process (PID=303) to work on /home/airflow/.local/lib/python3.8/site-packages/airflow/example_dags/example_short_circuit_decorator.py
[2025-06-07T03:20:57.932+0000] {processor.py:829} INFO - Processing file /home/airflow/.local/lib/python3.8/site-packages/airflow/example_dags/example_short_circuit_decorator.py for tasks to queue
[2025-06-07T03:20:57.933+0000] {logging_mixin.py:151} INFO - [2025-06-07T03:20:57.933+0000] {dagbag.py:539} INFO - Filling up the DagBag from /home/airflow/.local/lib/python3.8/site-packages/airflow/example_dags/example_short_circuit_decorator.py
[2025-06-07T03:20:57.937+0000] {processor.py:839} INFO - DAG(s) dict_keys(['example_short_circuit_decorator']) retrieved from /home/airflow/.local/lib/python3.8/site-packages/airflow/example_dags/example_short_circuit_decorator.py
[2025-06-07T03:20:57.947+0000] {logging_mixin.py:151} INFO - [2025-06-07T03:20:57.947+0000] {dag.py:2915} INFO - Sync 1 DAGs
[2025-06-07T03:20:57.955+0000] {logging_mixin.py:151} INFO - [2025-06-07T03:20:57.955+0000] {dag.py:3696} INFO - Setting next_dagrun for example_short_circuit_decorator to 2025-06-06T03:20:57.955132+00:00, run_after=2025-06-07T03:20:57.955132+00:00
[2025-06-07T03:20:57.963+0000] {processor.py:179} INFO - Processing /home/airflow/.local/lib/python3.8/site-packages/airflow/example_dags/example_short_circuit_decorator.py took 0.034 seconds
