[2025-06-07T03:18:56.185+0000] {processor.py:157} INFO - Started process (PID=81) to work on /home/airflow/.local/lib/python3.8/site-packages/airflow/example_dags/example_external_task_marker_dag.py
[2025-06-07T03:18:56.186+0000] {processor.py:829} INFO - Processing file /home/airflow/.local/lib/python3.8/site-packages/airflow/example_dags/example_external_task_marker_dag.py for tasks to queue
[2025-06-07T03:18:56.188+0000] {logging_mixin.py:151} INFO - [2025-06-07T03:18:56.188+0000] {dagbag.py:539} INFO - Filling up the DagBag from /home/airflow/.local/lib/python3.8/site-packages/airflow/example_dags/example_external_task_marker_dag.py
[2025-06-07T03:18:56.193+0000] {processor.py:839} INFO - DAG(s) dict_keys(['example_external_task_marker_child', 'example_external_task_marker_parent']) retrieved from /home/airflow/.local/lib/python3.8/site-packages/airflow/example_dags/example_external_task_marker_dag.py
[2025-06-07T03:18:56.200+0000] {logging_mixin.py:151} INFO - [2025-06-07T03:18:56.200+0000] {dag.py:2915} INFO - Sync 2 DAGs
[2025-06-07T03:18:56.208+0000] {logging_mixin.py:151} INFO - [2025-06-07T03:18:56.208+0000] {dag.py:3696} INFO - Setting next_dagrun for example_external_task_marker_child to None, run_after=None
[2025-06-07T03:18:56.211+0000] {logging_mixin.py:151} INFO - [2025-06-07T03:18:56.211+0000] {dag.py:3696} INFO - Setting next_dagrun for example_external_task_marker_parent to None, run_after=None
[2025-06-07T03:18:56.233+0000] {processor.py:179} INFO - Processing /home/airflow/.local/lib/python3.8/site-packages/airflow/example_dags/example_external_task_marker_dag.py took 0.051 seconds
[2025-06-07T03:19:26.277+0000] {processor.py:157} INFO - Started process (PID=135) to work on /home/airflow/.local/lib/python3.8/site-packages/airflow/example_dags/example_external_task_marker_dag.py
[2025-06-07T03:19:26.277+0000] {processor.py:829} INFO - Processing file /home/airflow/.local/lib/python3.8/site-packages/airflow/example_dags/example_external_task_marker_dag.py for tasks to queue
[2025-06-07T03:19:26.278+0000] {logging_mixin.py:151} INFO - [2025-06-07T03:19:26.278+0000] {dagbag.py:539} INFO - Filling up the DagBag from /home/airflow/.local/lib/python3.8/site-packages/airflow/example_dags/example_external_task_marker_dag.py
[2025-06-07T03:19:26.280+0000] {processor.py:839} INFO - DAG(s) dict_keys(['example_external_task_marker_parent', 'example_external_task_marker_child']) retrieved from /home/airflow/.local/lib/python3.8/site-packages/airflow/example_dags/example_external_task_marker_dag.py
[2025-06-07T03:19:26.295+0000] {logging_mixin.py:151} INFO - [2025-06-07T03:19:26.295+0000] {dag.py:2915} INFO - Sync 2 DAGs
[2025-06-07T03:19:26.303+0000] {logging_mixin.py:151} INFO - [2025-06-07T03:19:26.303+0000] {dag.py:3696} INFO - Setting next_dagrun for example_external_task_marker_child to None, run_after=None
[2025-06-07T03:19:26.307+0000] {logging_mixin.py:151} INFO - [2025-06-07T03:19:26.307+0000] {dag.py:3696} INFO - Setting next_dagrun for example_external_task_marker_parent to None, run_after=None
[2025-06-07T03:19:26.317+0000] {processor.py:179} INFO - Processing /home/airflow/.local/lib/python3.8/site-packages/airflow/example_dags/example_external_task_marker_dag.py took 0.041 seconds
[2025-06-07T03:19:56.915+0000] {processor.py:157} INFO - Started process (PID=189) to work on /home/airflow/.local/lib/python3.8/site-packages/airflow/example_dags/example_external_task_marker_dag.py
[2025-06-07T03:19:56.915+0000] {processor.py:829} INFO - Processing file /home/airflow/.local/lib/python3.8/site-packages/airflow/example_dags/example_external_task_marker_dag.py for tasks to queue
[2025-06-07T03:19:56.916+0000] {logging_mixin.py:151} INFO - [2025-06-07T03:19:56.916+0000] {dagbag.py:539} INFO - Filling up the DagBag from /home/airflow/.local/lib/python3.8/site-packages/airflow/example_dags/example_external_task_marker_dag.py
[2025-06-07T03:19:56.919+0000] {processor.py:839} INFO - DAG(s) dict_keys(['example_external_task_marker_child', 'example_external_task_marker_parent']) retrieved from /home/airflow/.local/lib/python3.8/site-packages/airflow/example_dags/example_external_task_marker_dag.py
[2025-06-07T03:19:56.929+0000] {logging_mixin.py:151} INFO - [2025-06-07T03:19:56.929+0000] {dag.py:2915} INFO - Sync 2 DAGs
[2025-06-07T03:19:56.934+0000] {logging_mixin.py:151} INFO - [2025-06-07T03:19:56.934+0000] {dag.py:3696} INFO - Setting next_dagrun for example_external_task_marker_child to None, run_after=None
[2025-06-07T03:19:56.936+0000] {logging_mixin.py:151} INFO - [2025-06-07T03:19:56.936+0000] {dag.py:3696} INFO - Setting next_dagrun for example_external_task_marker_parent to None, run_after=None
[2025-06-07T03:19:56.944+0000] {processor.py:179} INFO - Processing /home/airflow/.local/lib/python3.8/site-packages/airflow/example_dags/example_external_task_marker_dag.py took 0.030 seconds
[2025-06-07T03:20:27.392+0000] {processor.py:157} INFO - Started process (PID=243) to work on /home/airflow/.local/lib/python3.8/site-packages/airflow/example_dags/example_external_task_marker_dag.py
[2025-06-07T03:20:27.392+0000] {processor.py:829} INFO - Processing file /home/airflow/.local/lib/python3.8/site-packages/airflow/example_dags/example_external_task_marker_dag.py for tasks to queue
[2025-06-07T03:20:27.393+0000] {logging_mixin.py:151} INFO - [2025-06-07T03:20:27.393+0000] {dagbag.py:539} INFO - Filling up the DagBag from /home/airflow/.local/lib/python3.8/site-packages/airflow/example_dags/example_external_task_marker_dag.py
[2025-06-07T03:20:27.395+0000] {processor.py:839} INFO - DAG(s) dict_keys(['example_external_task_marker_child', 'example_external_task_marker_parent']) retrieved from /home/airflow/.local/lib/python3.8/site-packages/airflow/example_dags/example_external_task_marker_dag.py
[2025-06-07T03:20:27.406+0000] {logging_mixin.py:151} INFO - [2025-06-07T03:20:27.406+0000] {dag.py:2915} INFO - Sync 2 DAGs
[2025-06-07T03:20:27.413+0000] {logging_mixin.py:151} INFO - [2025-06-07T03:20:27.413+0000] {dag.py:3696} INFO - Setting next_dagrun for example_external_task_marker_child to None, run_after=None
[2025-06-07T03:20:27.415+0000] {logging_mixin.py:151} INFO - [2025-06-07T03:20:27.415+0000] {dag.py:3696} INFO - Setting next_dagrun for example_external_task_marker_parent to None, run_after=None
[2025-06-07T03:20:27.424+0000] {processor.py:179} INFO - Processing /home/airflow/.local/lib/python3.8/site-packages/airflow/example_dags/example_external_task_marker_dag.py took 0.033 seconds
[2025-06-07T03:20:57.796+0000] {processor.py:157} INFO - Started process (PID=297) to work on /home/airflow/.local/lib/python3.8/site-packages/airflow/example_dags/example_external_task_marker_dag.py
[2025-06-07T03:20:57.796+0000] {processor.py:829} INFO - Processing file /home/airflow/.local/lib/python3.8/site-packages/airflow/example_dags/example_external_task_marker_dag.py for tasks to queue
[2025-06-07T03:20:57.797+0000] {logging_mixin.py:151} INFO - [2025-06-07T03:20:57.797+0000] {dagbag.py:539} INFO - Filling up the DagBag from /home/airflow/.local/lib/python3.8/site-packages/airflow/example_dags/example_external_task_marker_dag.py
[2025-06-07T03:20:57.799+0000] {processor.py:839} INFO - DAG(s) dict_keys(['example_external_task_marker_child', 'example_external_task_marker_parent']) retrieved from /home/airflow/.local/lib/python3.8/site-packages/airflow/example_dags/example_external_task_marker_dag.py
[2025-06-07T03:20:57.810+0000] {logging_mixin.py:151} INFO - [2025-06-07T03:20:57.810+0000] {dag.py:2915} INFO - Sync 2 DAGs
[2025-06-07T03:20:57.814+0000] {logging_mixin.py:151} INFO - [2025-06-07T03:20:57.814+0000] {dag.py:3696} INFO - Setting next_dagrun for example_external_task_marker_child to None, run_after=None
[2025-06-07T03:20:57.817+0000] {logging_mixin.py:151} INFO - [2025-06-07T03:20:57.817+0000] {dag.py:3696} INFO - Setting next_dagrun for example_external_task_marker_parent to None, run_after=None
[2025-06-07T03:20:57.825+0000] {processor.py:179} INFO - Processing /home/airflow/.local/lib/python3.8/site-packages/airflow/example_dags/example_external_task_marker_dag.py took 0.031 seconds
