[2025-06-07T03:18:55.148+0000] {processor.py:157} INFO - Started process (PID=53) to work on /home/airflow/.local/lib/python3.8/site-packages/airflow/example_dags/example_latest_only_with_trigger.py
[2025-06-07T03:18:55.148+0000] {processor.py:829} INFO - Processing file /home/airflow/.local/lib/python3.8/site-packages/airflow/example_dags/example_latest_only_with_trigger.py for tasks to queue
[2025-06-07T03:18:55.150+0000] {logging_mixin.py:151} INFO - [2025-06-07T03:18:55.150+0000] {dagbag.py:539} INFO - Filling up the DagBag from /home/airflow/.local/lib/python3.8/site-packages/airflow/example_dags/example_latest_only_with_trigger.py
[2025-06-07T03:18:55.153+0000] {processor.py:839} INFO - DAG(s) dict_keys(['latest_only_with_trigger']) retrieved from /home/airflow/.local/lib/python3.8/site-packages/airflow/example_dags/example_latest_only_with_trigger.py
[2025-06-07T03:18:55.160+0000] {logging_mixin.py:151} INFO - [2025-06-07T03:18:55.160+0000] {dag.py:2915} INFO - Sync 1 DAGs
[2025-06-07T03:18:55.173+0000] {logging_mixin.py:151} INFO - [2025-06-07T03:18:55.172+0000] {dag.py:3696} INFO - Setting next_dagrun for latest_only_with_trigger to 2025-06-06T23:18:55.172760+00:00, run_after=2025-06-07T03:18:55.172760+00:00
[2025-06-07T03:18:55.180+0000] {processor.py:179} INFO - Processing /home/airflow/.local/lib/python3.8/site-packages/airflow/example_dags/example_latest_only_with_trigger.py took 0.035 seconds
[2025-06-07T03:19:25.470+0000] {processor.py:157} INFO - Started process (PID=106) to work on /home/airflow/.local/lib/python3.8/site-packages/airflow/example_dags/example_latest_only_with_trigger.py
[2025-06-07T03:19:25.471+0000] {processor.py:829} INFO - Processing file /home/airflow/.local/lib/python3.8/site-packages/airflow/example_dags/example_latest_only_with_trigger.py for tasks to queue
[2025-06-07T03:19:25.472+0000] {logging_mixin.py:151} INFO - [2025-06-07T03:19:25.472+0000] {dagbag.py:539} INFO - Filling up the DagBag from /home/airflow/.local/lib/python3.8/site-packages/airflow/example_dags/example_latest_only_with_trigger.py
[2025-06-07T03:19:25.474+0000] {processor.py:839} INFO - DAG(s) dict_keys(['latest_only_with_trigger']) retrieved from /home/airflow/.local/lib/python3.8/site-packages/airflow/example_dags/example_latest_only_with_trigger.py
[2025-06-07T03:19:25.484+0000] {logging_mixin.py:151} INFO - [2025-06-07T03:19:25.483+0000] {dag.py:2915} INFO - Sync 1 DAGs
[2025-06-07T03:19:25.492+0000] {logging_mixin.py:151} INFO - [2025-06-07T03:19:25.492+0000] {dag.py:3696} INFO - Setting next_dagrun for latest_only_with_trigger to 2025-06-06T23:19:25.492102+00:00, run_after=2025-06-07T03:19:25.492102+00:00
[2025-06-07T03:19:25.501+0000] {processor.py:179} INFO - Processing /home/airflow/.local/lib/python3.8/site-packages/airflow/example_dags/example_latest_only_with_trigger.py took 0.033 seconds
[2025-06-07T03:19:56.152+0000] {processor.py:157} INFO - Started process (PID=161) to work on /home/airflow/.local/lib/python3.8/site-packages/airflow/example_dags/example_latest_only_with_trigger.py
[2025-06-07T03:19:56.153+0000] {processor.py:829} INFO - Processing file /home/airflow/.local/lib/python3.8/site-packages/airflow/example_dags/example_latest_only_with_trigger.py for tasks to queue
[2025-06-07T03:19:56.154+0000] {logging_mixin.py:151} INFO - [2025-06-07T03:19:56.154+0000] {dagbag.py:539} INFO - Filling up the DagBag from /home/airflow/.local/lib/python3.8/site-packages/airflow/example_dags/example_latest_only_with_trigger.py
[2025-06-07T03:19:56.156+0000] {processor.py:839} INFO - DAG(s) dict_keys(['latest_only_with_trigger']) retrieved from /home/airflow/.local/lib/python3.8/site-packages/airflow/example_dags/example_latest_only_with_trigger.py
[2025-06-07T03:19:56.164+0000] {logging_mixin.py:151} INFO - [2025-06-07T03:19:56.164+0000] {dag.py:2915} INFO - Sync 1 DAGs
[2025-06-07T03:19:56.173+0000] {logging_mixin.py:151} INFO - [2025-06-07T03:19:56.173+0000] {dag.py:3696} INFO - Setting next_dagrun for latest_only_with_trigger to 2025-06-06T23:19:56.173173+00:00, run_after=2025-06-07T03:19:56.173173+00:00
[2025-06-07T03:19:56.183+0000] {processor.py:179} INFO - Processing /home/airflow/.local/lib/python3.8/site-packages/airflow/example_dags/example_latest_only_with_trigger.py took 0.033 seconds
[2025-06-07T03:20:26.714+0000] {processor.py:157} INFO - Started process (PID=215) to work on /home/airflow/.local/lib/python3.8/site-packages/airflow/example_dags/example_latest_only_with_trigger.py
[2025-06-07T03:20:26.718+0000] {processor.py:829} INFO - Processing file /home/airflow/.local/lib/python3.8/site-packages/airflow/example_dags/example_latest_only_with_trigger.py for tasks to queue
[2025-06-07T03:20:26.720+0000] {logging_mixin.py:151} INFO - [2025-06-07T03:20:26.719+0000] {dagbag.py:539} INFO - Filling up the DagBag from /home/airflow/.local/lib/python3.8/site-packages/airflow/example_dags/example_latest_only_with_trigger.py
[2025-06-07T03:20:26.722+0000] {processor.py:839} INFO - DAG(s) dict_keys(['latest_only_with_trigger']) retrieved from /home/airflow/.local/lib/python3.8/site-packages/airflow/example_dags/example_latest_only_with_trigger.py
[2025-06-07T03:20:26.730+0000] {logging_mixin.py:151} INFO - [2025-06-07T03:20:26.729+0000] {dag.py:2915} INFO - Sync 1 DAGs
[2025-06-07T03:20:26.737+0000] {logging_mixin.py:151} INFO - [2025-06-07T03:20:26.737+0000] {dag.py:3696} INFO - Setting next_dagrun for latest_only_with_trigger to 2025-06-06T23:20:26.737804+00:00, run_after=2025-06-07T03:20:26.737804+00:00
[2025-06-07T03:20:26.747+0000] {processor.py:179} INFO - Processing /home/airflow/.local/lib/python3.8/site-packages/airflow/example_dags/example_latest_only_with_trigger.py took 0.034 seconds
[2025-06-07T03:20:57.117+0000] {processor.py:157} INFO - Started process (PID=269) to work on /home/airflow/.local/lib/python3.8/site-packages/airflow/example_dags/example_latest_only_with_trigger.py
[2025-06-07T03:20:57.121+0000] {processor.py:829} INFO - Processing file /home/airflow/.local/lib/python3.8/site-packages/airflow/example_dags/example_latest_only_with_trigger.py for tasks to queue
[2025-06-07T03:20:57.122+0000] {logging_mixin.py:151} INFO - [2025-06-07T03:20:57.122+0000] {dagbag.py:539} INFO - Filling up the DagBag from /home/airflow/.local/lib/python3.8/site-packages/airflow/example_dags/example_latest_only_with_trigger.py
[2025-06-07T03:20:57.125+0000] {processor.py:839} INFO - DAG(s) dict_keys(['latest_only_with_trigger']) retrieved from /home/airflow/.local/lib/python3.8/site-packages/airflow/example_dags/example_latest_only_with_trigger.py
[2025-06-07T03:20:57.133+0000] {logging_mixin.py:151} INFO - [2025-06-07T03:20:57.133+0000] {dag.py:2915} INFO - Sync 1 DAGs
[2025-06-07T03:20:57.141+0000] {logging_mixin.py:151} INFO - [2025-06-07T03:20:57.141+0000] {dag.py:3696} INFO - Setting next_dagrun for latest_only_with_trigger to 2025-06-06T23:20:57.141507+00:00, run_after=2025-06-07T03:20:57.141507+00:00
[2025-06-07T03:20:57.151+0000] {processor.py:179} INFO - Processing /home/airflow/.local/lib/python3.8/site-packages/airflow/example_dags/example_latest_only_with_trigger.py took 0.035 seconds
