[2025-06-07T03:18:55.809+0000] {processor.py:157} INFO - Started process (PID=69) to work on /home/airflow/.local/lib/python3.8/site-packages/airflow/example_dags/example_params_trigger_ui.py
[2025-06-07T03:18:55.810+0000] {processor.py:829} INFO - Processing file /home/airflow/.local/lib/python3.8/site-packages/airflow/example_dags/example_params_trigger_ui.py for tasks to queue
[2025-06-07T03:18:55.811+0000] {logging_mixin.py:151} INFO - [2025-06-07T03:18:55.811+0000] {dagbag.py:539} INFO - Filling up the DagBag from /home/airflow/.local/lib/python3.8/site-packages/airflow/example_dags/example_params_trigger_ui.py
[2025-06-07T03:18:55.821+0000] {processor.py:839} INFO - DAG(s) dict_keys(['example_params_trigger_ui']) retrieved from /home/airflow/.local/lib/python3.8/site-packages/airflow/example_dags/example_params_trigger_ui.py
[2025-06-07T03:18:55.831+0000] {logging_mixin.py:151} INFO - [2025-06-07T03:18:55.831+0000] {dag.py:2915} INFO - Sync 1 DAGs
[2025-06-07T03:18:55.839+0000] {logging_mixin.py:151} INFO - [2025-06-07T03:18:55.839+0000] {dag.py:3696} INFO - Setting next_dagrun for example_params_trigger_ui to None, run_after=None
[2025-06-07T03:18:55.848+0000] {processor.py:179} INFO - Processing /home/airflow/.local/lib/python3.8/site-packages/airflow/example_dags/example_params_trigger_ui.py took 0.041 seconds
[2025-06-07T03:19:25.944+0000] {processor.py:157} INFO - Started process (PID=123) to work on /home/airflow/.local/lib/python3.8/site-packages/airflow/example_dags/example_params_trigger_ui.py
[2025-06-07T03:19:25.945+0000] {processor.py:829} INFO - Processing file /home/airflow/.local/lib/python3.8/site-packages/airflow/example_dags/example_params_trigger_ui.py for tasks to queue
[2025-06-07T03:19:25.946+0000] {logging_mixin.py:151} INFO - [2025-06-07T03:19:25.945+0000] {dagbag.py:539} INFO - Filling up the DagBag from /home/airflow/.local/lib/python3.8/site-packages/airflow/example_dags/example_params_trigger_ui.py
[2025-06-07T03:19:25.952+0000] {processor.py:839} INFO - DAG(s) dict_keys(['example_params_trigger_ui']) retrieved from /home/airflow/.local/lib/python3.8/site-packages/airflow/example_dags/example_params_trigger_ui.py
[2025-06-07T03:19:25.972+0000] {logging_mixin.py:151} INFO - [2025-06-07T03:19:25.972+0000] {dag.py:2915} INFO - Sync 1 DAGs
[2025-06-07T03:19:25.976+0000] {logging_mixin.py:151} INFO - [2025-06-07T03:19:25.976+0000] {dag.py:3696} INFO - Setting next_dagrun for example_params_trigger_ui to None, run_after=None
[2025-06-07T03:19:25.986+0000] {processor.py:179} INFO - Processing /home/airflow/.local/lib/python3.8/site-packages/airflow/example_dags/example_params_trigger_ui.py took 0.043 seconds
[2025-06-07T03:19:56.600+0000] {processor.py:157} INFO - Started process (PID=177) to work on /home/airflow/.local/lib/python3.8/site-packages/airflow/example_dags/example_params_trigger_ui.py
[2025-06-07T03:19:56.601+0000] {processor.py:829} INFO - Processing file /home/airflow/.local/lib/python3.8/site-packages/airflow/example_dags/example_params_trigger_ui.py for tasks to queue
[2025-06-07T03:19:56.603+0000] {logging_mixin.py:151} INFO - [2025-06-07T03:19:56.603+0000] {dagbag.py:539} INFO - Filling up the DagBag from /home/airflow/.local/lib/python3.8/site-packages/airflow/example_dags/example_params_trigger_ui.py
[2025-06-07T03:19:56.611+0000] {processor.py:839} INFO - DAG(s) dict_keys(['example_params_trigger_ui']) retrieved from /home/airflow/.local/lib/python3.8/site-packages/airflow/example_dags/example_params_trigger_ui.py
[2025-06-07T03:19:56.630+0000] {logging_mixin.py:151} INFO - [2025-06-07T03:19:56.630+0000] {dag.py:2915} INFO - Sync 1 DAGs
[2025-06-07T03:19:56.635+0000] {logging_mixin.py:151} INFO - [2025-06-07T03:19:56.635+0000] {dag.py:3696} INFO - Setting next_dagrun for example_params_trigger_ui to None, run_after=None
[2025-06-07T03:19:56.646+0000] {processor.py:179} INFO - Processing /home/airflow/.local/lib/python3.8/site-packages/airflow/example_dags/example_params_trigger_ui.py took 0.047 seconds
[2025-06-07T03:20:27.093+0000] {processor.py:157} INFO - Started process (PID=231) to work on /home/airflow/.local/lib/python3.8/site-packages/airflow/example_dags/example_params_trigger_ui.py
[2025-06-07T03:20:27.095+0000] {processor.py:829} INFO - Processing file /home/airflow/.local/lib/python3.8/site-packages/airflow/example_dags/example_params_trigger_ui.py for tasks to queue
[2025-06-07T03:20:27.096+0000] {logging_mixin.py:151} INFO - [2025-06-07T03:20:27.095+0000] {dagbag.py:539} INFO - Filling up the DagBag from /home/airflow/.local/lib/python3.8/site-packages/airflow/example_dags/example_params_trigger_ui.py
[2025-06-07T03:20:27.102+0000] {processor.py:839} INFO - DAG(s) dict_keys(['example_params_trigger_ui']) retrieved from /home/airflow/.local/lib/python3.8/site-packages/airflow/example_dags/example_params_trigger_ui.py
[2025-06-07T03:20:27.120+0000] {logging_mixin.py:151} INFO - [2025-06-07T03:20:27.120+0000] {dag.py:2915} INFO - Sync 1 DAGs
[2025-06-07T03:20:27.126+0000] {logging_mixin.py:151} INFO - [2025-06-07T03:20:27.126+0000] {dag.py:3696} INFO - Setting next_dagrun for example_params_trigger_ui to None, run_after=None
[2025-06-07T03:20:27.132+0000] {processor.py:179} INFO - Processing /home/airflow/.local/lib/python3.8/site-packages/airflow/example_dags/example_params_trigger_ui.py took 0.040 seconds
[2025-06-07T03:20:57.486+0000] {processor.py:157} INFO - Started process (PID=285) to work on /home/airflow/.local/lib/python3.8/site-packages/airflow/example_dags/example_params_trigger_ui.py
[2025-06-07T03:20:57.488+0000] {processor.py:829} INFO - Processing file /home/airflow/.local/lib/python3.8/site-packages/airflow/example_dags/example_params_trigger_ui.py for tasks to queue
[2025-06-07T03:20:57.489+0000] {logging_mixin.py:151} INFO - [2025-06-07T03:20:57.489+0000] {dagbag.py:539} INFO - Filling up the DagBag from /home/airflow/.local/lib/python3.8/site-packages/airflow/example_dags/example_params_trigger_ui.py
[2025-06-07T03:20:57.496+0000] {processor.py:839} INFO - DAG(s) dict_keys(['example_params_trigger_ui']) retrieved from /home/airflow/.local/lib/python3.8/site-packages/airflow/example_dags/example_params_trigger_ui.py
[2025-06-07T03:20:57.513+0000] {logging_mixin.py:151} INFO - [2025-06-07T03:20:57.513+0000] {dag.py:2915} INFO - Sync 1 DAGs
[2025-06-07T03:20:57.518+0000] {logging_mixin.py:151} INFO - [2025-06-07T03:20:57.518+0000] {dag.py:3696} INFO - Setting next_dagrun for example_params_trigger_ui to None, run_after=None
[2025-06-07T03:20:57.524+0000] {processor.py:179} INFO - Processing /home/airflow/.local/lib/python3.8/site-packages/airflow/example_dags/example_params_trigger_ui.py took 0.040 seconds
