[2025-06-07T03:18:55.057+0000] {processor.py:157} INFO - Started process (PID=51) to work on /home/airflow/.local/lib/python3.8/site-packages/airflow/example_dags/example_branch_python_dop_operator_3.py
[2025-06-07T03:18:55.058+0000] {processor.py:829} INFO - Processing file /home/airflow/.local/lib/python3.8/site-packages/airflow/example_dags/example_branch_python_dop_operator_3.py for tasks to queue
[2025-06-07T03:18:55.059+0000] {logging_mixin.py:151} INFO - [2025-06-07T03:18:55.059+0000] {dagbag.py:539} INFO - Filling up the DagBag from /home/airflow/.local/lib/python3.8/site-packages/airflow/example_dags/example_branch_python_dop_operator_3.py
[2025-06-07T03:18:55.063+0000] {processor.py:839} INFO - DAG(s) dict_keys(['example_branch_dop_operator_v3']) retrieved from /home/airflow/.local/lib/python3.8/site-packages/airflow/example_dags/example_branch_python_dop_operator_3.py
[2025-06-07T03:18:55.070+0000] {logging_mixin.py:151} INFO - [2025-06-07T03:18:55.070+0000] {dag.py:2915} INFO - Sync 1 DAGs
[2025-06-07T03:18:55.084+0000] {logging_mixin.py:151} INFO - [2025-06-07T03:18:55.084+0000] {dag.py:3696} INFO - Setting next_dagrun for example_branch_dop_operator_v3 to 2025-06-07T03:17:00+00:00, run_after=2025-06-07T03:18:00+00:00
[2025-06-07T03:18:55.092+0000] {processor.py:179} INFO - Processing /home/airflow/.local/lib/python3.8/site-packages/airflow/example_dags/example_branch_python_dop_operator_3.py took 0.037 seconds
[2025-06-07T03:19:25.401+0000] {processor.py:157} INFO - Started process (PID=104) to work on /home/airflow/.local/lib/python3.8/site-packages/airflow/example_dags/example_branch_python_dop_operator_3.py
[2025-06-07T03:19:25.401+0000] {processor.py:829} INFO - Processing file /home/airflow/.local/lib/python3.8/site-packages/airflow/example_dags/example_branch_python_dop_operator_3.py for tasks to queue
[2025-06-07T03:19:25.403+0000] {logging_mixin.py:151} INFO - [2025-06-07T03:19:25.403+0000] {dagbag.py:539} INFO - Filling up the DagBag from /home/airflow/.local/lib/python3.8/site-packages/airflow/example_dags/example_branch_python_dop_operator_3.py
[2025-06-07T03:19:25.407+0000] {processor.py:839} INFO - DAG(s) dict_keys(['example_branch_dop_operator_v3']) retrieved from /home/airflow/.local/lib/python3.8/site-packages/airflow/example_dags/example_branch_python_dop_operator_3.py
[2025-06-07T03:19:25.415+0000] {logging_mixin.py:151} INFO - [2025-06-07T03:19:25.415+0000] {dag.py:2915} INFO - Sync 1 DAGs
[2025-06-07T03:19:25.425+0000] {logging_mixin.py:151} INFO - [2025-06-07T03:19:25.425+0000] {dag.py:3696} INFO - Setting next_dagrun for example_branch_dop_operator_v3 to 2025-06-07T03:18:00+00:00, run_after=2025-06-07T03:19:00+00:00
[2025-06-07T03:19:25.434+0000] {processor.py:179} INFO - Processing /home/airflow/.local/lib/python3.8/site-packages/airflow/example_dags/example_branch_python_dop_operator_3.py took 0.035 seconds
[2025-06-07T03:19:56.109+0000] {processor.py:157} INFO - Started process (PID=159) to work on /home/airflow/.local/lib/python3.8/site-packages/airflow/example_dags/example_branch_python_dop_operator_3.py
[2025-06-07T03:19:56.109+0000] {processor.py:829} INFO - Processing file /home/airflow/.local/lib/python3.8/site-packages/airflow/example_dags/example_branch_python_dop_operator_3.py for tasks to queue
[2025-06-07T03:19:56.110+0000] {logging_mixin.py:151} INFO - [2025-06-07T03:19:56.110+0000] {dagbag.py:539} INFO - Filling up the DagBag from /home/airflow/.local/lib/python3.8/site-packages/airflow/example_dags/example_branch_python_dop_operator_3.py
[2025-06-07T03:19:56.113+0000] {processor.py:839} INFO - DAG(s) dict_keys(['example_branch_dop_operator_v3']) retrieved from /home/airflow/.local/lib/python3.8/site-packages/airflow/example_dags/example_branch_python_dop_operator_3.py
[2025-06-07T03:19:56.121+0000] {logging_mixin.py:151} INFO - [2025-06-07T03:19:56.121+0000] {dag.py:2915} INFO - Sync 1 DAGs
[2025-06-07T03:19:56.132+0000] {logging_mixin.py:151} INFO - [2025-06-07T03:19:56.132+0000] {dag.py:3696} INFO - Setting next_dagrun for example_branch_dop_operator_v3 to 2025-06-07T03:18:00+00:00, run_after=2025-06-07T03:19:00+00:00
[2025-06-07T03:19:56.141+0000] {processor.py:179} INFO - Processing /home/airflow/.local/lib/python3.8/site-packages/airflow/example_dags/example_branch_python_dop_operator_3.py took 0.033 seconds
[2025-06-07T03:20:26.681+0000] {processor.py:157} INFO - Started process (PID=213) to work on /home/airflow/.local/lib/python3.8/site-packages/airflow/example_dags/example_branch_python_dop_operator_3.py
[2025-06-07T03:20:26.681+0000] {processor.py:829} INFO - Processing file /home/airflow/.local/lib/python3.8/site-packages/airflow/example_dags/example_branch_python_dop_operator_3.py for tasks to queue
[2025-06-07T03:20:26.682+0000] {logging_mixin.py:151} INFO - [2025-06-07T03:20:26.682+0000] {dagbag.py:539} INFO - Filling up the DagBag from /home/airflow/.local/lib/python3.8/site-packages/airflow/example_dags/example_branch_python_dop_operator_3.py
[2025-06-07T03:20:26.685+0000] {processor.py:839} INFO - DAG(s) dict_keys(['example_branch_dop_operator_v3']) retrieved from /home/airflow/.local/lib/python3.8/site-packages/airflow/example_dags/example_branch_python_dop_operator_3.py
[2025-06-07T03:20:26.692+0000] {logging_mixin.py:151} INFO - [2025-06-07T03:20:26.692+0000] {dag.py:2915} INFO - Sync 1 DAGs
[2025-06-07T03:20:26.701+0000] {logging_mixin.py:151} INFO - [2025-06-07T03:20:26.701+0000] {dag.py:3696} INFO - Setting next_dagrun for example_branch_dop_operator_v3 to 2025-06-07T03:19:00+00:00, run_after=2025-06-07T03:20:00+00:00
[2025-06-07T03:20:26.706+0000] {processor.py:179} INFO - Processing /home/airflow/.local/lib/python3.8/site-packages/airflow/example_dags/example_branch_python_dop_operator_3.py took 0.027 seconds
[2025-06-07T03:20:57.085+0000] {processor.py:157} INFO - Started process (PID=267) to work on /home/airflow/.local/lib/python3.8/site-packages/airflow/example_dags/example_branch_python_dop_operator_3.py
[2025-06-07T03:20:57.085+0000] {processor.py:829} INFO - Processing file /home/airflow/.local/lib/python3.8/site-packages/airflow/example_dags/example_branch_python_dop_operator_3.py for tasks to queue
[2025-06-07T03:20:57.086+0000] {logging_mixin.py:151} INFO - [2025-06-07T03:20:57.086+0000] {dagbag.py:539} INFO - Filling up the DagBag from /home/airflow/.local/lib/python3.8/site-packages/airflow/example_dags/example_branch_python_dop_operator_3.py
[2025-06-07T03:20:57.089+0000] {processor.py:839} INFO - DAG(s) dict_keys(['example_branch_dop_operator_v3']) retrieved from /home/airflow/.local/lib/python3.8/site-packages/airflow/example_dags/example_branch_python_dop_operator_3.py
[2025-06-07T03:20:57.096+0000] {logging_mixin.py:151} INFO - [2025-06-07T03:20:57.096+0000] {dag.py:2915} INFO - Sync 1 DAGs
[2025-06-07T03:20:57.104+0000] {logging_mixin.py:151} INFO - [2025-06-07T03:20:57.104+0000] {dag.py:3696} INFO - Setting next_dagrun for example_branch_dop_operator_v3 to 2025-06-07T03:19:00+00:00, run_after=2025-06-07T03:20:00+00:00
[2025-06-07T03:20:57.110+0000] {processor.py:179} INFO - Processing /home/airflow/.local/lib/python3.8/site-packages/airflow/example_dags/example_branch_python_dop_operator_3.py took 0.026 seconds
