[2025-06-07T03:18:55.640+0000] {processor.py:157} INFO - Started process (PID=63) to work on /home/airflow/.local/lib/python3.8/site-packages/airflow/example_dags/example_complex.py
[2025-06-07T03:18:55.641+0000] {processor.py:829} INFO - Processing file /home/airflow/.local/lib/python3.8/site-packages/airflow/example_dags/example_complex.py for tasks to queue
[2025-06-07T03:18:55.642+0000] {logging_mixin.py:151} INFO - [2025-06-07T03:18:55.642+0000] {dagbag.py:539} INFO - Filling up the DagBag from /home/airflow/.local/lib/python3.8/site-packages/airflow/example_dags/example_complex.py
[2025-06-07T03:18:55.650+0000] {processor.py:839} INFO - DAG(s) dict_keys(['example_complex']) retrieved from /home/airflow/.local/lib/python3.8/site-packages/airflow/example_dags/example_complex.py
[2025-06-07T03:18:55.656+0000] {logging_mixin.py:151} INFO - [2025-06-07T03:18:55.656+0000] {dag.py:2915} INFO - Sync 1 DAGs
[2025-06-07T03:18:55.661+0000] {logging_mixin.py:151} INFO - [2025-06-07T03:18:55.661+0000] {dag.py:3696} INFO - Setting next_dagrun for example_complex to None, run_after=None
[2025-06-07T03:18:55.670+0000] {processor.py:179} INFO - Processing /home/airflow/.local/lib/python3.8/site-packages/airflow/example_dags/example_complex.py took 0.031 seconds
[2025-06-07T03:19:25.807+0000] {processor.py:157} INFO - Started process (PID=117) to work on /home/airflow/.local/lib/python3.8/site-packages/airflow/example_dags/example_complex.py
[2025-06-07T03:19:25.808+0000] {processor.py:829} INFO - Processing file /home/airflow/.local/lib/python3.8/site-packages/airflow/example_dags/example_complex.py for tasks to queue
[2025-06-07T03:19:25.810+0000] {logging_mixin.py:151} INFO - [2025-06-07T03:19:25.810+0000] {dagbag.py:539} INFO - Filling up the DagBag from /home/airflow/.local/lib/python3.8/site-packages/airflow/example_dags/example_complex.py
[2025-06-07T03:19:25.815+0000] {processor.py:839} INFO - DAG(s) dict_keys(['example_complex']) retrieved from /home/airflow/.local/lib/python3.8/site-packages/airflow/example_dags/example_complex.py
[2025-06-07T03:19:25.827+0000] {logging_mixin.py:151} INFO - [2025-06-07T03:19:25.827+0000] {dag.py:2915} INFO - Sync 1 DAGs
[2025-06-07T03:19:25.831+0000] {logging_mixin.py:151} INFO - [2025-06-07T03:19:25.831+0000] {dag.py:3696} INFO - Setting next_dagrun for example_complex to None, run_after=None
[2025-06-07T03:19:25.838+0000] {processor.py:179} INFO - Processing /home/airflow/.local/lib/python3.8/site-packages/airflow/example_dags/example_complex.py took 0.032 seconds
[2025-06-07T03:19:56.425+0000] {processor.py:157} INFO - Started process (PID=171) to work on /home/airflow/.local/lib/python3.8/site-packages/airflow/example_dags/example_complex.py
[2025-06-07T03:19:56.425+0000] {processor.py:829} INFO - Processing file /home/airflow/.local/lib/python3.8/site-packages/airflow/example_dags/example_complex.py for tasks to queue
[2025-06-07T03:19:56.426+0000] {logging_mixin.py:151} INFO - [2025-06-07T03:19:56.426+0000] {dagbag.py:539} INFO - Filling up the DagBag from /home/airflow/.local/lib/python3.8/site-packages/airflow/example_dags/example_complex.py
[2025-06-07T03:19:56.430+0000] {processor.py:839} INFO - DAG(s) dict_keys(['example_complex']) retrieved from /home/airflow/.local/lib/python3.8/site-packages/airflow/example_dags/example_complex.py
[2025-06-07T03:19:56.443+0000] {logging_mixin.py:151} INFO - [2025-06-07T03:19:56.443+0000] {dag.py:2915} INFO - Sync 1 DAGs
[2025-06-07T03:19:56.448+0000] {logging_mixin.py:151} INFO - [2025-06-07T03:19:56.448+0000] {dag.py:3696} INFO - Setting next_dagrun for example_complex to None, run_after=None
[2025-06-07T03:19:56.458+0000] {processor.py:179} INFO - Processing /home/airflow/.local/lib/python3.8/site-packages/airflow/example_dags/example_complex.py took 0.035 seconds
[2025-06-07T03:20:26.952+0000] {processor.py:157} INFO - Started process (PID=225) to work on /home/airflow/.local/lib/python3.8/site-packages/airflow/example_dags/example_complex.py
[2025-06-07T03:20:26.953+0000] {processor.py:829} INFO - Processing file /home/airflow/.local/lib/python3.8/site-packages/airflow/example_dags/example_complex.py for tasks to queue
[2025-06-07T03:20:26.953+0000] {logging_mixin.py:151} INFO - [2025-06-07T03:20:26.953+0000] {dagbag.py:539} INFO - Filling up the DagBag from /home/airflow/.local/lib/python3.8/site-packages/airflow/example_dags/example_complex.py
[2025-06-07T03:20:26.957+0000] {processor.py:839} INFO - DAG(s) dict_keys(['example_complex']) retrieved from /home/airflow/.local/lib/python3.8/site-packages/airflow/example_dags/example_complex.py
[2025-06-07T03:20:26.969+0000] {logging_mixin.py:151} INFO - [2025-06-07T03:20:26.969+0000] {dag.py:2915} INFO - Sync 1 DAGs
[2025-06-07T03:20:26.974+0000] {logging_mixin.py:151} INFO - [2025-06-07T03:20:26.974+0000] {dag.py:3696} INFO - Setting next_dagrun for example_complex to None, run_after=None
[2025-06-07T03:20:26.983+0000] {processor.py:179} INFO - Processing /home/airflow/.local/lib/python3.8/site-packages/airflow/example_dags/example_complex.py took 0.032 seconds
[2025-06-07T03:20:57.363+0000] {processor.py:157} INFO - Started process (PID=279) to work on /home/airflow/.local/lib/python3.8/site-packages/airflow/example_dags/example_complex.py
[2025-06-07T03:20:57.365+0000] {processor.py:829} INFO - Processing file /home/airflow/.local/lib/python3.8/site-packages/airflow/example_dags/example_complex.py for tasks to queue
[2025-06-07T03:20:57.366+0000] {logging_mixin.py:151} INFO - [2025-06-07T03:20:57.366+0000] {dagbag.py:539} INFO - Filling up the DagBag from /home/airflow/.local/lib/python3.8/site-packages/airflow/example_dags/example_complex.py
[2025-06-07T03:20:57.371+0000] {processor.py:839} INFO - DAG(s) dict_keys(['example_complex']) retrieved from /home/airflow/.local/lib/python3.8/site-packages/airflow/example_dags/example_complex.py
[2025-06-07T03:20:57.383+0000] {logging_mixin.py:151} INFO - [2025-06-07T03:20:57.383+0000] {dag.py:2915} INFO - Sync 1 DAGs
[2025-06-07T03:20:57.387+0000] {logging_mixin.py:151} INFO - [2025-06-07T03:20:57.387+0000] {dag.py:3696} INFO - Setting next_dagrun for example_complex to None, run_after=None
[2025-06-07T03:20:57.398+0000] {processor.py:179} INFO - Processing /home/airflow/.local/lib/python3.8/site-packages/airflow/example_dags/example_complex.py took 0.036 seconds
