[2025-06-07T03:18:55.769+0000] {processor.py:157} INFO - Started process (PID=68) to work on /home/airflow/.local/lib/python3.8/site-packages/airflow/example_dags/example_dynamic_task_mapping_with_no_taskflow_operators.py
[2025-06-07T03:18:55.769+0000] {processor.py:829} INFO - Processing file /home/airflow/.local/lib/python3.8/site-packages/airflow/example_dags/example_dynamic_task_mapping_with_no_taskflow_operators.py for tasks to queue
[2025-06-07T03:18:55.773+0000] {logging_mixin.py:151} INFO - [2025-06-07T03:18:55.773+0000] {dagbag.py:539} INFO - Filling up the DagBag from /home/airflow/.local/lib/python3.8/site-packages/airflow/example_dags/example_dynamic_task_mapping_with_no_taskflow_operators.py
[2025-06-07T03:18:55.778+0000] {processor.py:839} INFO - DAG(s) dict_keys(['example_dynamic_task_mapping_with_no_taskflow_operators']) retrieved from /home/airflow/.local/lib/python3.8/site-packages/airflow/example_dags/example_dynamic_task_mapping_with_no_taskflow_operators.py
[2025-06-07T03:18:55.787+0000] {logging_mixin.py:151} INFO - [2025-06-07T03:18:55.786+0000] {dag.py:2915} INFO - Sync 1 DAGs
[2025-06-07T03:18:55.801+0000] {logging_mixin.py:151} INFO - [2025-06-07T03:18:55.800+0000] {dag.py:3696} INFO - Setting next_dagrun for example_dynamic_task_mapping_with_no_taskflow_operators to 2025-06-06T03:18:55.800698+00:00, run_after=2025-06-07T03:18:55.800698+00:00
[2025-06-07T03:18:55.814+0000] {processor.py:179} INFO - Processing /home/airflow/.local/lib/python3.8/site-packages/airflow/example_dags/example_dynamic_task_mapping_with_no_taskflow_operators.py took 0.047 seconds
[2025-06-07T03:19:25.907+0000] {processor.py:157} INFO - Started process (PID=122) to work on /home/airflow/.local/lib/python3.8/site-packages/airflow/example_dags/example_dynamic_task_mapping_with_no_taskflow_operators.py
[2025-06-07T03:19:25.907+0000] {processor.py:829} INFO - Processing file /home/airflow/.local/lib/python3.8/site-packages/airflow/example_dags/example_dynamic_task_mapping_with_no_taskflow_operators.py for tasks to queue
[2025-06-07T03:19:25.908+0000] {logging_mixin.py:151} INFO - [2025-06-07T03:19:25.908+0000] {dagbag.py:539} INFO - Filling up the DagBag from /home/airflow/.local/lib/python3.8/site-packages/airflow/example_dags/example_dynamic_task_mapping_with_no_taskflow_operators.py
[2025-06-07T03:19:25.911+0000] {processor.py:839} INFO - DAG(s) dict_keys(['example_dynamic_task_mapping_with_no_taskflow_operators']) retrieved from /home/airflow/.local/lib/python3.8/site-packages/airflow/example_dags/example_dynamic_task_mapping_with_no_taskflow_operators.py
[2025-06-07T03:19:25.920+0000] {logging_mixin.py:151} INFO - [2025-06-07T03:19:25.919+0000] {dag.py:2915} INFO - Sync 1 DAGs
[2025-06-07T03:19:25.930+0000] {logging_mixin.py:151} INFO - [2025-06-07T03:19:25.930+0000] {dag.py:3696} INFO - Setting next_dagrun for example_dynamic_task_mapping_with_no_taskflow_operators to 2025-06-06T03:19:25.930184+00:00, run_after=2025-06-07T03:19:25.930184+00:00
[2025-06-07T03:19:25.939+0000] {processor.py:179} INFO - Processing /home/airflow/.local/lib/python3.8/site-packages/airflow/example_dags/example_dynamic_task_mapping_with_no_taskflow_operators.py took 0.034 seconds
[2025-06-07T03:19:56.576+0000] {processor.py:157} INFO - Started process (PID=176) to work on /home/airflow/.local/lib/python3.8/site-packages/airflow/example_dags/example_dynamic_task_mapping_with_no_taskflow_operators.py
[2025-06-07T03:19:56.578+0000] {processor.py:829} INFO - Processing file /home/airflow/.local/lib/python3.8/site-packages/airflow/example_dags/example_dynamic_task_mapping_with_no_taskflow_operators.py for tasks to queue
[2025-06-07T03:19:56.578+0000] {logging_mixin.py:151} INFO - [2025-06-07T03:19:56.578+0000] {dagbag.py:539} INFO - Filling up the DagBag from /home/airflow/.local/lib/python3.8/site-packages/airflow/example_dags/example_dynamic_task_mapping_with_no_taskflow_operators.py
[2025-06-07T03:19:56.582+0000] {processor.py:839} INFO - DAG(s) dict_keys(['example_dynamic_task_mapping_with_no_taskflow_operators']) retrieved from /home/airflow/.local/lib/python3.8/site-packages/airflow/example_dags/example_dynamic_task_mapping_with_no_taskflow_operators.py
[2025-06-07T03:19:56.591+0000] {logging_mixin.py:151} INFO - [2025-06-07T03:19:56.591+0000] {dag.py:2915} INFO - Sync 1 DAGs
[2025-06-07T03:19:56.600+0000] {logging_mixin.py:151} INFO - [2025-06-07T03:19:56.600+0000] {dag.py:3696} INFO - Setting next_dagrun for example_dynamic_task_mapping_with_no_taskflow_operators to 2025-06-06T03:19:56.600021+00:00, run_after=2025-06-07T03:19:56.600021+00:00
[2025-06-07T03:19:56.609+0000] {processor.py:179} INFO - Processing /home/airflow/.local/lib/python3.8/site-packages/airflow/example_dags/example_dynamic_task_mapping_with_no_taskflow_operators.py took 0.034 seconds
[2025-06-07T03:20:27.078+0000] {processor.py:157} INFO - Started process (PID=230) to work on /home/airflow/.local/lib/python3.8/site-packages/airflow/example_dags/example_dynamic_task_mapping_with_no_taskflow_operators.py
[2025-06-07T03:20:27.080+0000] {processor.py:829} INFO - Processing file /home/airflow/.local/lib/python3.8/site-packages/airflow/example_dags/example_dynamic_task_mapping_with_no_taskflow_operators.py for tasks to queue
[2025-06-07T03:20:27.080+0000] {logging_mixin.py:151} INFO - [2025-06-07T03:20:27.080+0000] {dagbag.py:539} INFO - Filling up the DagBag from /home/airflow/.local/lib/python3.8/site-packages/airflow/example_dags/example_dynamic_task_mapping_with_no_taskflow_operators.py
[2025-06-07T03:20:27.083+0000] {processor.py:839} INFO - DAG(s) dict_keys(['example_dynamic_task_mapping_with_no_taskflow_operators']) retrieved from /home/airflow/.local/lib/python3.8/site-packages/airflow/example_dags/example_dynamic_task_mapping_with_no_taskflow_operators.py
[2025-06-07T03:20:27.091+0000] {logging_mixin.py:151} INFO - [2025-06-07T03:20:27.091+0000] {dag.py:2915} INFO - Sync 1 DAGs
[2025-06-07T03:20:27.099+0000] {logging_mixin.py:151} INFO - [2025-06-07T03:20:27.099+0000] {dag.py:3696} INFO - Setting next_dagrun for example_dynamic_task_mapping_with_no_taskflow_operators to 2025-06-06T03:20:27.099435+00:00, run_after=2025-06-07T03:20:27.099435+00:00
[2025-06-07T03:20:27.106+0000] {processor.py:179} INFO - Processing /home/airflow/.local/lib/python3.8/site-packages/airflow/example_dags/example_dynamic_task_mapping_with_no_taskflow_operators.py took 0.029 seconds
[2025-06-07T03:20:57.484+0000] {processor.py:157} INFO - Started process (PID=284) to work on /home/airflow/.local/lib/python3.8/site-packages/airflow/example_dags/example_dynamic_task_mapping_with_no_taskflow_operators.py
[2025-06-07T03:20:57.484+0000] {processor.py:829} INFO - Processing file /home/airflow/.local/lib/python3.8/site-packages/airflow/example_dags/example_dynamic_task_mapping_with_no_taskflow_operators.py for tasks to queue
[2025-06-07T03:20:57.485+0000] {logging_mixin.py:151} INFO - [2025-06-07T03:20:57.485+0000] {dagbag.py:539} INFO - Filling up the DagBag from /home/airflow/.local/lib/python3.8/site-packages/airflow/example_dags/example_dynamic_task_mapping_with_no_taskflow_operators.py
[2025-06-07T03:20:57.488+0000] {processor.py:839} INFO - DAG(s) dict_keys(['example_dynamic_task_mapping_with_no_taskflow_operators']) retrieved from /home/airflow/.local/lib/python3.8/site-packages/airflow/example_dags/example_dynamic_task_mapping_with_no_taskflow_operators.py
[2025-06-07T03:20:57.498+0000] {logging_mixin.py:151} INFO - [2025-06-07T03:20:57.497+0000] {dag.py:2915} INFO - Sync 1 DAGs
[2025-06-07T03:20:57.505+0000] {logging_mixin.py:151} INFO - [2025-06-07T03:20:57.505+0000] {dag.py:3696} INFO - Setting next_dagrun for example_dynamic_task_mapping_with_no_taskflow_operators to 2025-06-06T03:20:57.505526+00:00, run_after=2025-06-07T03:20:57.505526+00:00
[2025-06-07T03:20:57.513+0000] {processor.py:179} INFO - Processing /home/airflow/.local/lib/python3.8/site-packages/airflow/example_dags/example_dynamic_task_mapping_with_no_taskflow_operators.py took 0.031 seconds
