[2025-06-07T03:18:55.532+0000] {processor.py:157} INFO - Started process (PID=61) to work on /home/airflow/.local/lib/python3.8/site-packages/airflow/example_dags/example_dag_decorator.py
[2025-06-07T03:18:55.533+0000] {processor.py:829} INFO - Processing file /home/airflow/.local/lib/python3.8/site-packages/airflow/example_dags/example_dag_decorator.py for tasks to queue
[2025-06-07T03:18:55.535+0000] {logging_mixin.py:151} INFO - [2025-06-07T03:18:55.534+0000] {dagbag.py:539} INFO - Filling up the DagBag from /home/airflow/.local/lib/python3.8/site-packages/airflow/example_dags/example_dag_decorator.py
[2025-06-07T03:18:55.609+0000] {processor.py:839} INFO - DAG(s) dict_keys(['example_dag_decorator']) retrieved from /home/airflow/.local/lib/python3.8/site-packages/airflow/example_dags/example_dag_decorator.py
[2025-06-07T03:18:55.615+0000] {logging_mixin.py:151} INFO - [2025-06-07T03:18:55.615+0000] {dag.py:2915} INFO - Sync 1 DAGs
[2025-06-07T03:18:55.621+0000] {logging_mixin.py:151} INFO - [2025-06-07T03:18:55.621+0000] {dag.py:3696} INFO - Setting next_dagrun for example_dag_decorator to None, run_after=None
[2025-06-07T03:18:55.629+0000] {processor.py:179} INFO - Processing /home/airflow/.local/lib/python3.8/site-packages/airflow/example_dags/example_dag_decorator.py took 0.100 seconds
[2025-06-07T03:19:25.655+0000] {processor.py:157} INFO - Started process (PID=115) to work on /home/airflow/.local/lib/python3.8/site-packages/airflow/example_dags/example_dag_decorator.py
[2025-06-07T03:19:25.656+0000] {processor.py:829} INFO - Processing file /home/airflow/.local/lib/python3.8/site-packages/airflow/example_dags/example_dag_decorator.py for tasks to queue
[2025-06-07T03:19:25.656+0000] {logging_mixin.py:151} INFO - [2025-06-07T03:19:25.656+0000] {dagbag.py:539} INFO - Filling up the DagBag from /home/airflow/.local/lib/python3.8/site-packages/airflow/example_dags/example_dag_decorator.py
[2025-06-07T03:19:25.684+0000] {processor.py:839} INFO - DAG(s) dict_keys(['example_dag_decorator']) retrieved from /home/airflow/.local/lib/python3.8/site-packages/airflow/example_dags/example_dag_decorator.py
[2025-06-07T03:19:25.782+0000] {logging_mixin.py:151} INFO - [2025-06-07T03:19:25.782+0000] {security.py:708} INFO - Not syncing DAG-level permissions for DAG 'DAG:example_dag_decorator' as access control is unset.
[2025-06-07T03:19:25.782+0000] {logging_mixin.py:151} INFO - [2025-06-07T03:19:25.782+0000] {dag.py:2915} INFO - Sync 1 DAGs
[2025-06-07T03:19:25.788+0000] {logging_mixin.py:151} INFO - [2025-06-07T03:19:25.788+0000] {dag.py:3696} INFO - Setting next_dagrun for example_dag_decorator to None, run_after=None
[2025-06-07T03:19:25.796+0000] {processor.py:179} INFO - Processing /home/airflow/.local/lib/python3.8/site-packages/airflow/example_dags/example_dag_decorator.py took 0.142 seconds
[2025-06-07T03:19:56.373+0000] {processor.py:157} INFO - Started process (PID=169) to work on /home/airflow/.local/lib/python3.8/site-packages/airflow/example_dags/example_dag_decorator.py
[2025-06-07T03:19:56.373+0000] {processor.py:829} INFO - Processing file /home/airflow/.local/lib/python3.8/site-packages/airflow/example_dags/example_dag_decorator.py for tasks to queue
[2025-06-07T03:19:56.374+0000] {logging_mixin.py:151} INFO - [2025-06-07T03:19:56.374+0000] {dagbag.py:539} INFO - Filling up the DagBag from /home/airflow/.local/lib/python3.8/site-packages/airflow/example_dags/example_dag_decorator.py
[2025-06-07T03:19:56.400+0000] {processor.py:839} INFO - DAG(s) dict_keys(['example_dag_decorator']) retrieved from /home/airflow/.local/lib/python3.8/site-packages/airflow/example_dags/example_dag_decorator.py
[2025-06-07T03:19:56.441+0000] {logging_mixin.py:151} INFO - [2025-06-07T03:19:56.441+0000] {security.py:708} INFO - Not syncing DAG-level permissions for DAG 'DAG:example_dag_decorator' as access control is unset.
[2025-06-07T03:19:56.441+0000] {logging_mixin.py:151} INFO - [2025-06-07T03:19:56.441+0000] {dag.py:2915} INFO - Sync 1 DAGs
[2025-06-07T03:19:56.446+0000] {logging_mixin.py:151} INFO - [2025-06-07T03:19:56.446+0000] {dag.py:3696} INFO - Setting next_dagrun for example_dag_decorator to None, run_after=None
[2025-06-07T03:19:56.455+0000] {processor.py:179} INFO - Processing /home/airflow/.local/lib/python3.8/site-packages/airflow/example_dags/example_dag_decorator.py took 0.083 seconds
[2025-06-07T03:20:26.905+0000] {processor.py:157} INFO - Started process (PID=223) to work on /home/airflow/.local/lib/python3.8/site-packages/airflow/example_dags/example_dag_decorator.py
[2025-06-07T03:20:26.905+0000] {processor.py:829} INFO - Processing file /home/airflow/.local/lib/python3.8/site-packages/airflow/example_dags/example_dag_decorator.py for tasks to queue
[2025-06-07T03:20:26.907+0000] {logging_mixin.py:151} INFO - [2025-06-07T03:20:26.907+0000] {dagbag.py:539} INFO - Filling up the DagBag from /home/airflow/.local/lib/python3.8/site-packages/airflow/example_dags/example_dag_decorator.py
[2025-06-07T03:20:26.931+0000] {processor.py:839} INFO - DAG(s) dict_keys(['example_dag_decorator']) retrieved from /home/airflow/.local/lib/python3.8/site-packages/airflow/example_dags/example_dag_decorator.py
[2025-06-07T03:20:26.966+0000] {logging_mixin.py:151} INFO - [2025-06-07T03:20:26.966+0000] {security.py:708} INFO - Not syncing DAG-level permissions for DAG 'DAG:example_dag_decorator' as access control is unset.
[2025-06-07T03:20:26.967+0000] {logging_mixin.py:151} INFO - [2025-06-07T03:20:26.967+0000] {dag.py:2915} INFO - Sync 1 DAGs
[2025-06-07T03:20:26.971+0000] {logging_mixin.py:151} INFO - [2025-06-07T03:20:26.971+0000] {dag.py:3696} INFO - Setting next_dagrun for example_dag_decorator to None, run_after=None
[2025-06-07T03:20:26.980+0000] {processor.py:179} INFO - Processing /home/airflow/.local/lib/python3.8/site-packages/airflow/example_dags/example_dag_decorator.py took 0.076 seconds
[2025-06-07T03:20:57.297+0000] {processor.py:157} INFO - Started process (PID=277) to work on /home/airflow/.local/lib/python3.8/site-packages/airflow/example_dags/example_dag_decorator.py
[2025-06-07T03:20:57.297+0000] {processor.py:829} INFO - Processing file /home/airflow/.local/lib/python3.8/site-packages/airflow/example_dags/example_dag_decorator.py for tasks to queue
[2025-06-07T03:20:57.298+0000] {logging_mixin.py:151} INFO - [2025-06-07T03:20:57.298+0000] {dagbag.py:539} INFO - Filling up the DagBag from /home/airflow/.local/lib/python3.8/site-packages/airflow/example_dags/example_dag_decorator.py
[2025-06-07T03:20:57.327+0000] {processor.py:839} INFO - DAG(s) dict_keys(['example_dag_decorator']) retrieved from /home/airflow/.local/lib/python3.8/site-packages/airflow/example_dags/example_dag_decorator.py
[2025-06-07T03:20:57.362+0000] {logging_mixin.py:151} INFO - [2025-06-07T03:20:57.362+0000] {security.py:708} INFO - Not syncing DAG-level permissions for DAG 'DAG:example_dag_decorator' as access control is unset.
[2025-06-07T03:20:57.363+0000] {logging_mixin.py:151} INFO - [2025-06-07T03:20:57.362+0000] {dag.py:2915} INFO - Sync 1 DAGs
[2025-06-07T03:20:57.366+0000] {logging_mixin.py:151} INFO - [2025-06-07T03:20:57.366+0000] {dag.py:3696} INFO - Setting next_dagrun for example_dag_decorator to None, run_after=None
[2025-06-07T03:20:57.374+0000] {processor.py:179} INFO - Processing /home/airflow/.local/lib/python3.8/site-packages/airflow/example_dags/example_dag_decorator.py took 0.079 seconds
