[2025-06-07T03:18:56.034+0000] {processor.py:157} INFO - Started process (PID=77) to work on /home/airflow/.local/lib/python3.8/site-packages/airflow/example_dags/example_xcomargs.py
[2025-06-07T03:18:56.035+0000] {processor.py:829} INFO - Processing file /home/airflow/.local/lib/python3.8/site-packages/airflow/example_dags/example_xcomargs.py for tasks to queue
[2025-06-07T03:18:56.036+0000] {logging_mixin.py:151} INFO - [2025-06-07T03:18:56.036+0000] {dagbag.py:539} INFO - Filling up the DagBag from /home/airflow/.local/lib/python3.8/site-packages/airflow/example_dags/example_xcomargs.py
[2025-06-07T03:18:56.040+0000] {processor.py:839} INFO - DAG(s) dict_keys(['example_xcom_args', 'example_xcom_args_with_operators']) retrieved from /home/airflow/.local/lib/python3.8/site-packages/airflow/example_dags/example_xcomargs.py
[2025-06-07T03:18:56.046+0000] {logging_mixin.py:151} INFO - [2025-06-07T03:18:56.046+0000] {dag.py:2915} INFO - Sync 2 DAGs
[2025-06-07T03:18:56.053+0000] {logging_mixin.py:151} INFO - [2025-06-07T03:18:56.053+0000] {dag.py:3696} INFO - Setting next_dagrun for example_xcom_args to None, run_after=None
[2025-06-07T03:18:56.055+0000] {logging_mixin.py:151} INFO - [2025-06-07T03:18:56.055+0000] {dag.py:3696} INFO - Setting next_dagrun for example_xcom_args_with_operators to None, run_after=None
[2025-06-07T03:18:56.065+0000] {processor.py:179} INFO - Processing /home/airflow/.local/lib/python3.8/site-packages/airflow/example_dags/example_xcomargs.py took 0.033 seconds
[2025-06-07T03:19:26.110+0000] {processor.py:157} INFO - Started process (PID=130) to work on /home/airflow/.local/lib/python3.8/site-packages/airflow/example_dags/example_xcomargs.py
[2025-06-07T03:19:26.111+0000] {processor.py:829} INFO - Processing file /home/airflow/.local/lib/python3.8/site-packages/airflow/example_dags/example_xcomargs.py for tasks to queue
[2025-06-07T03:19:26.111+0000] {logging_mixin.py:151} INFO - [2025-06-07T03:19:26.111+0000] {dagbag.py:539} INFO - Filling up the DagBag from /home/airflow/.local/lib/python3.8/site-packages/airflow/example_dags/example_xcomargs.py
[2025-06-07T03:19:26.115+0000] {processor.py:839} INFO - DAG(s) dict_keys(['example_xcom_args_with_operators', 'example_xcom_args']) retrieved from /home/airflow/.local/lib/python3.8/site-packages/airflow/example_dags/example_xcomargs.py
[2025-06-07T03:19:26.126+0000] {logging_mixin.py:151} INFO - [2025-06-07T03:19:26.126+0000] {dag.py:2915} INFO - Sync 2 DAGs
[2025-06-07T03:19:26.131+0000] {logging_mixin.py:151} INFO - [2025-06-07T03:19:26.131+0000] {dag.py:3696} INFO - Setting next_dagrun for example_xcom_args to None, run_after=None
[2025-06-07T03:19:26.134+0000] {logging_mixin.py:151} INFO - [2025-06-07T03:19:26.134+0000] {dag.py:3696} INFO - Setting next_dagrun for example_xcom_args_with_operators to None, run_after=None
[2025-06-07T03:19:26.140+0000] {processor.py:179} INFO - Processing /home/airflow/.local/lib/python3.8/site-packages/airflow/example_dags/example_xcomargs.py took 0.032 seconds
[2025-06-07T03:19:56.790+0000] {processor.py:157} INFO - Started process (PID=185) to work on /home/airflow/.local/lib/python3.8/site-packages/airflow/example_dags/example_xcomargs.py
[2025-06-07T03:19:56.790+0000] {processor.py:829} INFO - Processing file /home/airflow/.local/lib/python3.8/site-packages/airflow/example_dags/example_xcomargs.py for tasks to queue
[2025-06-07T03:19:56.791+0000] {logging_mixin.py:151} INFO - [2025-06-07T03:19:56.791+0000] {dagbag.py:539} INFO - Filling up the DagBag from /home/airflow/.local/lib/python3.8/site-packages/airflow/example_dags/example_xcomargs.py
[2025-06-07T03:19:56.794+0000] {processor.py:839} INFO - DAG(s) dict_keys(['example_xcom_args', 'example_xcom_args_with_operators']) retrieved from /home/airflow/.local/lib/python3.8/site-packages/airflow/example_dags/example_xcomargs.py
[2025-06-07T03:19:56.803+0000] {logging_mixin.py:151} INFO - [2025-06-07T03:19:56.803+0000] {dag.py:2915} INFO - Sync 2 DAGs
[2025-06-07T03:19:56.809+0000] {logging_mixin.py:151} INFO - [2025-06-07T03:19:56.809+0000] {dag.py:3696} INFO - Setting next_dagrun for example_xcom_args to None, run_after=None
[2025-06-07T03:19:56.810+0000] {logging_mixin.py:151} INFO - [2025-06-07T03:19:56.810+0000] {dag.py:3696} INFO - Setting next_dagrun for example_xcom_args_with_operators to None, run_after=None
[2025-06-07T03:19:56.816+0000] {processor.py:179} INFO - Processing /home/airflow/.local/lib/python3.8/site-packages/airflow/example_dags/example_xcomargs.py took 0.027 seconds
[2025-06-07T03:20:27.272+0000] {processor.py:157} INFO - Started process (PID=239) to work on /home/airflow/.local/lib/python3.8/site-packages/airflow/example_dags/example_xcomargs.py
[2025-06-07T03:20:27.273+0000] {processor.py:829} INFO - Processing file /home/airflow/.local/lib/python3.8/site-packages/airflow/example_dags/example_xcomargs.py for tasks to queue
[2025-06-07T03:20:27.274+0000] {logging_mixin.py:151} INFO - [2025-06-07T03:20:27.273+0000] {dagbag.py:539} INFO - Filling up the DagBag from /home/airflow/.local/lib/python3.8/site-packages/airflow/example_dags/example_xcomargs.py
[2025-06-07T03:20:27.276+0000] {processor.py:839} INFO - DAG(s) dict_keys(['example_xcom_args', 'example_xcom_args_with_operators']) retrieved from /home/airflow/.local/lib/python3.8/site-packages/airflow/example_dags/example_xcomargs.py
[2025-06-07T03:20:27.285+0000] {logging_mixin.py:151} INFO - [2025-06-07T03:20:27.285+0000] {dag.py:2915} INFO - Sync 2 DAGs
[2025-06-07T03:20:27.291+0000] {logging_mixin.py:151} INFO - [2025-06-07T03:20:27.291+0000] {dag.py:3696} INFO - Setting next_dagrun for example_xcom_args to None, run_after=None
[2025-06-07T03:20:27.293+0000] {logging_mixin.py:151} INFO - [2025-06-07T03:20:27.293+0000] {dag.py:3696} INFO - Setting next_dagrun for example_xcom_args_with_operators to None, run_after=None
[2025-06-07T03:20:27.300+0000] {processor.py:179} INFO - Processing /home/airflow/.local/lib/python3.8/site-packages/airflow/example_dags/example_xcomargs.py took 0.028 seconds
[2025-06-07T03:20:57.641+0000] {processor.py:157} INFO - Started process (PID=293) to work on /home/airflow/.local/lib/python3.8/site-packages/airflow/example_dags/example_xcomargs.py
[2025-06-07T03:20:57.641+0000] {processor.py:829} INFO - Processing file /home/airflow/.local/lib/python3.8/site-packages/airflow/example_dags/example_xcomargs.py for tasks to queue
[2025-06-07T03:20:57.642+0000] {logging_mixin.py:151} INFO - [2025-06-07T03:20:57.642+0000] {dagbag.py:539} INFO - Filling up the DagBag from /home/airflow/.local/lib/python3.8/site-packages/airflow/example_dags/example_xcomargs.py
[2025-06-07T03:20:57.646+0000] {processor.py:839} INFO - DAG(s) dict_keys(['example_xcom_args', 'example_xcom_args_with_operators']) retrieved from /home/airflow/.local/lib/python3.8/site-packages/airflow/example_dags/example_xcomargs.py
[2025-06-07T03:20:57.658+0000] {logging_mixin.py:151} INFO - [2025-06-07T03:20:57.658+0000] {dag.py:2915} INFO - Sync 2 DAGs
[2025-06-07T03:20:57.664+0000] {logging_mixin.py:151} INFO - [2025-06-07T03:20:57.664+0000] {dag.py:3696} INFO - Setting next_dagrun for example_xcom_args to None, run_after=None
[2025-06-07T03:20:57.668+0000] {logging_mixin.py:151} INFO - [2025-06-07T03:20:57.668+0000] {dag.py:3696} INFO - Setting next_dagrun for example_xcom_args_with_operators to None, run_after=None
[2025-06-07T03:20:57.674+0000] {processor.py:179} INFO - Processing /home/airflow/.local/lib/python3.8/site-packages/airflow/example_dags/example_xcomargs.py took 0.035 seconds
