[2025-06-07T03:18:55.382+0000] {processor.py:157} INFO - Started process (PID=58) to work on /home/airflow/.local/lib/python3.8/site-packages/airflow/example_dags/example_setup_teardown_taskflow.py
[2025-06-07T03:18:55.382+0000] {processor.py:829} INFO - Processing file /home/airflow/.local/lib/python3.8/site-packages/airflow/example_dags/example_setup_teardown_taskflow.py for tasks to queue
[2025-06-07T03:18:55.383+0000] {logging_mixin.py:151} INFO - [2025-06-07T03:18:55.383+0000] {dagbag.py:539} INFO - Filling up the DagBag from /home/airflow/.local/lib/python3.8/site-packages/airflow/example_dags/example_setup_teardown_taskflow.py
[2025-06-07T03:18:55.390+0000] {processor.py:839} INFO - DAG(s) dict_keys(['example_setup_teardown_taskflow']) retrieved from /home/airflow/.local/lib/python3.8/site-packages/airflow/example_dags/example_setup_teardown_taskflow.py
[2025-06-07T03:18:55.396+0000] {logging_mixin.py:151} INFO - [2025-06-07T03:18:55.396+0000] {dag.py:2915} INFO - Sync 1 DAGs
[2025-06-07T03:18:55.408+0000] {logging_mixin.py:151} INFO - [2025-06-07T03:18:55.408+0000] {dag.py:3696} INFO - Setting next_dagrun for example_setup_teardown_taskflow to 2025-06-06T03:18:55.408495+00:00, run_after=2025-06-07T03:18:55.408495+00:00
[2025-06-07T03:18:55.418+0000] {processor.py:179} INFO - Processing /home/airflow/.local/lib/python3.8/site-packages/airflow/example_dags/example_setup_teardown_taskflow.py took 0.038 seconds
[2025-06-07T03:19:25.583+0000] {processor.py:157} INFO - Started process (PID=111) to work on /home/airflow/.local/lib/python3.8/site-packages/airflow/example_dags/example_setup_teardown_taskflow.py
[2025-06-07T03:19:25.583+0000] {processor.py:829} INFO - Processing file /home/airflow/.local/lib/python3.8/site-packages/airflow/example_dags/example_setup_teardown_taskflow.py for tasks to queue
[2025-06-07T03:19:25.584+0000] {logging_mixin.py:151} INFO - [2025-06-07T03:19:25.584+0000] {dagbag.py:539} INFO - Filling up the DagBag from /home/airflow/.local/lib/python3.8/site-packages/airflow/example_dags/example_setup_teardown_taskflow.py
[2025-06-07T03:19:25.588+0000] {processor.py:839} INFO - DAG(s) dict_keys(['example_setup_teardown_taskflow']) retrieved from /home/airflow/.local/lib/python3.8/site-packages/airflow/example_dags/example_setup_teardown_taskflow.py
[2025-06-07T03:19:25.595+0000] {logging_mixin.py:151} INFO - [2025-06-07T03:19:25.595+0000] {dag.py:2915} INFO - Sync 1 DAGs
[2025-06-07T03:19:25.604+0000] {logging_mixin.py:151} INFO - [2025-06-07T03:19:25.604+0000] {dag.py:3696} INFO - Setting next_dagrun for example_setup_teardown_taskflow to 2025-06-06T03:19:25.604235+00:00, run_after=2025-06-07T03:19:25.604235+00:00
[2025-06-07T03:19:25.611+0000] {processor.py:179} INFO - Processing /home/airflow/.local/lib/python3.8/site-packages/airflow/example_dags/example_setup_teardown_taskflow.py took 0.030 seconds
[2025-06-07T03:19:56.290+0000] {processor.py:157} INFO - Started process (PID=166) to work on /home/airflow/.local/lib/python3.8/site-packages/airflow/example_dags/example_setup_teardown_taskflow.py
[2025-06-07T03:19:56.290+0000] {processor.py:829} INFO - Processing file /home/airflow/.local/lib/python3.8/site-packages/airflow/example_dags/example_setup_teardown_taskflow.py for tasks to queue
[2025-06-07T03:19:56.291+0000] {logging_mixin.py:151} INFO - [2025-06-07T03:19:56.291+0000] {dagbag.py:539} INFO - Filling up the DagBag from /home/airflow/.local/lib/python3.8/site-packages/airflow/example_dags/example_setup_teardown_taskflow.py
[2025-06-07T03:19:56.295+0000] {processor.py:839} INFO - DAG(s) dict_keys(['example_setup_teardown_taskflow']) retrieved from /home/airflow/.local/lib/python3.8/site-packages/airflow/example_dags/example_setup_teardown_taskflow.py
[2025-06-07T03:19:56.304+0000] {logging_mixin.py:151} INFO - [2025-06-07T03:19:56.304+0000] {dag.py:2915} INFO - Sync 1 DAGs
[2025-06-07T03:19:56.312+0000] {logging_mixin.py:151} INFO - [2025-06-07T03:19:56.312+0000] {dag.py:3696} INFO - Setting next_dagrun for example_setup_teardown_taskflow to 2025-06-06T03:19:56.312653+00:00, run_after=2025-06-07T03:19:56.312653+00:00
[2025-06-07T03:19:56.320+0000] {processor.py:179} INFO - Processing /home/airflow/.local/lib/python3.8/site-packages/airflow/example_dags/example_setup_teardown_taskflow.py took 0.031 seconds
[2025-06-07T03:20:26.837+0000] {processor.py:157} INFO - Started process (PID=220) to work on /home/airflow/.local/lib/python3.8/site-packages/airflow/example_dags/example_setup_teardown_taskflow.py
[2025-06-07T03:20:26.839+0000] {processor.py:829} INFO - Processing file /home/airflow/.local/lib/python3.8/site-packages/airflow/example_dags/example_setup_teardown_taskflow.py for tasks to queue
[2025-06-07T03:20:26.840+0000] {logging_mixin.py:151} INFO - [2025-06-07T03:20:26.840+0000] {dagbag.py:539} INFO - Filling up the DagBag from /home/airflow/.local/lib/python3.8/site-packages/airflow/example_dags/example_setup_teardown_taskflow.py
[2025-06-07T03:20:26.844+0000] {processor.py:839} INFO - DAG(s) dict_keys(['example_setup_teardown_taskflow']) retrieved from /home/airflow/.local/lib/python3.8/site-packages/airflow/example_dags/example_setup_teardown_taskflow.py
[2025-06-07T03:20:26.852+0000] {logging_mixin.py:151} INFO - [2025-06-07T03:20:26.852+0000] {dag.py:2915} INFO - Sync 1 DAGs
[2025-06-07T03:20:26.860+0000] {logging_mixin.py:151} INFO - [2025-06-07T03:20:26.860+0000] {dag.py:3696} INFO - Setting next_dagrun for example_setup_teardown_taskflow to 2025-06-06T03:20:26.860828+00:00, run_after=2025-06-07T03:20:26.860828+00:00
[2025-06-07T03:20:26.868+0000] {processor.py:179} INFO - Processing /home/airflow/.local/lib/python3.8/site-packages/airflow/example_dags/example_setup_teardown_taskflow.py took 0.032 seconds
[2025-06-07T03:20:57.249+0000] {processor.py:157} INFO - Started process (PID=274) to work on /home/airflow/.local/lib/python3.8/site-packages/airflow/example_dags/example_setup_teardown_taskflow.py
[2025-06-07T03:20:57.249+0000] {processor.py:829} INFO - Processing file /home/airflow/.local/lib/python3.8/site-packages/airflow/example_dags/example_setup_teardown_taskflow.py for tasks to queue
[2025-06-07T03:20:57.251+0000] {logging_mixin.py:151} INFO - [2025-06-07T03:20:57.251+0000] {dagbag.py:539} INFO - Filling up the DagBag from /home/airflow/.local/lib/python3.8/site-packages/airflow/example_dags/example_setup_teardown_taskflow.py
[2025-06-07T03:20:57.255+0000] {processor.py:839} INFO - DAG(s) dict_keys(['example_setup_teardown_taskflow']) retrieved from /home/airflow/.local/lib/python3.8/site-packages/airflow/example_dags/example_setup_teardown_taskflow.py
[2025-06-07T03:20:57.262+0000] {logging_mixin.py:151} INFO - [2025-06-07T03:20:57.262+0000] {dag.py:2915} INFO - Sync 1 DAGs
[2025-06-07T03:20:57.271+0000] {logging_mixin.py:151} INFO - [2025-06-07T03:20:57.271+0000] {dag.py:3696} INFO - Setting next_dagrun for example_setup_teardown_taskflow to 2025-06-06T03:20:57.271822+00:00, run_after=2025-06-07T03:20:57.271822+00:00
[2025-06-07T03:20:57.281+0000] {processor.py:179} INFO - Processing /home/airflow/.local/lib/python3.8/site-packages/airflow/example_dags/example_setup_teardown_taskflow.py took 0.034 seconds
