[2025-06-07T03:18:55.902+0000] {processor.py:157} INFO - Started process (PID=73) to work on /home/airflow/.local/lib/python3.8/site-packages/airflow/example_dags/example_sla_dag.py
[2025-06-07T03:18:55.904+0000] {processor.py:829} INFO - Processing file /home/airflow/.local/lib/python3.8/site-packages/airflow/example_dags/example_sla_dag.py for tasks to queue
[2025-06-07T03:18:55.905+0000] {logging_mixin.py:151} INFO - [2025-06-07T03:18:55.905+0000] {dagbag.py:539} INFO - Filling up the DagBag from /home/airflow/.local/lib/python3.8/site-packages/airflow/example_dags/example_sla_dag.py
[2025-06-07T03:18:55.910+0000] {processor.py:839} INFO - DAG(s) dict_keys(['example_sla_dag']) retrieved from /home/airflow/.local/lib/python3.8/site-packages/airflow/example_dags/example_sla_dag.py
[2025-06-07T03:18:55.917+0000] {logging_mixin.py:151} INFO - [2025-06-07T03:18:55.916+0000] {dag.py:2915} INFO - Sync 1 DAGs
[2025-06-07T03:18:55.933+0000] {logging_mixin.py:151} INFO - [2025-06-07T03:18:55.933+0000] {dag.py:3696} INFO - Setting next_dagrun for example_sla_dag to 2025-06-07T03:16:00+00:00, run_after=2025-06-07T03:18:00+00:00
[2025-06-07T03:18:55.944+0000] {processor.py:179} INFO - Processing /home/airflow/.local/lib/python3.8/site-packages/airflow/example_dags/example_sla_dag.py took 0.043 seconds
[2025-06-07T03:19:26.027+0000] {processor.py:157} INFO - Started process (PID=127) to work on /home/airflow/.local/lib/python3.8/site-packages/airflow/example_dags/example_sla_dag.py
[2025-06-07T03:19:26.031+0000] {processor.py:829} INFO - Processing file /home/airflow/.local/lib/python3.8/site-packages/airflow/example_dags/example_sla_dag.py for tasks to queue
[2025-06-07T03:19:26.034+0000] {logging_mixin.py:151} INFO - [2025-06-07T03:19:26.033+0000] {dagbag.py:539} INFO - Filling up the DagBag from /home/airflow/.local/lib/python3.8/site-packages/airflow/example_dags/example_sla_dag.py
[2025-06-07T03:19:26.037+0000] {processor.py:839} INFO - DAG(s) dict_keys(['example_sla_dag']) retrieved from /home/airflow/.local/lib/python3.8/site-packages/airflow/example_dags/example_sla_dag.py
[2025-06-07T03:19:26.046+0000] {logging_mixin.py:151} INFO - [2025-06-07T03:19:26.046+0000] {dag.py:2915} INFO - Sync 1 DAGs
[2025-06-07T03:19:26.055+0000] {logging_mixin.py:151} INFO - [2025-06-07T03:19:26.055+0000] {dag.py:3696} INFO - Setting next_dagrun for example_sla_dag to 2025-06-07T03:16:00+00:00, run_after=2025-06-07T03:18:00+00:00
[2025-06-07T03:19:26.062+0000] {processor.py:179} INFO - Processing /home/airflow/.local/lib/python3.8/site-packages/airflow/example_dags/example_sla_dag.py took 0.036 seconds
[2025-06-07T03:19:56.693+0000] {processor.py:157} INFO - Started process (PID=181) to work on /home/airflow/.local/lib/python3.8/site-packages/airflow/example_dags/example_sla_dag.py
[2025-06-07T03:19:56.693+0000] {processor.py:829} INFO - Processing file /home/airflow/.local/lib/python3.8/site-packages/airflow/example_dags/example_sla_dag.py for tasks to queue
[2025-06-07T03:19:56.694+0000] {logging_mixin.py:151} INFO - [2025-06-07T03:19:56.694+0000] {dagbag.py:539} INFO - Filling up the DagBag from /home/airflow/.local/lib/python3.8/site-packages/airflow/example_dags/example_sla_dag.py
[2025-06-07T03:19:56.698+0000] {processor.py:839} INFO - DAG(s) dict_keys(['example_sla_dag']) retrieved from /home/airflow/.local/lib/python3.8/site-packages/airflow/example_dags/example_sla_dag.py
[2025-06-07T03:19:56.706+0000] {logging_mixin.py:151} INFO - [2025-06-07T03:19:56.706+0000] {dag.py:2915} INFO - Sync 1 DAGs
[2025-06-07T03:19:56.715+0000] {logging_mixin.py:151} INFO - [2025-06-07T03:19:56.715+0000] {dag.py:3696} INFO - Setting next_dagrun for example_sla_dag to 2025-06-07T03:16:00+00:00, run_after=2025-06-07T03:18:00+00:00
[2025-06-07T03:19:56.724+0000] {processor.py:179} INFO - Processing /home/airflow/.local/lib/python3.8/site-packages/airflow/example_dags/example_sla_dag.py took 0.033 seconds
[2025-06-07T03:20:27.173+0000] {processor.py:157} INFO - Started process (PID=235) to work on /home/airflow/.local/lib/python3.8/site-packages/airflow/example_dags/example_sla_dag.py
[2025-06-07T03:20:27.174+0000] {processor.py:829} INFO - Processing file /home/airflow/.local/lib/python3.8/site-packages/airflow/example_dags/example_sla_dag.py for tasks to queue
[2025-06-07T03:20:27.176+0000] {logging_mixin.py:151} INFO - [2025-06-07T03:20:27.176+0000] {dagbag.py:539} INFO - Filling up the DagBag from /home/airflow/.local/lib/python3.8/site-packages/airflow/example_dags/example_sla_dag.py
[2025-06-07T03:20:27.181+0000] {processor.py:839} INFO - DAG(s) dict_keys(['example_sla_dag']) retrieved from /home/airflow/.local/lib/python3.8/site-packages/airflow/example_dags/example_sla_dag.py
[2025-06-07T03:20:27.191+0000] {logging_mixin.py:151} INFO - [2025-06-07T03:20:27.190+0000] {dag.py:2915} INFO - Sync 1 DAGs
[2025-06-07T03:20:27.199+0000] {logging_mixin.py:151} INFO - [2025-06-07T03:20:27.199+0000] {dag.py:3696} INFO - Setting next_dagrun for example_sla_dag to 2025-06-07T03:18:00+00:00, run_after=2025-06-07T03:20:00+00:00
[2025-06-07T03:20:27.208+0000] {processor.py:179} INFO - Processing /home/airflow/.local/lib/python3.8/site-packages/airflow/example_dags/example_sla_dag.py took 0.037 seconds
[2025-06-07T03:20:57.570+0000] {processor.py:157} INFO - Started process (PID=289) to work on /home/airflow/.local/lib/python3.8/site-packages/airflow/example_dags/example_sla_dag.py
[2025-06-07T03:20:57.570+0000] {processor.py:829} INFO - Processing file /home/airflow/.local/lib/python3.8/site-packages/airflow/example_dags/example_sla_dag.py for tasks to queue
[2025-06-07T03:20:57.571+0000] {logging_mixin.py:151} INFO - [2025-06-07T03:20:57.571+0000] {dagbag.py:539} INFO - Filling up the DagBag from /home/airflow/.local/lib/python3.8/site-packages/airflow/example_dags/example_sla_dag.py
[2025-06-07T03:20:57.574+0000] {processor.py:839} INFO - DAG(s) dict_keys(['example_sla_dag']) retrieved from /home/airflow/.local/lib/python3.8/site-packages/airflow/example_dags/example_sla_dag.py
[2025-06-07T03:20:57.583+0000] {logging_mixin.py:151} INFO - [2025-06-07T03:20:57.582+0000] {dag.py:2915} INFO - Sync 1 DAGs
[2025-06-07T03:20:57.591+0000] {logging_mixin.py:151} INFO - [2025-06-07T03:20:57.591+0000] {dag.py:3696} INFO - Setting next_dagrun for example_sla_dag to 2025-06-07T03:18:00+00:00, run_after=2025-06-07T03:20:00+00:00
[2025-06-07T03:20:57.598+0000] {processor.py:179} INFO - Processing /home/airflow/.local/lib/python3.8/site-packages/airflow/example_dags/example_sla_dag.py took 0.029 seconds
