[2025-06-07T03:18:55.006+0000] {processor.py:157} INFO - Started process (PID=50) to work on /home/airflow/.local/lib/python3.8/site-packages/airflow/example_dags/example_subdag_operator.py
[2025-06-07T03:18:55.006+0000] {processor.py:829} INFO - Processing file /home/airflow/.local/lib/python3.8/site-packages/airflow/example_dags/example_subdag_operator.py for tasks to queue
[2025-06-07T03:18:55.008+0000] {logging_mixin.py:151} INFO - [2025-06-07T03:18:55.008+0000] {dagbag.py:539} INFO - Filling up the DagBag from /home/airflow/.local/lib/python3.8/site-packages/airflow/example_dags/example_subdag_operator.py
[2025-06-07T03:18:55.020+0000] {processor.py:839} INFO - DAG(s) dict_keys(['example_subdag_operator.section-1', 'example_subdag_operator.section-2', 'example_subdag_operator']) retrieved from /home/airflow/.local/lib/python3.8/site-packages/airflow/example_dags/example_subdag_operator.py
[2025-06-07T03:18:55.022+0000] {logging_mixin.py:151} INFO - [2025-06-07T03:18:55.022+0000] {dag.py:2915} INFO - Sync 3 DAGs
[2025-06-07T03:18:55.034+0000] {logging_mixin.py:151} INFO - [2025-06-07T03:18:55.034+0000] {dag.py:3696} INFO - Setting next_dagrun for example_subdag_operator to 2022-01-01T00:00:00+00:00, run_after=2022-01-01T00:00:00+00:00
[2025-06-07T03:18:55.035+0000] {logging_mixin.py:151} INFO - [2025-06-07T03:18:55.035+0000] {dag.py:3696} INFO - Setting next_dagrun for example_subdag_operator.section-1 to None, run_after=None
[2025-06-07T03:18:55.036+0000] {logging_mixin.py:151} INFO - [2025-06-07T03:18:55.036+0000] {dag.py:3696} INFO - Setting next_dagrun for example_subdag_operator.section-2 to None, run_after=None
[2025-06-07T03:18:55.039+0000] {logging_mixin.py:151} INFO - [2025-06-07T03:18:55.039+0000] {dag.py:2915} INFO - Sync 2 DAGs
[2025-06-07T03:18:55.041+0000] {logging_mixin.py:151} INFO - [2025-06-07T03:18:55.041+0000] {dag.py:3696} INFO - Setting next_dagrun for example_subdag_operator.section-1 to None, run_after=None
[2025-06-07T03:18:55.041+0000] {logging_mixin.py:151} INFO - [2025-06-07T03:18:55.041+0000] {dag.py:3696} INFO - Setting next_dagrun for example_subdag_operator.section-2 to None, run_after=None
[2025-06-07T03:18:55.047+0000] {processor.py:179} INFO - Processing /home/airflow/.local/lib/python3.8/site-packages/airflow/example_dags/example_subdag_operator.py took 0.043 seconds
[2025-06-07T03:19:25.388+0000] {processor.py:157} INFO - Started process (PID=103) to work on /home/airflow/.local/lib/python3.8/site-packages/airflow/example_dags/example_subdag_operator.py
[2025-06-07T03:19:25.388+0000] {processor.py:829} INFO - Processing file /home/airflow/.local/lib/python3.8/site-packages/airflow/example_dags/example_subdag_operator.py for tasks to queue
[2025-06-07T03:19:25.389+0000] {logging_mixin.py:151} INFO - [2025-06-07T03:19:25.389+0000] {dagbag.py:539} INFO - Filling up the DagBag from /home/airflow/.local/lib/python3.8/site-packages/airflow/example_dags/example_subdag_operator.py
[2025-06-07T03:19:25.399+0000] {processor.py:839} INFO - DAG(s) dict_keys(['example_subdag_operator.section-1', 'example_subdag_operator.section-2', 'example_subdag_operator']) retrieved from /home/airflow/.local/lib/python3.8/site-packages/airflow/example_dags/example_subdag_operator.py
[2025-06-07T03:19:25.406+0000] {logging_mixin.py:151} INFO - [2025-06-07T03:19:25.406+0000] {dag.py:2915} INFO - Sync 3 DAGs
[2025-06-07T03:19:25.414+0000] {logging_mixin.py:151} INFO - [2025-06-07T03:19:25.414+0000] {dag.py:3696} INFO - Setting next_dagrun for example_subdag_operator to 2022-01-01T00:00:00+00:00, run_after=2022-01-01T00:00:00+00:00
[2025-06-07T03:19:25.415+0000] {logging_mixin.py:151} INFO - [2025-06-07T03:19:25.415+0000] {dag.py:3696} INFO - Setting next_dagrun for example_subdag_operator.section-1 to None, run_after=None
[2025-06-07T03:19:25.417+0000] {logging_mixin.py:151} INFO - [2025-06-07T03:19:25.417+0000] {dag.py:3696} INFO - Setting next_dagrun for example_subdag_operator.section-2 to None, run_after=None
[2025-06-07T03:19:25.422+0000] {logging_mixin.py:151} INFO - [2025-06-07T03:19:25.422+0000] {dag.py:2915} INFO - Sync 2 DAGs
[2025-06-07T03:19:25.426+0000] {logging_mixin.py:151} INFO - [2025-06-07T03:19:25.425+0000] {dag.py:3696} INFO - Setting next_dagrun for example_subdag_operator.section-1 to None, run_after=None
[2025-06-07T03:19:25.426+0000] {logging_mixin.py:151} INFO - [2025-06-07T03:19:25.426+0000] {dag.py:3696} INFO - Setting next_dagrun for example_subdag_operator.section-2 to None, run_after=None
[2025-06-07T03:19:25.432+0000] {processor.py:179} INFO - Processing /home/airflow/.local/lib/python3.8/site-packages/airflow/example_dags/example_subdag_operator.py took 0.046 seconds
[2025-06-07T03:19:56.054+0000] {processor.py:157} INFO - Started process (PID=158) to work on /home/airflow/.local/lib/python3.8/site-packages/airflow/example_dags/example_subdag_operator.py
[2025-06-07T03:19:56.057+0000] {processor.py:829} INFO - Processing file /home/airflow/.local/lib/python3.8/site-packages/airflow/example_dags/example_subdag_operator.py for tasks to queue
[2025-06-07T03:19:56.060+0000] {logging_mixin.py:151} INFO - [2025-06-07T03:19:56.059+0000] {dagbag.py:539} INFO - Filling up the DagBag from /home/airflow/.local/lib/python3.8/site-packages/airflow/example_dags/example_subdag_operator.py
[2025-06-07T03:19:56.075+0000] {processor.py:839} INFO - DAG(s) dict_keys(['example_subdag_operator.section-1', 'example_subdag_operator.section-2', 'example_subdag_operator']) retrieved from /home/airflow/.local/lib/python3.8/site-packages/airflow/example_dags/example_subdag_operator.py
[2025-06-07T03:19:56.081+0000] {logging_mixin.py:151} INFO - [2025-06-07T03:19:56.081+0000] {dag.py:2915} INFO - Sync 3 DAGs
[2025-06-07T03:19:56.091+0000] {logging_mixin.py:151} INFO - [2025-06-07T03:19:56.091+0000] {dag.py:3696} INFO - Setting next_dagrun for example_subdag_operator to 2022-01-01T00:00:00+00:00, run_after=2022-01-01T00:00:00+00:00
[2025-06-07T03:19:56.093+0000] {logging_mixin.py:151} INFO - [2025-06-07T03:19:56.092+0000] {dag.py:3696} INFO - Setting next_dagrun for example_subdag_operator.section-1 to None, run_after=None
[2025-06-07T03:19:56.093+0000] {logging_mixin.py:151} INFO - [2025-06-07T03:19:56.093+0000] {dag.py:3696} INFO - Setting next_dagrun for example_subdag_operator.section-2 to None, run_after=None
[2025-06-07T03:19:56.098+0000] {logging_mixin.py:151} INFO - [2025-06-07T03:19:56.097+0000] {dag.py:2915} INFO - Sync 2 DAGs
[2025-06-07T03:19:56.101+0000] {logging_mixin.py:151} INFO - [2025-06-07T03:19:56.101+0000] {dag.py:3696} INFO - Setting next_dagrun for example_subdag_operator.section-1 to None, run_after=None
[2025-06-07T03:19:56.101+0000] {logging_mixin.py:151} INFO - [2025-06-07T03:19:56.101+0000] {dag.py:3696} INFO - Setting next_dagrun for example_subdag_operator.section-2 to None, run_after=None
[2025-06-07T03:19:56.105+0000] {processor.py:179} INFO - Processing /home/airflow/.local/lib/python3.8/site-packages/airflow/example_dags/example_subdag_operator.py took 0.052 seconds
[2025-06-07T03:20:26.631+0000] {processor.py:157} INFO - Started process (PID=212) to work on /home/airflow/.local/lib/python3.8/site-packages/airflow/example_dags/example_subdag_operator.py
[2025-06-07T03:20:26.632+0000] {processor.py:829} INFO - Processing file /home/airflow/.local/lib/python3.8/site-packages/airflow/example_dags/example_subdag_operator.py for tasks to queue
[2025-06-07T03:20:26.633+0000] {logging_mixin.py:151} INFO - [2025-06-07T03:20:26.632+0000] {dagbag.py:539} INFO - Filling up the DagBag from /home/airflow/.local/lib/python3.8/site-packages/airflow/example_dags/example_subdag_operator.py
[2025-06-07T03:20:26.642+0000] {processor.py:839} INFO - DAG(s) dict_keys(['example_subdag_operator.section-1', 'example_subdag_operator.section-2', 'example_subdag_operator']) retrieved from /home/airflow/.local/lib/python3.8/site-packages/airflow/example_dags/example_subdag_operator.py
[2025-06-07T03:20:26.648+0000] {logging_mixin.py:151} INFO - [2025-06-07T03:20:26.648+0000] {dag.py:2915} INFO - Sync 3 DAGs
[2025-06-07T03:20:26.656+0000] {logging_mixin.py:151} INFO - [2025-06-07T03:20:26.656+0000] {dag.py:3696} INFO - Setting next_dagrun for example_subdag_operator to 2022-01-01T00:00:00+00:00, run_after=2022-01-01T00:00:00+00:00
[2025-06-07T03:20:26.659+0000] {logging_mixin.py:151} INFO - [2025-06-07T03:20:26.659+0000] {dag.py:3696} INFO - Setting next_dagrun for example_subdag_operator.section-1 to None, run_after=None
[2025-06-07T03:20:26.660+0000] {logging_mixin.py:151} INFO - [2025-06-07T03:20:26.660+0000] {dag.py:3696} INFO - Setting next_dagrun for example_subdag_operator.section-2 to None, run_after=None
[2025-06-07T03:20:26.665+0000] {logging_mixin.py:151} INFO - [2025-06-07T03:20:26.665+0000] {dag.py:2915} INFO - Sync 2 DAGs
[2025-06-07T03:20:26.668+0000] {logging_mixin.py:151} INFO - [2025-06-07T03:20:26.668+0000] {dag.py:3696} INFO - Setting next_dagrun for example_subdag_operator.section-1 to None, run_after=None
[2025-06-07T03:20:26.668+0000] {logging_mixin.py:151} INFO - [2025-06-07T03:20:26.668+0000] {dag.py:3696} INFO - Setting next_dagrun for example_subdag_operator.section-2 to None, run_after=None
[2025-06-07T03:20:26.674+0000] {processor.py:179} INFO - Processing /home/airflow/.local/lib/python3.8/site-packages/airflow/example_dags/example_subdag_operator.py took 0.044 seconds
[2025-06-07T03:20:57.039+0000] {processor.py:157} INFO - Started process (PID=266) to work on /home/airflow/.local/lib/python3.8/site-packages/airflow/example_dags/example_subdag_operator.py
[2025-06-07T03:20:57.039+0000] {processor.py:829} INFO - Processing file /home/airflow/.local/lib/python3.8/site-packages/airflow/example_dags/example_subdag_operator.py for tasks to queue
[2025-06-07T03:20:57.040+0000] {logging_mixin.py:151} INFO - [2025-06-07T03:20:57.040+0000] {dagbag.py:539} INFO - Filling up the DagBag from /home/airflow/.local/lib/python3.8/site-packages/airflow/example_dags/example_subdag_operator.py
[2025-06-07T03:20:57.049+0000] {processor.py:839} INFO - DAG(s) dict_keys(['example_subdag_operator.section-1', 'example_subdag_operator.section-2', 'example_subdag_operator']) retrieved from /home/airflow/.local/lib/python3.8/site-packages/airflow/example_dags/example_subdag_operator.py
[2025-06-07T03:20:57.055+0000] {logging_mixin.py:151} INFO - [2025-06-07T03:20:57.054+0000] {dag.py:2915} INFO - Sync 3 DAGs
[2025-06-07T03:20:57.063+0000] {logging_mixin.py:151} INFO - [2025-06-07T03:20:57.063+0000] {dag.py:3696} INFO - Setting next_dagrun for example_subdag_operator to 2022-01-01T00:00:00+00:00, run_after=2022-01-01T00:00:00+00:00
[2025-06-07T03:20:57.066+0000] {logging_mixin.py:151} INFO - [2025-06-07T03:20:57.066+0000] {dag.py:3696} INFO - Setting next_dagrun for example_subdag_operator.section-1 to None, run_after=None
[2025-06-07T03:20:57.067+0000] {logging_mixin.py:151} INFO - [2025-06-07T03:20:57.067+0000] {dag.py:3696} INFO - Setting next_dagrun for example_subdag_operator.section-2 to None, run_after=None
[2025-06-07T03:20:57.070+0000] {logging_mixin.py:151} INFO - [2025-06-07T03:20:57.070+0000] {dag.py:2915} INFO - Sync 2 DAGs
[2025-06-07T03:20:57.072+0000] {logging_mixin.py:151} INFO - [2025-06-07T03:20:57.072+0000] {dag.py:3696} INFO - Setting next_dagrun for example_subdag_operator.section-1 to None, run_after=None
[2025-06-07T03:20:57.073+0000] {logging_mixin.py:151} INFO - [2025-06-07T03:20:57.073+0000] {dag.py:3696} INFO - Setting next_dagrun for example_subdag_operator.section-2 to None, run_after=None
[2025-06-07T03:20:57.078+0000] {processor.py:179} INFO - Processing /home/airflow/.local/lib/python3.8/site-packages/airflow/example_dags/example_subdag_operator.py took 0.041 seconds
