[2025-06-07T03:18:55.989+0000] {processor.py:157} INFO - Started process (PID=76) to work on /home/airflow/.local/lib/python3.8/site-packages/airflow/example_dags/example_setup_teardown.py
[2025-06-07T03:18:55.990+0000] {processor.py:829} INFO - Processing file /home/airflow/.local/lib/python3.8/site-packages/airflow/example_dags/example_setup_teardown.py for tasks to queue
[2025-06-07T03:18:55.991+0000] {logging_mixin.py:151} INFO - [2025-06-07T03:18:55.991+0000] {dagbag.py:539} INFO - Filling up the DagBag from /home/airflow/.local/lib/python3.8/site-packages/airflow/example_dags/example_setup_teardown.py
[2025-06-07T03:18:55.995+0000] {processor.py:839} INFO - DAG(s) dict_keys(['example_setup_teardown']) retrieved from /home/airflow/.local/lib/python3.8/site-packages/airflow/example_dags/example_setup_teardown.py
[2025-06-07T03:18:56.005+0000] {logging_mixin.py:151} INFO - [2025-06-07T03:18:56.004+0000] {dag.py:2915} INFO - Sync 1 DAGs
[2025-06-07T03:18:56.015+0000] {logging_mixin.py:151} INFO - [2025-06-07T03:18:56.015+0000] {dag.py:3696} INFO - Setting next_dagrun for example_setup_teardown to 2025-06-06T03:18:56.015551+00:00, run_after=2025-06-07T03:18:56.015551+00:00
[2025-06-07T03:18:56.024+0000] {processor.py:179} INFO - Processing /home/airflow/.local/lib/python3.8/site-packages/airflow/example_dags/example_setup_teardown.py took 0.038 seconds
[2025-06-07T03:19:26.099+0000] {processor.py:157} INFO - Started process (PID=129) to work on /home/airflow/.local/lib/python3.8/site-packages/airflow/example_dags/example_setup_teardown.py
[2025-06-07T03:19:26.100+0000] {processor.py:829} INFO - Processing file /home/airflow/.local/lib/python3.8/site-packages/airflow/example_dags/example_setup_teardown.py for tasks to queue
[2025-06-07T03:19:26.102+0000] {logging_mixin.py:151} INFO - [2025-06-07T03:19:26.102+0000] {dagbag.py:539} INFO - Filling up the DagBag from /home/airflow/.local/lib/python3.8/site-packages/airflow/example_dags/example_setup_teardown.py
[2025-06-07T03:19:26.106+0000] {processor.py:839} INFO - DAG(s) dict_keys(['example_setup_teardown']) retrieved from /home/airflow/.local/lib/python3.8/site-packages/airflow/example_dags/example_setup_teardown.py
[2025-06-07T03:19:26.115+0000] {logging_mixin.py:151} INFO - [2025-06-07T03:19:26.115+0000] {dag.py:2915} INFO - Sync 1 DAGs
[2025-06-07T03:19:26.124+0000] {logging_mixin.py:151} INFO - [2025-06-07T03:19:26.124+0000] {dag.py:3696} INFO - Setting next_dagrun for example_setup_teardown to 2025-06-06T03:19:26.124150+00:00, run_after=2025-06-07T03:19:26.124150+00:00
[2025-06-07T03:19:26.133+0000] {processor.py:179} INFO - Processing /home/airflow/.local/lib/python3.8/site-packages/airflow/example_dags/example_setup_teardown.py took 0.036 seconds
[2025-06-07T03:19:56.749+0000] {processor.py:157} INFO - Started process (PID=184) to work on /home/airflow/.local/lib/python3.8/site-packages/airflow/example_dags/example_setup_teardown.py
[2025-06-07T03:19:56.750+0000] {processor.py:829} INFO - Processing file /home/airflow/.local/lib/python3.8/site-packages/airflow/example_dags/example_setup_teardown.py for tasks to queue
[2025-06-07T03:19:56.751+0000] {logging_mixin.py:151} INFO - [2025-06-07T03:19:56.751+0000] {dagbag.py:539} INFO - Filling up the DagBag from /home/airflow/.local/lib/python3.8/site-packages/airflow/example_dags/example_setup_teardown.py
[2025-06-07T03:19:56.754+0000] {processor.py:839} INFO - DAG(s) dict_keys(['example_setup_teardown']) retrieved from /home/airflow/.local/lib/python3.8/site-packages/airflow/example_dags/example_setup_teardown.py
[2025-06-07T03:19:56.763+0000] {logging_mixin.py:151} INFO - [2025-06-07T03:19:56.763+0000] {dag.py:2915} INFO - Sync 1 DAGs
[2025-06-07T03:19:56.772+0000] {logging_mixin.py:151} INFO - [2025-06-07T03:19:56.772+0000] {dag.py:3696} INFO - Setting next_dagrun for example_setup_teardown to 2025-06-06T03:19:56.772631+00:00, run_after=2025-06-07T03:19:56.772631+00:00
[2025-06-07T03:19:56.782+0000] {processor.py:179} INFO - Processing /home/airflow/.local/lib/python3.8/site-packages/airflow/example_dags/example_setup_teardown.py took 0.035 seconds
[2025-06-07T03:20:27.234+0000] {processor.py:157} INFO - Started process (PID=238) to work on /home/airflow/.local/lib/python3.8/site-packages/airflow/example_dags/example_setup_teardown.py
[2025-06-07T03:20:27.235+0000] {processor.py:829} INFO - Processing file /home/airflow/.local/lib/python3.8/site-packages/airflow/example_dags/example_setup_teardown.py for tasks to queue
[2025-06-07T03:20:27.237+0000] {logging_mixin.py:151} INFO - [2025-06-07T03:20:27.236+0000] {dagbag.py:539} INFO - Filling up the DagBag from /home/airflow/.local/lib/python3.8/site-packages/airflow/example_dags/example_setup_teardown.py
[2025-06-07T03:20:27.241+0000] {processor.py:839} INFO - DAG(s) dict_keys(['example_setup_teardown']) retrieved from /home/airflow/.local/lib/python3.8/site-packages/airflow/example_dags/example_setup_teardown.py
[2025-06-07T03:20:27.250+0000] {logging_mixin.py:151} INFO - [2025-06-07T03:20:27.250+0000] {dag.py:2915} INFO - Sync 1 DAGs
[2025-06-07T03:20:27.258+0000] {logging_mixin.py:151} INFO - [2025-06-07T03:20:27.258+0000] {dag.py:3696} INFO - Setting next_dagrun for example_setup_teardown to 2025-06-06T03:20:27.258713+00:00, run_after=2025-06-07T03:20:27.258713+00:00
[2025-06-07T03:20:27.265+0000] {processor.py:179} INFO - Processing /home/airflow/.local/lib/python3.8/site-packages/airflow/example_dags/example_setup_teardown.py took 0.033 seconds
[2025-06-07T03:20:57.606+0000] {processor.py:157} INFO - Started process (PID=291) to work on /home/airflow/.local/lib/python3.8/site-packages/airflow/example_dags/example_setup_teardown.py
[2025-06-07T03:20:57.607+0000] {processor.py:829} INFO - Processing file /home/airflow/.local/lib/python3.8/site-packages/airflow/example_dags/example_setup_teardown.py for tasks to queue
[2025-06-07T03:20:57.608+0000] {logging_mixin.py:151} INFO - [2025-06-07T03:20:57.608+0000] {dagbag.py:539} INFO - Filling up the DagBag from /home/airflow/.local/lib/python3.8/site-packages/airflow/example_dags/example_setup_teardown.py
[2025-06-07T03:20:57.610+0000] {processor.py:839} INFO - DAG(s) dict_keys(['example_setup_teardown']) retrieved from /home/airflow/.local/lib/python3.8/site-packages/airflow/example_dags/example_setup_teardown.py
[2025-06-07T03:20:57.618+0000] {logging_mixin.py:151} INFO - [2025-06-07T03:20:57.618+0000] {dag.py:2915} INFO - Sync 1 DAGs
[2025-06-07T03:20:57.625+0000] {logging_mixin.py:151} INFO - [2025-06-07T03:20:57.625+0000] {dag.py:3696} INFO - Setting next_dagrun for example_setup_teardown to 2025-06-06T03:20:57.625460+00:00, run_after=2025-06-07T03:20:57.625460+00:00
[2025-06-07T03:20:57.632+0000] {processor.py:179} INFO - Processing /home/airflow/.local/lib/python3.8/site-packages/airflow/example_dags/example_setup_teardown.py took 0.027 seconds
