[2025-06-07T03:18:55.234+0000] {processor.py:157} INFO - Started process (PID=55) to work on /home/airflow/.local/lib/python3.8/site-packages/airflow/example_dags/example_datasets.py
[2025-06-07T03:18:55.235+0000] {processor.py:829} INFO - Processing file /home/airflow/.local/lib/python3.8/site-packages/airflow/example_dags/example_datasets.py for tasks to queue
[2025-06-07T03:18:55.236+0000] {logging_mixin.py:151} INFO - [2025-06-07T03:18:55.236+0000] {dagbag.py:539} INFO - Filling up the DagBag from /home/airflow/.local/lib/python3.8/site-packages/airflow/example_dags/example_datasets.py
[2025-06-07T03:18:55.241+0000] {processor.py:839} INFO - DAG(s) dict_keys(['dataset_consumes_unknown_never_scheduled', 'dataset_produces_1', 'dataset_consumes_1_and_2', 'dataset_produces_2', 'dataset_consumes_1', 'dataset_consumes_1_never_scheduled']) retrieved from /home/airflow/.local/lib/python3.8/site-packages/airflow/example_dags/example_datasets.py
[2025-06-07T03:18:55.250+0000] {logging_mixin.py:151} INFO - [2025-06-07T03:18:55.250+0000] {dag.py:2915} INFO - Sync 6 DAGs
[2025-06-07T03:18:55.260+0000] {logging_mixin.py:151} INFO - [2025-06-07T03:18:55.260+0000] {dag.py:3696} INFO - Setting next_dagrun for dataset_consumes_1 to None, run_after=None
[2025-06-07T03:18:55.263+0000] {logging_mixin.py:151} INFO - [2025-06-07T03:18:55.263+0000] {dag.py:3696} INFO - Setting next_dagrun for dataset_consumes_1_and_2 to None, run_after=None
[2025-06-07T03:18:55.263+0000] {logging_mixin.py:151} INFO - [2025-06-07T03:18:55.263+0000] {dag.py:3696} INFO - Setting next_dagrun for dataset_consumes_1_never_scheduled to None, run_after=None
[2025-06-07T03:18:55.264+0000] {logging_mixin.py:151} INFO - [2025-06-07T03:18:55.264+0000] {dag.py:3696} INFO - Setting next_dagrun for dataset_consumes_unknown_never_scheduled to None, run_after=None
[2025-06-07T03:18:55.266+0000] {logging_mixin.py:151} INFO - [2025-06-07T03:18:55.266+0000] {dag.py:3696} INFO - Setting next_dagrun for dataset_produces_1 to 2025-06-06T00:00:00+00:00, run_after=2025-06-07T00:00:00+00:00
[2025-06-07T03:18:55.267+0000] {logging_mixin.py:151} INFO - [2025-06-07T03:18:55.267+0000] {dag.py:3696} INFO - Setting next_dagrun for dataset_produces_2 to None, run_after=None
[2025-06-07T03:18:55.282+0000] {processor.py:179} INFO - Processing /home/airflow/.local/lib/python3.8/site-packages/airflow/example_dags/example_datasets.py took 0.050 seconds
[2025-06-07T03:19:25.507+0000] {processor.py:157} INFO - Started process (PID=108) to work on /home/airflow/.local/lib/python3.8/site-packages/airflow/example_dags/example_datasets.py
[2025-06-07T03:19:25.507+0000] {processor.py:829} INFO - Processing file /home/airflow/.local/lib/python3.8/site-packages/airflow/example_dags/example_datasets.py for tasks to queue
[2025-06-07T03:19:25.508+0000] {logging_mixin.py:151} INFO - [2025-06-07T03:19:25.508+0000] {dagbag.py:539} INFO - Filling up the DagBag from /home/airflow/.local/lib/python3.8/site-packages/airflow/example_dags/example_datasets.py
[2025-06-07T03:19:25.511+0000] {processor.py:839} INFO - DAG(s) dict_keys(['dataset_consumes_1', 'dataset_consumes_1_never_scheduled', 'dataset_consumes_unknown_never_scheduled', 'dataset_produces_1', 'dataset_consumes_1_and_2', 'dataset_produces_2']) retrieved from /home/airflow/.local/lib/python3.8/site-packages/airflow/example_dags/example_datasets.py
[2025-06-07T03:19:25.523+0000] {logging_mixin.py:151} INFO - [2025-06-07T03:19:25.522+0000] {dag.py:2915} INFO - Sync 6 DAGs
[2025-06-07T03:19:25.529+0000] {logging_mixin.py:151} INFO - [2025-06-07T03:19:25.529+0000] {dag.py:3696} INFO - Setting next_dagrun for dataset_consumes_1 to None, run_after=None
[2025-06-07T03:19:25.530+0000] {logging_mixin.py:151} INFO - [2025-06-07T03:19:25.530+0000] {dag.py:3696} INFO - Setting next_dagrun for dataset_consumes_1_and_2 to None, run_after=None
[2025-06-07T03:19:25.531+0000] {logging_mixin.py:151} INFO - [2025-06-07T03:19:25.531+0000] {dag.py:3696} INFO - Setting next_dagrun for dataset_consumes_1_never_scheduled to None, run_after=None
[2025-06-07T03:19:25.531+0000] {logging_mixin.py:151} INFO - [2025-06-07T03:19:25.531+0000] {dag.py:3696} INFO - Setting next_dagrun for dataset_consumes_unknown_never_scheduled to None, run_after=None
[2025-06-07T03:19:25.532+0000] {logging_mixin.py:151} INFO - [2025-06-07T03:19:25.532+0000] {dag.py:3696} INFO - Setting next_dagrun for dataset_produces_1 to 2025-06-06T00:00:00+00:00, run_after=2025-06-07T00:00:00+00:00
[2025-06-07T03:19:25.533+0000] {logging_mixin.py:151} INFO - [2025-06-07T03:19:25.533+0000] {dag.py:3696} INFO - Setting next_dagrun for dataset_produces_2 to None, run_after=None
[2025-06-07T03:19:25.542+0000] {processor.py:179} INFO - Processing /home/airflow/.local/lib/python3.8/site-packages/airflow/example_dags/example_datasets.py took 0.036 seconds
[2025-06-07T03:19:56.190+0000] {processor.py:157} INFO - Started process (PID=163) to work on /home/airflow/.local/lib/python3.8/site-packages/airflow/example_dags/example_datasets.py
[2025-06-07T03:19:56.191+0000] {processor.py:829} INFO - Processing file /home/airflow/.local/lib/python3.8/site-packages/airflow/example_dags/example_datasets.py for tasks to queue
[2025-06-07T03:19:56.191+0000] {logging_mixin.py:151} INFO - [2025-06-07T03:19:56.191+0000] {dagbag.py:539} INFO - Filling up the DagBag from /home/airflow/.local/lib/python3.8/site-packages/airflow/example_dags/example_datasets.py
[2025-06-07T03:19:56.195+0000] {processor.py:839} INFO - DAG(s) dict_keys(['dataset_produces_1', 'dataset_consumes_1_never_scheduled', 'dataset_consumes_1_and_2', 'dataset_consumes_1', 'dataset_consumes_unknown_never_scheduled', 'dataset_produces_2']) retrieved from /home/airflow/.local/lib/python3.8/site-packages/airflow/example_dags/example_datasets.py
[2025-06-07T03:19:56.206+0000] {logging_mixin.py:151} INFO - [2025-06-07T03:19:56.206+0000] {dag.py:2915} INFO - Sync 6 DAGs
[2025-06-07T03:19:56.213+0000] {logging_mixin.py:151} INFO - [2025-06-07T03:19:56.213+0000] {dag.py:3696} INFO - Setting next_dagrun for dataset_consumes_1 to None, run_after=None
[2025-06-07T03:19:56.214+0000] {logging_mixin.py:151} INFO - [2025-06-07T03:19:56.214+0000] {dag.py:3696} INFO - Setting next_dagrun for dataset_consumes_1_and_2 to None, run_after=None
[2025-06-07T03:19:56.215+0000] {logging_mixin.py:151} INFO - [2025-06-07T03:19:56.215+0000] {dag.py:3696} INFO - Setting next_dagrun for dataset_consumes_1_never_scheduled to None, run_after=None
[2025-06-07T03:19:56.215+0000] {logging_mixin.py:151} INFO - [2025-06-07T03:19:56.215+0000] {dag.py:3696} INFO - Setting next_dagrun for dataset_consumes_unknown_never_scheduled to None, run_after=None
[2025-06-07T03:19:56.216+0000] {logging_mixin.py:151} INFO - [2025-06-07T03:19:56.216+0000] {dag.py:3696} INFO - Setting next_dagrun for dataset_produces_1 to 2025-06-06T00:00:00+00:00, run_after=2025-06-07T00:00:00+00:00
[2025-06-07T03:19:56.217+0000] {logging_mixin.py:151} INFO - [2025-06-07T03:19:56.217+0000] {dag.py:3696} INFO - Setting next_dagrun for dataset_produces_2 to None, run_after=None
[2025-06-07T03:19:56.226+0000] {processor.py:179} INFO - Processing /home/airflow/.local/lib/python3.8/site-packages/airflow/example_dags/example_datasets.py took 0.037 seconds
[2025-06-07T03:20:26.780+0000] {processor.py:157} INFO - Started process (PID=217) to work on /home/airflow/.local/lib/python3.8/site-packages/airflow/example_dags/example_datasets.py
[2025-06-07T03:20:26.780+0000] {processor.py:829} INFO - Processing file /home/airflow/.local/lib/python3.8/site-packages/airflow/example_dags/example_datasets.py for tasks to queue
[2025-06-07T03:20:26.781+0000] {logging_mixin.py:151} INFO - [2025-06-07T03:20:26.781+0000] {dagbag.py:539} INFO - Filling up the DagBag from /home/airflow/.local/lib/python3.8/site-packages/airflow/example_dags/example_datasets.py
[2025-06-07T03:20:26.784+0000] {processor.py:839} INFO - DAG(s) dict_keys(['dataset_produces_2', 'dataset_consumes_unknown_never_scheduled', 'dataset_consumes_1_never_scheduled', 'dataset_consumes_1', 'dataset_produces_1', 'dataset_consumes_1_and_2']) retrieved from /home/airflow/.local/lib/python3.8/site-packages/airflow/example_dags/example_datasets.py
[2025-06-07T03:20:26.800+0000] {logging_mixin.py:151} INFO - [2025-06-07T03:20:26.800+0000] {dag.py:2915} INFO - Sync 6 DAGs
[2025-06-07T03:20:26.809+0000] {logging_mixin.py:151} INFO - [2025-06-07T03:20:26.809+0000] {dag.py:3696} INFO - Setting next_dagrun for dataset_consumes_1 to None, run_after=None
[2025-06-07T03:20:26.810+0000] {logging_mixin.py:151} INFO - [2025-06-07T03:20:26.810+0000] {dag.py:3696} INFO - Setting next_dagrun for dataset_consumes_1_and_2 to None, run_after=None
[2025-06-07T03:20:26.811+0000] {logging_mixin.py:151} INFO - [2025-06-07T03:20:26.811+0000] {dag.py:3696} INFO - Setting next_dagrun for dataset_consumes_1_never_scheduled to None, run_after=None
[2025-06-07T03:20:26.813+0000] {logging_mixin.py:151} INFO - [2025-06-07T03:20:26.813+0000] {dag.py:3696} INFO - Setting next_dagrun for dataset_consumes_unknown_never_scheduled to None, run_after=None
[2025-06-07T03:20:26.814+0000] {logging_mixin.py:151} INFO - [2025-06-07T03:20:26.814+0000] {dag.py:3696} INFO - Setting next_dagrun for dataset_produces_1 to 2025-06-06T00:00:00+00:00, run_after=2025-06-07T00:00:00+00:00
[2025-06-07T03:20:26.815+0000] {logging_mixin.py:151} INFO - [2025-06-07T03:20:26.815+0000] {dag.py:3696} INFO - Setting next_dagrun for dataset_produces_2 to None, run_after=None
[2025-06-07T03:20:26.826+0000] {processor.py:179} INFO - Processing /home/airflow/.local/lib/python3.8/site-packages/airflow/example_dags/example_datasets.py took 0.048 seconds
[2025-06-07T03:20:57.181+0000] {processor.py:157} INFO - Started process (PID=271) to work on /home/airflow/.local/lib/python3.8/site-packages/airflow/example_dags/example_datasets.py
[2025-06-07T03:20:57.182+0000] {processor.py:829} INFO - Processing file /home/airflow/.local/lib/python3.8/site-packages/airflow/example_dags/example_datasets.py for tasks to queue
[2025-06-07T03:20:57.184+0000] {logging_mixin.py:151} INFO - [2025-06-07T03:20:57.184+0000] {dagbag.py:539} INFO - Filling up the DagBag from /home/airflow/.local/lib/python3.8/site-packages/airflow/example_dags/example_datasets.py
[2025-06-07T03:20:57.189+0000] {processor.py:839} INFO - DAG(s) dict_keys(['dataset_consumes_1_and_2', 'dataset_consumes_1', 'dataset_consumes_1_never_scheduled', 'dataset_produces_1', 'dataset_consumes_unknown_never_scheduled', 'dataset_produces_2']) retrieved from /home/airflow/.local/lib/python3.8/site-packages/airflow/example_dags/example_datasets.py
[2025-06-07T03:20:57.208+0000] {logging_mixin.py:151} INFO - [2025-06-07T03:20:57.208+0000] {dag.py:2915} INFO - Sync 6 DAGs
[2025-06-07T03:20:57.217+0000] {logging_mixin.py:151} INFO - [2025-06-07T03:20:57.216+0000] {dag.py:3696} INFO - Setting next_dagrun for dataset_consumes_1 to None, run_after=None
[2025-06-07T03:20:57.218+0000] {logging_mixin.py:151} INFO - [2025-06-07T03:20:57.218+0000] {dag.py:3696} INFO - Setting next_dagrun for dataset_consumes_1_and_2 to None, run_after=None
[2025-06-07T03:20:57.218+0000] {logging_mixin.py:151} INFO - [2025-06-07T03:20:57.218+0000] {dag.py:3696} INFO - Setting next_dagrun for dataset_consumes_1_never_scheduled to None, run_after=None
[2025-06-07T03:20:57.219+0000] {logging_mixin.py:151} INFO - [2025-06-07T03:20:57.218+0000] {dag.py:3696} INFO - Setting next_dagrun for dataset_consumes_unknown_never_scheduled to None, run_after=None
[2025-06-07T03:20:57.220+0000] {logging_mixin.py:151} INFO - [2025-06-07T03:20:57.220+0000] {dag.py:3696} INFO - Setting next_dagrun for dataset_produces_1 to 2025-06-06T00:00:00+00:00, run_after=2025-06-07T00:00:00+00:00
[2025-06-07T03:20:57.224+0000] {logging_mixin.py:151} INFO - [2025-06-07T03:20:57.224+0000] {dag.py:3696} INFO - Setting next_dagrun for dataset_produces_2 to None, run_after=None
[2025-06-07T03:20:57.241+0000] {processor.py:179} INFO - Processing /home/airflow/.local/lib/python3.8/site-packages/airflow/example_dags/example_datasets.py took 0.061 seconds
