[2025-06-07T03:18:54.918+0000] {processor.py:157} INFO - Started process (PID=49) to work on /home/airflow/.local/lib/python3.8/site-packages/airflow/example_dags/example_branch_datetime_operator.py
[2025-06-07T03:18:54.921+0000] {processor.py:829} INFO - Processing file /home/airflow/.local/lib/python3.8/site-packages/airflow/example_dags/example_branch_datetime_operator.py for tasks to queue
[2025-06-07T03:18:54.924+0000] {logging_mixin.py:151} INFO - [2025-06-07T03:18:54.923+0000] {dagbag.py:539} INFO - Filling up the DagBag from /home/airflow/.local/lib/python3.8/site-packages/airflow/example_dags/example_branch_datetime_operator.py
[2025-06-07T03:18:54.931+0000] {processor.py:839} INFO - DAG(s) dict_keys(['example_branch_datetime_operator_3', 'example_branch_datetime_operator_2', 'example_branch_datetime_operator']) retrieved from /home/airflow/.local/lib/python3.8/site-packages/airflow/example_dags/example_branch_datetime_operator.py
[2025-06-07T03:18:54.945+0000] {logging_mixin.py:151} INFO - [2025-06-07T03:18:54.945+0000] {dag.py:2915} INFO - Sync 3 DAGs
[2025-06-07T03:18:54.969+0000] {logging_mixin.py:151} INFO - [2025-06-07T03:18:54.969+0000] {dag.py:3696} INFO - Setting next_dagrun for example_branch_datetime_operator to 2025-06-06T00:00:00+00:00, run_after=2025-06-07T00:00:00+00:00
[2025-06-07T03:18:54.974+0000] {logging_mixin.py:151} INFO - [2025-06-07T03:18:54.974+0000] {dag.py:3696} INFO - Setting next_dagrun for example_branch_datetime_operator_2 to 2025-06-06T00:00:00+00:00, run_after=2025-06-07T00:00:00+00:00
[2025-06-07T03:18:54.977+0000] {logging_mixin.py:151} INFO - [2025-06-07T03:18:54.977+0000] {dag.py:3696} INFO - Setting next_dagrun for example_branch_datetime_operator_3 to 2025-06-06T00:00:00+00:00, run_after=2025-06-07T00:00:00+00:00
[2025-06-07T03:18:54.992+0000] {processor.py:179} INFO - Processing /home/airflow/.local/lib/python3.8/site-packages/airflow/example_dags/example_branch_datetime_operator.py took 0.078 seconds
[2025-06-07T03:19:25.341+0000] {processor.py:157} INFO - Started process (PID=102) to work on /home/airflow/.local/lib/python3.8/site-packages/airflow/example_dags/example_branch_datetime_operator.py
[2025-06-07T03:19:25.346+0000] {processor.py:829} INFO - Processing file /home/airflow/.local/lib/python3.8/site-packages/airflow/example_dags/example_branch_datetime_operator.py for tasks to queue
[2025-06-07T03:19:25.348+0000] {logging_mixin.py:151} INFO - [2025-06-07T03:19:25.348+0000] {dagbag.py:539} INFO - Filling up the DagBag from /home/airflow/.local/lib/python3.8/site-packages/airflow/example_dags/example_branch_datetime_operator.py
[2025-06-07T03:19:25.354+0000] {processor.py:839} INFO - DAG(s) dict_keys(['example_branch_datetime_operator_2', 'example_branch_datetime_operator', 'example_branch_datetime_operator_3']) retrieved from /home/airflow/.local/lib/python3.8/site-packages/airflow/example_dags/example_branch_datetime_operator.py
[2025-06-07T03:19:25.368+0000] {logging_mixin.py:151} INFO - [2025-06-07T03:19:25.368+0000] {dag.py:2915} INFO - Sync 3 DAGs
[2025-06-07T03:19:25.378+0000] {logging_mixin.py:151} INFO - [2025-06-07T03:19:25.378+0000] {dag.py:3696} INFO - Setting next_dagrun for example_branch_datetime_operator to 2025-06-06T00:00:00+00:00, run_after=2025-06-07T00:00:00+00:00
[2025-06-07T03:19:25.380+0000] {logging_mixin.py:151} INFO - [2025-06-07T03:19:25.380+0000] {dag.py:3696} INFO - Setting next_dagrun for example_branch_datetime_operator_2 to 2025-06-06T00:00:00+00:00, run_after=2025-06-07T00:00:00+00:00
[2025-06-07T03:19:25.382+0000] {logging_mixin.py:151} INFO - [2025-06-07T03:19:25.382+0000] {dag.py:3696} INFO - Setting next_dagrun for example_branch_datetime_operator_3 to 2025-06-06T00:00:00+00:00, run_after=2025-06-07T00:00:00+00:00
[2025-06-07T03:19:25.388+0000] {processor.py:179} INFO - Processing /home/airflow/.local/lib/python3.8/site-packages/airflow/example_dags/example_branch_datetime_operator.py took 0.050 seconds
[2025-06-07T03:19:56.052+0000] {processor.py:157} INFO - Started process (PID=157) to work on /home/airflow/.local/lib/python3.8/site-packages/airflow/example_dags/example_branch_datetime_operator.py
[2025-06-07T03:19:56.052+0000] {processor.py:829} INFO - Processing file /home/airflow/.local/lib/python3.8/site-packages/airflow/example_dags/example_branch_datetime_operator.py for tasks to queue
[2025-06-07T03:19:56.053+0000] {logging_mixin.py:151} INFO - [2025-06-07T03:19:56.053+0000] {dagbag.py:539} INFO - Filling up the DagBag from /home/airflow/.local/lib/python3.8/site-packages/airflow/example_dags/example_branch_datetime_operator.py
[2025-06-07T03:19:56.057+0000] {processor.py:839} INFO - DAG(s) dict_keys(['example_branch_datetime_operator_2', 'example_branch_datetime_operator_3', 'example_branch_datetime_operator']) retrieved from /home/airflow/.local/lib/python3.8/site-packages/airflow/example_dags/example_branch_datetime_operator.py
[2025-06-07T03:19:56.075+0000] {logging_mixin.py:151} INFO - [2025-06-07T03:19:56.075+0000] {dag.py:2915} INFO - Sync 3 DAGs
[2025-06-07T03:19:56.085+0000] {logging_mixin.py:151} INFO - [2025-06-07T03:19:56.085+0000] {dag.py:3696} INFO - Setting next_dagrun for example_branch_datetime_operator to 2025-06-06T00:00:00+00:00, run_after=2025-06-07T00:00:00+00:00
[2025-06-07T03:19:56.088+0000] {logging_mixin.py:151} INFO - [2025-06-07T03:19:56.087+0000] {dag.py:3696} INFO - Setting next_dagrun for example_branch_datetime_operator_2 to 2025-06-06T00:00:00+00:00, run_after=2025-06-07T00:00:00+00:00
[2025-06-07T03:19:56.089+0000] {logging_mixin.py:151} INFO - [2025-06-07T03:19:56.088+0000] {dag.py:3696} INFO - Setting next_dagrun for example_branch_datetime_operator_3 to 2025-06-06T00:00:00+00:00, run_after=2025-06-07T00:00:00+00:00
[2025-06-07T03:19:56.099+0000] {processor.py:179} INFO - Processing /home/airflow/.local/lib/python3.8/site-packages/airflow/example_dags/example_branch_datetime_operator.py took 0.048 seconds
[2025-06-07T03:20:26.587+0000] {processor.py:157} INFO - Started process (PID=211) to work on /home/airflow/.local/lib/python3.8/site-packages/airflow/example_dags/example_branch_datetime_operator.py
[2025-06-07T03:20:26.587+0000] {processor.py:829} INFO - Processing file /home/airflow/.local/lib/python3.8/site-packages/airflow/example_dags/example_branch_datetime_operator.py for tasks to queue
[2025-06-07T03:20:26.589+0000] {logging_mixin.py:151} INFO - [2025-06-07T03:20:26.588+0000] {dagbag.py:539} INFO - Filling up the DagBag from /home/airflow/.local/lib/python3.8/site-packages/airflow/example_dags/example_branch_datetime_operator.py
[2025-06-07T03:20:26.596+0000] {processor.py:839} INFO - DAG(s) dict_keys(['example_branch_datetime_operator_2', 'example_branch_datetime_operator', 'example_branch_datetime_operator_3']) retrieved from /home/airflow/.local/lib/python3.8/site-packages/airflow/example_dags/example_branch_datetime_operator.py
[2025-06-07T03:20:26.606+0000] {logging_mixin.py:151} INFO - [2025-06-07T03:20:26.606+0000] {dag.py:2915} INFO - Sync 3 DAGs
[2025-06-07T03:20:26.615+0000] {logging_mixin.py:151} INFO - [2025-06-07T03:20:26.615+0000] {dag.py:3696} INFO - Setting next_dagrun for example_branch_datetime_operator to 2025-06-06T00:00:00+00:00, run_after=2025-06-07T00:00:00+00:00
[2025-06-07T03:20:26.617+0000] {logging_mixin.py:151} INFO - [2025-06-07T03:20:26.616+0000] {dag.py:3696} INFO - Setting next_dagrun for example_branch_datetime_operator_2 to 2025-06-06T00:00:00+00:00, run_after=2025-06-07T00:00:00+00:00
[2025-06-07T03:20:26.618+0000] {logging_mixin.py:151} INFO - [2025-06-07T03:20:26.618+0000] {dag.py:3696} INFO - Setting next_dagrun for example_branch_datetime_operator_3 to 2025-06-06T00:00:00+00:00, run_after=2025-06-07T00:00:00+00:00
[2025-06-07T03:20:26.624+0000] {processor.py:179} INFO - Processing /home/airflow/.local/lib/python3.8/site-packages/airflow/example_dags/example_branch_datetime_operator.py took 0.039 seconds
[2025-06-07T03:20:56.997+0000] {processor.py:157} INFO - Started process (PID=265) to work on /home/airflow/.local/lib/python3.8/site-packages/airflow/example_dags/example_branch_datetime_operator.py
[2025-06-07T03:20:56.998+0000] {processor.py:829} INFO - Processing file /home/airflow/.local/lib/python3.8/site-packages/airflow/example_dags/example_branch_datetime_operator.py for tasks to queue
[2025-06-07T03:20:56.999+0000] {logging_mixin.py:151} INFO - [2025-06-07T03:20:56.999+0000] {dagbag.py:539} INFO - Filling up the DagBag from /home/airflow/.local/lib/python3.8/site-packages/airflow/example_dags/example_branch_datetime_operator.py
[2025-06-07T03:20:57.003+0000] {processor.py:839} INFO - DAG(s) dict_keys(['example_branch_datetime_operator', 'example_branch_datetime_operator_2', 'example_branch_datetime_operator_3']) retrieved from /home/airflow/.local/lib/python3.8/site-packages/airflow/example_dags/example_branch_datetime_operator.py
[2025-06-07T03:20:57.014+0000] {logging_mixin.py:151} INFO - [2025-06-07T03:20:57.014+0000] {dag.py:2915} INFO - Sync 3 DAGs
[2025-06-07T03:20:57.022+0000] {logging_mixin.py:151} INFO - [2025-06-07T03:20:57.022+0000] {dag.py:3696} INFO - Setting next_dagrun for example_branch_datetime_operator to 2025-06-06T00:00:00+00:00, run_after=2025-06-07T00:00:00+00:00
[2025-06-07T03:20:57.024+0000] {logging_mixin.py:151} INFO - [2025-06-07T03:20:57.024+0000] {dag.py:3696} INFO - Setting next_dagrun for example_branch_datetime_operator_2 to 2025-06-06T00:00:00+00:00, run_after=2025-06-07T00:00:00+00:00
[2025-06-07T03:20:57.025+0000] {logging_mixin.py:151} INFO - [2025-06-07T03:20:57.025+0000] {dag.py:3696} INFO - Setting next_dagrun for example_branch_datetime_operator_3 to 2025-06-06T00:00:00+00:00, run_after=2025-06-07T00:00:00+00:00
[2025-06-07T03:20:57.031+0000] {processor.py:179} INFO - Processing /home/airflow/.local/lib/python3.8/site-packages/airflow/example_dags/example_branch_datetime_operator.py took 0.035 seconds
