[2025-06-07T03:18:55.101+0000] {processor.py:157} INFO - Started process (PID=52) to work on /home/airflow/.local/lib/python3.8/site-packages/airflow/example_dags/example_branch_operator_decorator.py
[2025-06-07T03:18:55.102+0000] {processor.py:829} INFO - Processing file /home/airflow/.local/lib/python3.8/site-packages/airflow/example_dags/example_branch_operator_decorator.py for tasks to queue
[2025-06-07T03:18:55.103+0000] {logging_mixin.py:151} INFO - [2025-06-07T03:18:55.103+0000] {dagbag.py:539} INFO - Filling up the DagBag from /home/airflow/.local/lib/python3.8/site-packages/airflow/example_dags/example_branch_operator_decorator.py
[2025-06-07T03:18:55.108+0000] {processor.py:839} INFO - DAG(s) dict_keys(['example_branch_python_operator_decorator']) retrieved from /home/airflow/.local/lib/python3.8/site-packages/airflow/example_dags/example_branch_operator_decorator.py
[2025-06-07T03:18:55.114+0000] {logging_mixin.py:151} INFO - [2025-06-07T03:18:55.114+0000] {dag.py:2915} INFO - Sync 1 DAGs
[2025-06-07T03:18:55.127+0000] {logging_mixin.py:151} INFO - [2025-06-07T03:18:55.127+0000] {dag.py:3696} INFO - Setting next_dagrun for example_branch_python_operator_decorator to 2025-06-06T00:00:00+00:00, run_after=2025-06-07T00:00:00+00:00
[2025-06-07T03:18:55.136+0000] {processor.py:179} INFO - Processing /home/airflow/.local/lib/python3.8/site-packages/airflow/example_dags/example_branch_operator_decorator.py took 0.036 seconds
[2025-06-07T03:19:25.439+0000] {processor.py:157} INFO - Started process (PID=105) to work on /home/airflow/.local/lib/python3.8/site-packages/airflow/example_dags/example_branch_operator_decorator.py
[2025-06-07T03:19:25.440+0000] {processor.py:829} INFO - Processing file /home/airflow/.local/lib/python3.8/site-packages/airflow/example_dags/example_branch_operator_decorator.py for tasks to queue
[2025-06-07T03:19:25.440+0000] {logging_mixin.py:151} INFO - [2025-06-07T03:19:25.440+0000] {dagbag.py:539} INFO - Filling up the DagBag from /home/airflow/.local/lib/python3.8/site-packages/airflow/example_dags/example_branch_operator_decorator.py
[2025-06-07T03:19:25.444+0000] {processor.py:839} INFO - DAG(s) dict_keys(['example_branch_python_operator_decorator']) retrieved from /home/airflow/.local/lib/python3.8/site-packages/airflow/example_dags/example_branch_operator_decorator.py
[2025-06-07T03:19:25.451+0000] {logging_mixin.py:151} INFO - [2025-06-07T03:19:25.451+0000] {dag.py:2915} INFO - Sync 1 DAGs
[2025-06-07T03:19:25.458+0000] {logging_mixin.py:151} INFO - [2025-06-07T03:19:25.458+0000] {dag.py:3696} INFO - Setting next_dagrun for example_branch_python_operator_decorator to 2025-06-06T00:00:00+00:00, run_after=2025-06-07T00:00:00+00:00
[2025-06-07T03:19:25.464+0000] {processor.py:179} INFO - Processing /home/airflow/.local/lib/python3.8/site-packages/airflow/example_dags/example_branch_operator_decorator.py took 0.026 seconds
[2025-06-07T03:19:56.115+0000] {processor.py:157} INFO - Started process (PID=160) to work on /home/airflow/.local/lib/python3.8/site-packages/airflow/example_dags/example_branch_operator_decorator.py
[2025-06-07T03:19:56.116+0000] {processor.py:829} INFO - Processing file /home/airflow/.local/lib/python3.8/site-packages/airflow/example_dags/example_branch_operator_decorator.py for tasks to queue
[2025-06-07T03:19:56.117+0000] {logging_mixin.py:151} INFO - [2025-06-07T03:19:56.117+0000] {dagbag.py:539} INFO - Filling up the DagBag from /home/airflow/.local/lib/python3.8/site-packages/airflow/example_dags/example_branch_operator_decorator.py
[2025-06-07T03:19:56.122+0000] {processor.py:839} INFO - DAG(s) dict_keys(['example_branch_python_operator_decorator']) retrieved from /home/airflow/.local/lib/python3.8/site-packages/airflow/example_dags/example_branch_operator_decorator.py
[2025-06-07T03:19:56.136+0000] {logging_mixin.py:151} INFO - [2025-06-07T03:19:56.136+0000] {dag.py:2915} INFO - Sync 1 DAGs
[2025-06-07T03:19:56.145+0000] {logging_mixin.py:151} INFO - [2025-06-07T03:19:56.145+0000] {dag.py:3696} INFO - Setting next_dagrun for example_branch_python_operator_decorator to 2025-06-06T00:00:00+00:00, run_after=2025-06-07T00:00:00+00:00
[2025-06-07T03:19:56.151+0000] {processor.py:179} INFO - Processing /home/airflow/.local/lib/python3.8/site-packages/airflow/example_dags/example_branch_operator_decorator.py took 0.037 seconds
[2025-06-07T03:20:26.713+0000] {processor.py:157} INFO - Started process (PID=214) to work on /home/airflow/.local/lib/python3.8/site-packages/airflow/example_dags/example_branch_operator_decorator.py
[2025-06-07T03:20:26.713+0000] {processor.py:829} INFO - Processing file /home/airflow/.local/lib/python3.8/site-packages/airflow/example_dags/example_branch_operator_decorator.py for tasks to queue
[2025-06-07T03:20:26.714+0000] {logging_mixin.py:151} INFO - [2025-06-07T03:20:26.714+0000] {dagbag.py:539} INFO - Filling up the DagBag from /home/airflow/.local/lib/python3.8/site-packages/airflow/example_dags/example_branch_operator_decorator.py
[2025-06-07T03:20:26.718+0000] {processor.py:839} INFO - DAG(s) dict_keys(['example_branch_python_operator_decorator']) retrieved from /home/airflow/.local/lib/python3.8/site-packages/airflow/example_dags/example_branch_operator_decorator.py
[2025-06-07T03:20:26.727+0000] {logging_mixin.py:151} INFO - [2025-06-07T03:20:26.727+0000] {dag.py:2915} INFO - Sync 1 DAGs
[2025-06-07T03:20:26.736+0000] {logging_mixin.py:151} INFO - [2025-06-07T03:20:26.736+0000] {dag.py:3696} INFO - Setting next_dagrun for example_branch_python_operator_decorator to 2025-06-06T00:00:00+00:00, run_after=2025-06-07T00:00:00+00:00
[2025-06-07T03:20:26.745+0000] {processor.py:179} INFO - Processing /home/airflow/.local/lib/python3.8/site-packages/airflow/example_dags/example_branch_operator_decorator.py took 0.033 seconds
[2025-06-07T03:20:57.116+0000] {processor.py:157} INFO - Started process (PID=268) to work on /home/airflow/.local/lib/python3.8/site-packages/airflow/example_dags/example_branch_operator_decorator.py
[2025-06-07T03:20:57.116+0000] {processor.py:829} INFO - Processing file /home/airflow/.local/lib/python3.8/site-packages/airflow/example_dags/example_branch_operator_decorator.py for tasks to queue
[2025-06-07T03:20:57.117+0000] {logging_mixin.py:151} INFO - [2025-06-07T03:20:57.117+0000] {dagbag.py:539} INFO - Filling up the DagBag from /home/airflow/.local/lib/python3.8/site-packages/airflow/example_dags/example_branch_operator_decorator.py
[2025-06-07T03:20:57.121+0000] {processor.py:839} INFO - DAG(s) dict_keys(['example_branch_python_operator_decorator']) retrieved from /home/airflow/.local/lib/python3.8/site-packages/airflow/example_dags/example_branch_operator_decorator.py
[2025-06-07T03:20:57.131+0000] {logging_mixin.py:151} INFO - [2025-06-07T03:20:57.131+0000] {dag.py:2915} INFO - Sync 1 DAGs
[2025-06-07T03:20:57.139+0000] {logging_mixin.py:151} INFO - [2025-06-07T03:20:57.139+0000] {dag.py:3696} INFO - Setting next_dagrun for example_branch_python_operator_decorator to 2025-06-06T00:00:00+00:00, run_after=2025-06-07T00:00:00+00:00
[2025-06-07T03:20:57.148+0000] {processor.py:179} INFO - Processing /home/airflow/.local/lib/python3.8/site-packages/airflow/example_dags/example_branch_operator_decorator.py took 0.033 seconds
