[2025-06-07T03:18:55.724+0000] {processor.py:157} INFO - Started process (PID=66) to work on /home/airflow/.local/lib/python3.8/site-packages/airflow/example_dags/tutorial_taskflow_api.py
[2025-06-07T03:18:55.725+0000] {processor.py:829} INFO - Processing file /home/airflow/.local/lib/python3.8/site-packages/airflow/example_dags/tutorial_taskflow_api.py for tasks to queue
[2025-06-07T03:18:55.726+0000] {logging_mixin.py:151} INFO - [2025-06-07T03:18:55.726+0000] {dagbag.py:539} INFO - Filling up the DagBag from /home/airflow/.local/lib/python3.8/site-packages/airflow/example_dags/tutorial_taskflow_api.py
[2025-06-07T03:18:55.730+0000] {processor.py:839} INFO - DAG(s) dict_keys(['tutorial_taskflow_api']) retrieved from /home/airflow/.local/lib/python3.8/site-packages/airflow/example_dags/tutorial_taskflow_api.py
[2025-06-07T03:18:55.739+0000] {logging_mixin.py:151} INFO - [2025-06-07T03:18:55.739+0000] {dag.py:2915} INFO - Sync 1 DAGs
[2025-06-07T03:18:55.746+0000] {logging_mixin.py:151} INFO - [2025-06-07T03:18:55.746+0000] {dag.py:3696} INFO - Setting next_dagrun for tutorial_taskflow_api to None, run_after=None
[2025-06-07T03:18:55.755+0000] {processor.py:179} INFO - Processing /home/airflow/.local/lib/python3.8/site-packages/airflow/example_dags/tutorial_taskflow_api.py took 0.033 seconds
[2025-06-07T03:19:25.858+0000] {processor.py:157} INFO - Started process (PID=120) to work on /home/airflow/.local/lib/python3.8/site-packages/airflow/example_dags/tutorial_taskflow_api.py
[2025-06-07T03:19:25.858+0000] {processor.py:829} INFO - Processing file /home/airflow/.local/lib/python3.8/site-packages/airflow/example_dags/tutorial_taskflow_api.py for tasks to queue
[2025-06-07T03:19:25.859+0000] {logging_mixin.py:151} INFO - [2025-06-07T03:19:25.859+0000] {dagbag.py:539} INFO - Filling up the DagBag from /home/airflow/.local/lib/python3.8/site-packages/airflow/example_dags/tutorial_taskflow_api.py
[2025-06-07T03:19:25.863+0000] {processor.py:839} INFO - DAG(s) dict_keys(['tutorial_taskflow_api']) retrieved from /home/airflow/.local/lib/python3.8/site-packages/airflow/example_dags/tutorial_taskflow_api.py
[2025-06-07T03:19:25.872+0000] {logging_mixin.py:151} INFO - [2025-06-07T03:19:25.872+0000] {dag.py:2915} INFO - Sync 1 DAGs
[2025-06-07T03:19:25.880+0000] {logging_mixin.py:151} INFO - [2025-06-07T03:19:25.880+0000] {dag.py:3696} INFO - Setting next_dagrun for tutorial_taskflow_api to None, run_after=None
[2025-06-07T03:19:25.887+0000] {processor.py:179} INFO - Processing /home/airflow/.local/lib/python3.8/site-packages/airflow/example_dags/tutorial_taskflow_api.py took 0.030 seconds
[2025-06-07T03:19:56.498+0000] {processor.py:157} INFO - Started process (PID=173) to work on /home/airflow/.local/lib/python3.8/site-packages/airflow/example_dags/tutorial_taskflow_api.py
[2025-06-07T03:19:56.498+0000] {processor.py:829} INFO - Processing file /home/airflow/.local/lib/python3.8/site-packages/airflow/example_dags/tutorial_taskflow_api.py for tasks to queue
[2025-06-07T03:19:56.499+0000] {logging_mixin.py:151} INFO - [2025-06-07T03:19:56.499+0000] {dagbag.py:539} INFO - Filling up the DagBag from /home/airflow/.local/lib/python3.8/site-packages/airflow/example_dags/tutorial_taskflow_api.py
[2025-06-07T03:19:56.501+0000] {processor.py:839} INFO - DAG(s) dict_keys(['tutorial_taskflow_api']) retrieved from /home/airflow/.local/lib/python3.8/site-packages/airflow/example_dags/tutorial_taskflow_api.py
[2025-06-07T03:19:56.509+0000] {logging_mixin.py:151} INFO - [2025-06-07T03:19:56.509+0000] {dag.py:2915} INFO - Sync 1 DAGs
[2025-06-07T03:19:56.513+0000] {logging_mixin.py:151} INFO - [2025-06-07T03:19:56.513+0000] {dag.py:3696} INFO - Setting next_dagrun for tutorial_taskflow_api to None, run_after=None
[2025-06-07T03:19:56.519+0000] {processor.py:179} INFO - Processing /home/airflow/.local/lib/python3.8/site-packages/airflow/example_dags/tutorial_taskflow_api.py took 0.023 seconds
[2025-06-07T03:20:27.019+0000] {processor.py:157} INFO - Started process (PID=228) to work on /home/airflow/.local/lib/python3.8/site-packages/airflow/example_dags/tutorial_taskflow_api.py
[2025-06-07T03:20:27.023+0000] {processor.py:829} INFO - Processing file /home/airflow/.local/lib/python3.8/site-packages/airflow/example_dags/tutorial_taskflow_api.py for tasks to queue
[2025-06-07T03:20:27.024+0000] {logging_mixin.py:151} INFO - [2025-06-07T03:20:27.024+0000] {dagbag.py:539} INFO - Filling up the DagBag from /home/airflow/.local/lib/python3.8/site-packages/airflow/example_dags/tutorial_taskflow_api.py
[2025-06-07T03:20:27.027+0000] {processor.py:839} INFO - DAG(s) dict_keys(['tutorial_taskflow_api']) retrieved from /home/airflow/.local/lib/python3.8/site-packages/airflow/example_dags/tutorial_taskflow_api.py
[2025-06-07T03:20:27.035+0000] {logging_mixin.py:151} INFO - [2025-06-07T03:20:27.034+0000] {dag.py:2915} INFO - Sync 1 DAGs
[2025-06-07T03:20:27.040+0000] {logging_mixin.py:151} INFO - [2025-06-07T03:20:27.040+0000] {dag.py:3696} INFO - Setting next_dagrun for tutorial_taskflow_api to None, run_after=None
[2025-06-07T03:20:27.047+0000] {processor.py:179} INFO - Processing /home/airflow/.local/lib/python3.8/site-packages/airflow/example_dags/tutorial_taskflow_api.py took 0.029 seconds
[2025-06-07T03:20:57.424+0000] {processor.py:157} INFO - Started process (PID=282) to work on /home/airflow/.local/lib/python3.8/site-packages/airflow/example_dags/tutorial_taskflow_api.py
[2025-06-07T03:20:57.425+0000] {processor.py:829} INFO - Processing file /home/airflow/.local/lib/python3.8/site-packages/airflow/example_dags/tutorial_taskflow_api.py for tasks to queue
[2025-06-07T03:20:57.425+0000] {logging_mixin.py:151} INFO - [2025-06-07T03:20:57.425+0000] {dagbag.py:539} INFO - Filling up the DagBag from /home/airflow/.local/lib/python3.8/site-packages/airflow/example_dags/tutorial_taskflow_api.py
[2025-06-07T03:20:57.428+0000] {processor.py:839} INFO - DAG(s) dict_keys(['tutorial_taskflow_api']) retrieved from /home/airflow/.local/lib/python3.8/site-packages/airflow/example_dags/tutorial_taskflow_api.py
[2025-06-07T03:20:57.435+0000] {logging_mixin.py:151} INFO - [2025-06-07T03:20:57.435+0000] {dag.py:2915} INFO - Sync 1 DAGs
[2025-06-07T03:20:57.439+0000] {logging_mixin.py:151} INFO - [2025-06-07T03:20:57.439+0000] {dag.py:3696} INFO - Setting next_dagrun for tutorial_taskflow_api to None, run_after=None
[2025-06-07T03:20:57.448+0000] {processor.py:179} INFO - Processing /home/airflow/.local/lib/python3.8/site-packages/airflow/example_dags/tutorial_taskflow_api.py took 0.025 seconds
